03-26 13:44:26.603  3967  5180 V AlarmManager: sending alarm Alarm{bf9cc6d type 1 origWhen 1774512866602 whenElapsed 616052629 android} uid 1000 whenElapsed 616052629 windowLength 0 maxWhenElapsed 616052629 repeatInterval 0 action null component null tag StorgaeBandInfoAlarmTag flags 0x9 procName system_server
03-26 13:44:26.607  3967  5028 D osense.compress: org.altruist.BajajExperia do shrink, target ratio = 45, final ratio = 90, cur ratio = 0
03-26 13:44:27.002  1229 24048 I keystore2: system/security/keystore2/watchdog/src/lib.rs:377 - Watchdog thread idle -> terminating. Have a great day.
03-26 13:44:27.114  3967  5028 D osense.compress: com.whatsapp do shrink, target ratio = 45, final ratio = 90, cur ratio = 0
03-26 13:44:27.249  3967  5028 D osense.compress: com.android.settings do shrink, target ratio = 20, final ratio = 40, cur ratio = 0
03-26 13:44:27.608  3967  7648 D OAppNetControlService: Hans update:[10402=true][0|0] blackList:[10375, 10508, 10400, 10364, 10376, 10436, 10619, 10475, 10451, 10532, 10440, 10386, 10402]
03-26 13:44:27.613  3967  7399 D NotificationService--OplusNotificationFixHelper: fixAppIcon: pkg=android
03-26 13:44:27.613  3967  7399 D NotificationService--OplusNotificationFixHelper: fixAppIcon: appIcon = null, pkg = android
03-26 13:44:27.613  3967  7399 I OplusStatusBarManagerServiceEnhance:  getTopIsFullscreen mTopIsFullscreen: false
03-26 13:44:27.613  3967  3967 D NotificationService--OplusNotificationManagerServiceExtImpl: isForwardToAssistants: false, case : Is in mMcsNotInterceptPkgList or is isSystemApp
03-26 13:44:27.613  3967  3967 D NotificationService: This application enqueue notifications is not need postDelayed
03-26 13:44:28.606  3967  5180 V AlarmManager: sending alarm Alarm{cb9125f type 1 origWhen 1774512868605 whenElapsed 616054632 android} uid 1000 whenElapsed 616054632 windowLength 0 maxWhenElapsed 616054632 repeatInterval 0 action null component null tag StorgaeBandInfoAlarmTag flags 0x9 procName system_server
03-26 13:44:28.607  3967  7648 D OAppNetControlService: Hans update:[10402=false][0|0] blackList:[10375, 10508, 10400, 10364, 10376, 10436, 10619, 10475, 10451, 10532, 10440, 10386]
03-26 13:44:30.337  3967  8824 W ProcessStats: Tracking association SourceState{621e3ea com.oplus.pantanal.ums/10169 BFgs #1872895} whose proc state 4 is better than process ProcessState{a1bbc1c com.oplus.wirelesssettings:seed/1000 pkg=com.oplus.wirelesssettings} proc state 14 (7 skipped)
03-26 13:44:30.612  3967  5180 V AlarmManager: sending alarm Alarm{7bee90a type 1 origWhen 1774512870612 whenElapsed 616056639 android} uid 1000 whenElapsed 616056639 windowLength 0 maxWhenElapsed 616056639 repeatInterval 0 action null component null tag StorgaeBandInfoAlarmTag flags 0x9 procName system_server
03-26 13:44:30.629  3967  7150 V NetworkPolicy: updateNetworkEnabledNL() return
03-26 13:44:30.629  3967  7150 V NetworkPolicy: updateNotificationsNL not process
03-26 13:44:30.632  3967  7399 D NotificationService--OplusNotificationFixHelper: fixAppIcon: pkg=android
03-26 13:44:30.632  3967  7399 D NotificationService--OplusNotificationFixHelper: fixAppIcon: appIcon = null, pkg = android
03-26 13:44:30.633  3967  7399 I OplusStatusBarManagerServiceEnhance:  getTopIsFullscreen mTopIsFullscreen: false
03-26 13:44:30.634  3967  3967 D NotificationService--OplusNotificationManagerServiceExtImpl: isForwardToAssistants: false, case : Is in mMcsNotInterceptPkgList or is isSystemApp
03-26 13:44:30.634  3967  3967 D NotificationService: This application enqueue notifications is not need postDelayed
03-26 13:44:31.503  3967  5028 D osense.compress: de.felixnuesse.extract do shrink, target ratio = 45, final ratio = 90, cur ratio = 0
03-26 13:44:32.609  3967  5028 D osense.compress: org.altruist.BajajExperia do shrink, target ratio = 45, final ratio = 90, cur ratio = 0
03-26 13:44:32.613  3967  5180 V AlarmManager: sending alarm Alarm{e8a9512 type 1 origWhen 1774512872614 whenElapsed 616058640 android} uid 1000 whenElapsed 616058640 windowLength 0 maxWhenElapsed 616058640 repeatInterval 0 action null component null tag StorgaeBandInfoAlarmTag flags 0x9 procName system_server
03-26 13:44:32.847  3967  4252 I ActivityManager: Start proc 24198:com.routepix/u0a622 for service {com.routepix/androidx.work.impl.background.systemjob.SystemJobService}
03-26 13:44:32.848  3967  4227 I ActivityManager: ProcessObserver broadcast disabled
03-26 13:44:32.848  3967  5028 I MemoryOperationUtils: add 24198 to com.routepix
03-26 13:44:32.918  3967 13949 D ActivityTaskManagerServiceExtImpl: preBindApplication record is null
03-26 13:44:32.923  3967  5059 W JobServiceContext: Sending onNetworkChanged for a job that isn't started. JobStatus{2d88692 androidx.work.systemjobscheduler:u0a622/17 @androidx.work.systemjobscheduler@com.routepix/androidx.work.impl.background.systemjob.SystemJobService u=0 s=10622 TIME=-5s353ms:none NET READY}
03-26 13:44:32.933 24198 24198 V Configuration: Updating configuration, locales updated from [] to [en_IN]
03-26 13:44:33.178  3967  5028 D osense.compress: com.zeptoconsumerapp do shrink, target ratio = 45, final ratio = 90, cur ratio = 0
03-26 13:44:33.179  3967  5028 D osense.compress: com.samsung.android.app.notes do shrink, target ratio = 45, final ratio = 90, cur ratio = 0
03-26 13:44:33.475 24198 24198 D ResourcesManagerExtImpl: applyConfigurationToAppResourcesLocked app.getDisplayId() return callback.displayId:-1
03-26 13:44:33.527  3967  5028 D osense.compress: try do inactive compress task
03-26 13:44:33.527  3967  5028 D osense.compress: inactive do shrink, target ratio = 27, final ratio = 55, cur ratio = 0
03-26 13:44:33.541  3967  8824 I ActivityManager: Flag disabled. Ignoring finishAttachApplication from uid: 10622. pid: 24198
03-26 13:44:33.613  3967  7648 D OAppNetControlService: Hans update:[10402=true][0|0] blackList:[10375, 10508, 10400, 10364, 10376, 10436, 10619, 10475, 10451, 10532, 10440, 10386, 10402]
03-26 13:44:33.650  3967  7399 D NotificationService--OplusNotificationFixHelper: fixAppIcon: pkg=android
03-26 13:44:33.651  3967  7399 D NotificationService--OplusNotificationFixHelper: fixAppIcon: appIcon = null, pkg = android
03-26 13:44:33.651  3967  7399 I OplusStatusBarManagerServiceEnhance:  getTopIsFullscreen mTopIsFullscreen: false
03-26 13:44:33.651  3967  3967 D NotificationService--OplusNotificationManagerServiceExtImpl: isForwardToAssistants: false, case : Is in mMcsNotInterceptPkgList or is isSystemApp
03-26 13:44:33.651  3967  3967 D NotificationService: This application enqueue notifications is not need postDelayed
03-26 13:44:33.984  3967  5028 D osense.compress: com.google.android.documentsui do shrink, target ratio = 10, final ratio = 20, cur ratio = 0
03-26 13:44:34.112  3967  5162 D ActivityManager: reportOneUidFrozenStateChanged uid 10084 frozen = false
03-26 13:44:34.113  3967 13949 D ActivityManager: sync unfroze 19538 com.android.externalstorage for 7
03-26 13:44:34.293  3967  5028 D osense.compress: com.google.android.gms do shrink, target ratio = 45, final ratio = 90, cur ratio = 0
03-26 13:44:34.560  3967  5028 D osense.compress: com.linkedin.android do shrink, target ratio = 45, final ratio = 90, cur ratio = 0
03-26 13:44:34.614  3967  5180 V AlarmManager: sending alarm Alarm{d00650f type 1 origWhen 1774512874614 whenElapsed 616060641 android} uid 1000 whenElapsed 616060641 windowLength 0 maxWhenElapsed 616060641 repeatInterval 0 action null component null tag StorgaeBandInfoAlarmTag flags 0x9 procName system_server
03-26 13:44:34.615  3967  7648 D OAppNetControlService: Hans update:[10402=false][0|0] blackList:[10375, 10508, 10400, 10364, 10376, 10436, 10619, 10475, 10451, 10532, 10440, 10386]
03-26 13:44:34.692  3967  5028 D osense.compress: com.android.vending do shrink, target ratio = 35, final ratio = 70, cur ratio = 0
03-26 13:44:34.746  3967  4313 D OplusFeatureGameBrightness: lux = 26
03-26 13:44:35.071  8667  9570 W ContextImpl: Calling a method in the system process without a qualified user: android.app.ContextImpl.sendBroadcast:1296 android.content.ContextWrapper.sendBroadcast:521 com.oplus.coex.CoexRfService.sendRrcStatusToWlan:437 com.oplus.coex.CoexRfService.-$$Nest$msendRrcStatusToWlan:0 com.oplus.coex.CoexRfService$CoexRfHandler.handleMessage:327 
03-26 13:44:35.135  3967  5028 D osense.compress: net.oneplus.weather do shrink, target ratio = 45, final ratio = 90, cur ratio = 0
03-26 13:44:35.542  3967  4313 D OplusFeatureGameBrightness: lux = 82
03-26 13:44:35.784  3967  5028 D osense.compress: in.swiggy.android do shrink, target ratio = 45, final ratio = 90, cur ratio = 0
03-26 13:44:35.966  3967  5028 D osense.compress: com.sec.android.app.shealth do shrink, target ratio = 45, final ratio = 90, cur ratio = 0
03-26 13:44:36.010  3967  4306 D PowerManagerService: userActivityNoUpdateLocked: groupId=0, eventTime=363259396, event=touch, flags=0x0, uid=1000
03-26 13:44:36.012  3967  4306 D PowerManagerService: userActivityNoUpdateLocked: groupId=0, eventTime=363259396, event=touch, flags=0x0, uid=1000
03-26 13:44:36.035  3967  4246 W QosScheduler: executeSceneQosStrategy failed! qos feature no enable
03-26 13:44:36.037  3967 13949 I VibratorManagerServiceExtImpl: cancelVibrate uid=10255, pid=8303, usageFilter=-1, token=164630109
03-26 13:44:36.038  3967 13949 D FlexibleTaskController: hideZoomWindow flag = 12 ,caller = 8303
03-26 13:44:36.039  3967 13949 D FlexibleTaskController: hideZoomWindow
03-26 13:44:36.042  3967  3967 D OplusFlexibleWindowMinimizedManagerHelper: onReceive, intent = android.intent.action.CLOSE_SYSTEM_DIALOGS reason:recentapps state:0
03-26 13:44:36.051  3967  5194 D SystemGestures: detectSwipe: 2
03-26 13:44:36.051  3967  5194 D WindowManager: request show transient bar, swipeTarget = null
03-26 13:44:36.101  3967  4317 D VRR [OPlusRefreshRateService]: handleConfigIdChange physicalDisplayId: 4630946640660707475 configId: 4 renderPeriod: 8333333
03-26 13:44:36.101  3967  4317 D VRR [OPlusGameStatusManager]: updateGameState mOSyncFeatureSwitch: false mIsGamePolicy: false
03-26 13:44:36.101  3967  4317 D VRR [OPlusGameStatusManager]: updateGameAccelerationStatus pkgName: com.android.launcher mOSyncFeatureSwitch: false mIsGamePolicy: false mHeartStop: false mHasFlickerRisk: false mForceAcceleration: false mToastReady: false enable: false
03-26 13:44:36.107  3967  4306 D PowerManagerService: userActivityNoUpdateLocked: groupId=0, eventTime=363259500, event=touch, flags=0x0, uid=1000
03-26 13:44:36.108  3967  4306 D PowerManagerService: userActivityNoUpdateLocked: groupId=0, eventTime=363259500, event=touch, flags=0x0, uid=1000
03-26 13:44:36.151  3967  4317 D VRR [OPlusSAManager]: updateAutoMinfps for 4630946640660707475 with nits: 85.05277, mHistOK true, mAmbientOK true, mCctOK true, mIrOK true, mBrightnessOK true, isPkgOK true, SA min fps: 119
03-26 13:44:36.212  3967  4306 D PowerManagerService: userActivityNoUpdateLocked: groupId=0, eventTime=363259604, event=touch, flags=0x0, uid=1000
03-26 13:44:36.212  3967  4306 D PowerManagerService: userActivityNoUpdateLocked: groupId=0, eventTime=363259604, event=touch, flags=0x0, uid=1000
03-26 13:44:36.218  3967  5028 D osense.compress: com.github.android do shrink, target ratio = 45, final ratio = 90, cur ratio = 0
03-26 13:44:36.218  8303 10911 D LinearmotorVibrator: vibrate: effect=WaveformEffect { bada1ca, effectType=1, effectStrength=-1, effectLoop=false, ringtoneVibrateType=-1, isRingtoneCustomized=false, ringtoneFilePath=, strengthSettingEnabled=true, asynchronous=false, usageHint=0 }
03-26 13:44:36.219  3967 13949 I VibratorManagerServiceExtImpl: vibrate is uid=10255, pid=8303, opPkg=com.android.launcher, effect=Mono{mEffect=Composed{segments=[OplusVibrationEffectSegment{mEffectId=1, mEffectStrength=-1, mRingtonePath=''}], repeat=-1}}, attributes=VibrationAttributes{mUsage=UNKNOWN, mAudioUsage= USAGE_UNKNOWN, mFlags=0}, reason=null, token=164630109
03-26 13:44:36.219  3967  8824 D ActivityTaskManager: Skipping, invisible task: Task{1768a4c #5 type=home I=com.android.launcher/.Launcher}
03-26 13:44:36.219  3967  8824 D OplusSplitScreenManagerService: com.android.settings unSupportsSplitScreen by blockList or ForbidActivityList
03-26 13:44:36.220  3967  8824 D ActivityTaskManager: after skip size:3,pre-Filtered:com.routepix # com.android.settings # com.github.android # 
03-26 13:44:36.220  3967  7886 I AccessibilityWindowsPopulator: getInsensibleFlag flag = 0
03-26 13:44:36.220  3967  5167 W VibrationScaler: Got unexpected vibration intensity: 2400
03-26 13:44:36.220  3967  5167 D VibrationThread: Perform OplusPrebakedSegment{mWaveformId=2, mDuration=45, mEffectStrength=2400, mDefaultUsage=TOUCH} on vibrator 0
03-26 13:44:36.316  3967  4306 D PowerManagerService: userActivityNoUpdateLocked: groupId=0, eventTime=363259708, event=touch, flags=0x0, uid=1000
03-26 13:44:36.316  3967  4306 D PowerManagerService: userActivityNoUpdateLocked: groupId=0, eventTime=363259708, event=touch, flags=0x0, uid=1000
03-26 13:44:36.380  3967  7886 I VibratorManagerServiceExtImpl: cancelVibrate uid=10255, pid=8303, usageFilter=-1, token=164630109
03-26 13:44:36.381  3967  7886 I StatusBarManagerService: disableLocked, what:920000, pkg:com.android.launcher userId: 0 token:android.os.BinderProxy@ba44d1b net1:920000 net2:0
03-26 13:44:36.382  3967  8824 D OplusWallpaperAnimationManager: cancelSurfaceAnimation reason: play_animation, isAnimating: false, by window: Window{feb4162 u0 com.android.launcher/com.android.launcher.Launcher}
03-26 13:44:36.382  3967  8824 D OplusWallpaperAnimationManager: startScaleAnimation frame: Rect(0, 0 - 1080, 2344) parentFrame: Rect(0, 0 - 1080, 2344) from: 1.0 to: 1.2 duration: 650 mTargetZoom: -1.0 targetZoom: -1.0 by window: Window{feb4162 u0 com.android.launcher/com.android.launcher.Launcher}
03-26 13:44:36.382  3967  4231 D OplusWallpaperSurfaceAnimation: setAnimationState curState: INITIALIZED
03-26 13:44:36.383  3967  4231 D OplusWallpaperAnimationManager: onAnimationStart
03-26 13:44:36.383  3967  4231 D OplusWallpaperAnimationManager: setSkipUpdateWallpaperPosition skip: true, wallpaper: Window{3ace27e u0 com.android.systemui.wallpapers.ImageWallpaper}
03-26 13:44:36.383  3967  4231 D OplusWallpaperSurfaceAnimation: setAnimationState curState: STARTED
03-26 13:44:36.480  3967  4246 W QosScheduler: executeSceneQosStrategy failed! qos feature no enable
03-26 13:44:36.618  3967  5180 V AlarmManager: sending alarm Alarm{1b7f491 type 1 origWhen 1774512876618 whenElapsed 616062645 android} uid 1000 whenElapsed 616062645 windowLength 0 maxWhenElapsed 616062645 repeatInterval 0 action null component null tag StorgaeBandInfoAlarmTag flags 0x9 procName system_server
03-26 13:44:36.652  3967  4317 D VRR [OPlusSAManager]: updateAutoMinfps for 4630946640660707475 with nits: 85.05277, mHistOK true, mAmbientOK true, mCctOK true, mIrOK true, mBrightnessOK true, isPkgOK true, SA min fps: 119
03-26 13:44:36.669  3967  7150 V NetworkPolicy: updateNetworkEnabledNL() return
03-26 13:44:36.669  3967  7150 V NetworkPolicy: updateNotificationsNL not process
03-26 13:44:36.676  3967  7399 D NotificationService--OplusNotificationFixHelper: fixAppIcon: pkg=android
03-26 13:44:36.676  3967  7399 D NotificationService--OplusNotificationFixHelper: fixAppIcon: appIcon = null, pkg = android
03-26 13:44:36.676  3967  7399 I OplusStatusBarManagerServiceEnhance:  getTopIsFullscreen mTopIsFullscreen: false
03-26 13:44:36.676  3967  3967 D NotificationService--OplusNotificationManagerServiceExtImpl: isForwardToAssistants: false, case : Is in mMcsNotInterceptPkgList or is isSystemApp
03-26 13:44:36.676  3967  3967 D NotificationService: This application enqueue notifications is not need postDelayed
03-26 13:44:36.847  3967  4306 D PowerManagerService: userActivityNoUpdateLocked: groupId=0, eventTime=363260237, event=touch, flags=0x0, uid=1000
03-26 13:44:36.847  3967  4306 D PowerManagerService: userActivityNoUpdateLocked: groupId=0, eventTime=363260237, event=touch, flags=0x0, uid=1000
03-26 13:44:36.860  3967  4229 W AccessibilityWindowsPopulator: Windows change within in 2 frames continuously over 500 ms and notify windows changed immediately
03-26 13:44:36.860  3967  4229 I AccessibilityWindowsPopulator: getInsensibleFlag flag = 0
03-26 13:44:36.896  3967 13949 D OplusFlexibleWindowMinimizedManagerHelper: needExitMinimizedBeforeStartRecent mode:-1
03-26 13:44:36.896  3967 13949 E OplusSplitScreenManagerService: checkCallingFromSystemUI, caller is not SystemUI, callerUid=10255, SystemUI uid=10264
03-26 13:44:36.896  3967 13949 D CompactServiceDelegate: updateDecorsManagerIfNeed return because not attachToProcess task:Task{374afe6 #63049 type=standard A=10622:com.routepix}
03-26 13:44:36.897  3967 13949 D FlexibleTaskController: onStartActivityFromRecents task:Task{374afe6 #63049 type=standard A=10622:com.routepix}, options:ActivityOptions(181927741), mPackageName=null, mAnimationType=13, mStartX=0, mStartY=0, mWidth=0, mHeight=0, mLaunchDisplayId=0 ,taskForceMaximized:false ,isFlexibleTask:false ,pendingLaunchZoom:false ,zoomLaunchFlags:3 ,forceLaunchZoom:false
03-26 13:44:36.897  3967 13949 I TaskFragmentExtImpl: reset pause in recents anim for mTaskFragment: Task{374afe6 #63049 type=standard A=10622:com.routepix}
03-26 13:44:36.897  3967 13949 D FlexibleTaskController: shouldKeepFlexibleTask flexibleTask not active.
03-26 13:44:36.897  3967 13949 E OplusAppQuickStart_AppQuickStartController: notifyStartActivityFromRecents task:Task{374afe6 #63049 type=standard A=10622:com.routepix} mStartFromRecents:true mStartFromSlide:false callingUid:10255
03-26 13:44:36.897  3967  4246 W QosScheduler: executeSceneQosStrategy failed! qos feature no enable
03-26 13:44:36.897  3967 13949 D MultiApp-CMAService: shouldSkipRedirect, is startActivityFromRecent
03-26 13:44:36.898  3967 13949 D WindowManager: NFW_setClientVisible:ActivityRecord{32860672 u0 com.routepix/.MainActivity clientVisible:true
03-26 13:44:36.899  3967 13949 D FlexibleTaskController: isSupportFlexibleWindow target = com.routepix/.MainActivity callPkg = FlexibleTaskController support = true ,caller = 3967
03-26 13:44:36.899  3967 13949 D CompatChangeReporter: Compat change id reported: 306666082; UID 10622; state: ENABLED
03-26 13:44:36.899  3967 13949 D ActivityStarterExtImpl: do not intercept for realCallingAppIsHomeApp or CallingAppIsHomeApp
03-26 13:44:36.899  3967  4246 W QosScheduler: executeSceneQosStrategy failed! qos feature no enable
03-26 13:44:36.899  3967  4246 W QosScheduler: executeSceneQosStrategy failed! qos feature no enable
03-26 13:44:36.899  3967 13949 D FlexibleWindowManagerService: isIgnoreAppearedAcrossTask:false
03-26 13:44:36.900  3967 13949 D ActivityStarterExtImpl: setForceUpdateWindow, targetTask = Task{374afe6 #63049 type=standard A=10622:com.routepix} r = ActivityRecord{32860672 u0 com.routepix/.MainActivity t-1} notFinish =false
03-26 13:44:36.900  3967 13949 D FlexibleWindowManagerService: isIgnoreAppearedAcrossTask:false
03-26 13:44:36.900  3967 13949 D FlexibleTaskController: findSourceTaskForFreeForm: sourceRecord = null ,realCallingPid:8303 ,launchFromZoomMode:false ,prevTopTask:Task{1768a4c #5 type=home I=com.android.launcher/.Launcher}
03-26 13:44:36.900  3967 13949 D FlexibleTaskController: findSourceTaskForFreeForm: the caller is not a flexible freeform window application and does not have a zoom windowMode startup parameter
03-26 13:44:36.900  3967 13949 D FlexibleTaskController: adjustOptionsForFlexibleTask not allow options follow process task's options, reason:9 ,reusedOptions:null
03-26 13:44:36.900  3967 13949 D FlexibleTaskController: isSupportFlexibleWindow target = com.routepix/.MainActivity callPkg = FlexibleTaskController support = true ,caller = 3967
03-26 13:44:36.900  3967 13949 D FlexibleWindowManagerService: no reused task found for ActivityRecord{32860672 u0 com.routepix/.MainActivity t-1}
03-26 13:44:36.900  3967 13949 D BackgroundActivityStartControllerExtImpl: The realCallingUid is home, start activity from background is allowed.
03-26 13:44:36.900  3967 13949 D ActivityStarterExtImpl: isLaunchingRootActivity = true
03-26 13:44:36.902  3967 13949 D OplusStartingWindowManager: we don't revise window flags for third app
03-26 13:44:36.902  3967 13949 D ActivityTaskManager: validateStartingWindowTheme:  Pkg=com.routepix, Translucent=false, Floating=false, ShowWallpaper=false, Disable=false, LaunchSource=2, Prev=null, LaunchedFromPackage=com.google.android.packageinstaller
03-26 13:44:36.902  3967 13949 D ActivityTaskManager: addStartingWindow for ActivityRecord{32860672 u0 com.routepix/.MainActivity t63049}, mainWin=null, state=INITIALIZING, isKeyguardLocked=false, isKeyguardGoingAway=false
03-26 13:44:36.902  3967 13949 D ActivityTaskManager: getStartingWindowType: , newTask=true, taskSwitch=true, processRunning=true, allowTaskSnapshot=true, activityCreated=false, activityAllDrawn=false, snapshot exist: false
03-26 13:44:36.902  3967 13949 D ActivityRecordExtImpl: handleStartingWindowForCompactWindow origin type:2, adjustType : 2
03-26 13:44:36.903  8050  8144 D PhoneStartingWindowTypeAlgorithm: preferredStartingWindowType newTask=true, taskSwitch=true, processRunning=true, allowTaskSnapshot=true, activityCreated=false, isSolidColorSplashScreen=false, legacySplashScreen=false, activityDrawn=false, windowless=false, topIsHome=false
03-26 13:44:36.903  8050  8144 D OplusShellStartingWindowManager: getReviseStartingWindowType not support, windowInfo is null
03-26 13:44:36.903  3967  4246 W UserAwareMgr: can not find match thread: UiThreadHelper for process system_server Pid: 3967
03-26 13:44:36.904  8050  8095 V WindowManagerShell: Transition requested (#11249): android.os.BinderProxy@7c9a052 TransitionRequestInfo { type = OPEN, triggerTask = TaskInfo{userId=0 taskId=63049 effectiveUid=10622 displayId=0 isRunning=true baseIntent=Intent { act=android.intent.action.MAIN cat=[android.intent.category.LAUNCHER] flg=0x34100000 pkg=com.routepix cmp=com.routepix/.MainActivity mCallingUid=10300 } baseActivity=ComponentInfo{com.routepix/com.routepix.MainActivity} topActivity=ComponentInfo{com.routepix/com.routepix.MainActivity} origActivity=null realActivity=ComponentInfo{com.routepix/com.routepix.MainActivity}
03-26 13:44:36.904  8050  8095 V WindowManagerShell:  numActivities=1 lastActiveTime=616023631 supportsSplitScreenMultiWindow=true supportsMultiWindow=true supportsPocketStudioMultiWindow=true isInFlexibleEmbedded = false uid = 10622 pid = 0 resizeMode=1 isResizeable=true minWidth=-1 minHeight=-1 defaultMinSize=220 token=WCT{android.window.IWindowContainerToken$Stub$Proxy@11e6f23} topActivityType=1 pictureInPictureParams=null shouldDockBigOverlays=false launchIntoPipHostTaskId=-1 lastParentTaskIdBeforePip=-1 displayCutoutSafeInsets=Rect(0, 120 - 0, 0)
03-26 13:44:36.904  8050  8095 V WindowManagerShell:  topActivityInfo=ActivityInfo{7e42c20 com.routepix.MainActivity} launchCookies=[] positionInParent=Point(0, 0) parentTaskId=-1 isFocused=false isVisible=false isVisibleRequested=false isTopActivityNoDisplay=false isSleeping=false locusId=null displayAreaFeatureId=1 isTopActivityTransparent=false isActivityStackTransparent=false lastNonFullscreenBounds=Rect(278, 692 - 802, 1772) capturedLink=null capturedLinkTimestamp=0 requestedVisibleTypes=-9 topActivityRequestOpenInBrowserEducationTimestamp=0
03-26 13:44:36.904  8050  8095 V WindowManagerShell:  appCompatTaskInfo=AppCompatTaskInfo { topActivityInSizeCompat=false topActivityInOplusCompatMode=false eligibleForLetterboxEducation= false isLetterboxEducationEnabled= false isLetterboxDoubleTapEnabled= false eligibleForUserAspectRatioButton= false topActivityBoundsLetterboxed= false isFromLetterboxDoubleTap= false topActivityLetterboxVerticalPosition= -1 topActivityLetterboxHorizontalPosition= -1 topActivityLetterboxWidth=-1 topActivityLetterboxHeight=-1 topActivityAppBounds=Rect(0, 0 - 1080, 2344) isUserFullscreenOverrideEnabled=false isSystemFullscreenOverrideEnabled=false hasMinAspectRatioOverride=false topActivityLetterboxBounds=null cameraCompatTaskInfo=CameraCompatTaskInfo { freeformCameraCompatMode=inactive}} topActivityMainWindowFrame=null topActivityLetterboxInsets=Rect(0, 0 - 0, 0)
03-26 13:44:36.904  8050  8095 V WindowManagerShell:  mOplusExtraBundle = Bundle[mParcelledData.dataSize=1456]}, pipChange = null, remoteTransition = RemoteTransition { remoteTransition = android.window.IRemoteTransition$Stub$Proxy@258b9d9, appThread = android.app.IApplicationThread$Stub$Proxy@f3d6f9e, debugName = QuickstepLaunch }, displayChange = null, flags = 0, debugId = 11249 }
03-26 13:44:36.904  3967 13949 D osense.compress: notifyActivityLaunched pkgName = com.routepix, userId = 0
03-26 13:44:36.904  8050  8095 D ShellSplitScreen: logExit: no-op, mLoggerSessionId is null
03-26 13:44:36.904  8050  8144 D OplusShellStartingWindowManager: adjustSuggestedWindowType originType: 1, wi: StartingWindowInfo{taskId=63049 targetActivityInfo=null displayId=0 topActivityType=1 preferredStartingWindowType=8f mainWindowLayoutParams=null splashScreenThemeResId 7f0e000c, exi: OplusStartingWindowExtendedInfo{mAppToken=android.os.BinderProxy@75eda7f, mSupportSplashScreenPreview=false, mIsSystemApp=false, mIsExceptionListApp=false, mPreviewBitmap=null, mShouldDrawBackground=false, mForceLightMode=false, mForceNightMode=false, mNotSupportNightMode=false, mForcePreview=false, mForceBigIcon=false, mQuickStartingSurface=null, mForceSolidColorSplash=false}
03-26 13:44:36.904  8050  8144 D OplusShellStartingWindowManager: adjustSuggestedWindowType: skip no-system app and no-exception list app
03-26 13:44:36.904  8050  8095 V WindowManagerShell: RemoteTransition directly requested for (#11249) android.os.BinderProxy@7c9a052: RemoteTransition { remoteTransition = android.window.IRemoteTransition$Stub$Proxy@258b9d9, appThread = android.app.IApplicationThread$Stub$Proxy@f3d6f9e, debugName = QuickstepLaunch }
03-26 13:44:36.904  3967 13949 I ActivityTaskManager: START u0 {act=android.intent.action.MAIN cat=[android.intent.category.LAUNCHER] flg=0x34100000 xflg=0x4 pkg=com.routepix cmp=com.routepix/.MainActivity mCallingUid=1000} with LAUNCH_MULTIPLE from uid 10300 (realCallingUid=10255) (BAL_ALLOW_VISIBLE_WINDOW [realCaller] (realCallingUid has visible window)) result code=0
03-26 13:44:36.904  8050  8095 V WindowManagerShell: Transition (#11249): request handled by DefaultMixedHandler
03-26 13:44:36.904  3967  7886 D CompatChangeReporter: Compat change id reported: 309578419; UID 10622; state: ENABLED
03-26 13:44:36.905  8050  8145 D ShellStartingWindow: getWindowAttrs SplashScreenWindowAttrs{ mWindowBgResId: 10602ea, mWindowBgColor: 0, mWindowBgImage: false, mSplashScreenIcon: false, mBrandingImage: false, mIconBgColor: 0, uiMode: 0}
03-26 13:44:36.905  8050  8145 I ShellStartingWindow: makeSplashScreenContentView themeBGColor: fffafafa, isDark: true, last config hash: -1684692560
03-26 13:44:36.905  3967  4230 D FlexibleWindowManagerService: onFlexibleWindowTaskAppeared: task = 63049, visible = false
03-26 13:44:36.905  3967  4230 D OplusFlexibleWindowMinimizedManagerHelper: onTaskAppered taskInfo:63049
03-26 13:44:36.906  3967  4230 D OplusFlexibleDragToSplitAnimController: visibleFlexibleTaskInfos delete:63049
03-26 13:44:36.906  3967  4230 E FlexibleWindowManagerService: notifyTaskObserverToAttachController not need to notify!
03-26 13:44:36.906  3967  4230 D FlexibleWindowManagerService: should not dispatch appeared task Task{374afe6 #63049 type=standard A=10622:com.routepix}
03-26 13:44:36.906  3967 14003 I AppSnapshotController: attachStartingWindow, win = Window{c375330 u0 Splash Screen com.routepix}, shouldAppSnapshot = false
03-26 13:44:36.906  3967 14003 D ActivityTaskManager: attachStartingWindow: mStartingData=SplashScreenStartingData{2f8152e removeAfterTransaction= 0}, mAssociatedTask=null, mStartingWindow=Window{c375330 u0 Splash Screen com.routepix}
03-26 13:44:36.906  3967 14003 I WindowManager: addWindow: New client android.os.BinderProxy@5588873 : window=Window{c375330 u0 Splash Screen com.routepix}
03-26 13:44:36.908  3967  8824 D RefreshRate: boostRefreshId choose max:currentRefreshRate:120.00001 targetRefreshRate:60.0 mCurrentPickRate:120.00001
03-26 13:44:36.908  3967  8824 D RefreshRate: Trigger app switch boost, ar=ActivityRecord{32860672 u0 com.routepix/.MainActivity t63049},currDisplayRate=120.00001,boostId=3
03-26 13:44:36.908  3967  8824 D RefreshRate: setDisplayConfigSpecs complete: targetMode={id=4, width=1080, height=2344, fps=120.00001, vsync=120.00001, synthetic=false, alternativeRefreshRates=[60.000004, 90.0], supportedHdrTypes=[1, 2, 3, 4]},srcMode={id=4, width=1080, height=2344, fps=120.00001, vsync=120.00001, synthetic=false, alternativeRefreshRates=[60.000004, 90.0], supportedHdrTypes=[1, 2, 3, 4]},sfModId=4,rate=120.00001
03-26 13:44:36.908  3967  8824 D RefreshRate: startAppSwitchBoost targetMode={id=4, width=1080, height=2344, fps=120.00001, vsync=120.00001, synthetic=false, alternativeRefreshRates=[60.000004, 90.0], supportedHdrTypes=[1, 2, 3, 4]} record=ActivityRecord{32860672 u0 com.routepix/.MainActivity t63049}: votes=PRIORITY_START_ANIMATION_BOOST -> Vote{mRefreshRate=120.0, mMinRefreshRate=120.0, mRequestSource=null};PRIORITY_WINDOW_REQUEST -> Vote{mRefreshRate=120.0, mMinRefreshRate=120.0, mRequestSource=null};
03-26 13:44:36.908  3967  4317 D RefreshRate: do setDisplayConfigSpecs  
03-26 13:44:36.908  3967  7381 D JobSchedulerServiceExtImpl: updateOsenseRestrictMode for 1 true false
03-26 13:44:36.909  3967  8824 I ActivityTaskManager: The Process com.routepix Already Exists in BG. So sending its PID: 24198
03-26 13:44:36.909  3967  4317 D DisplayModeDirector: setAppRequest displayId : 0  modeId: 4  requestedRefreshRate: 120.00001  requestedMinRefreshRateRange: 120.00001  requestedMaxRefreshRateRange: 120.00001
03-26 13:44:36.909  3967  4313 D OplusFeatureDMR[display=0]: onConfigChanged threadId=71 threadName=OplusDisplayWorkHandler physicalDisplayId=4630946640660707475 modeId=4  
03-26 13:44:36.909  3967  8824 D ActivityTaskManager: setAppVisibility(Token{748907e ActivityRecord{32860672 u0 com.routepix/.MainActivity t63049}}, visible=true):  visible=false mVisibleRequested=false
03-26 13:44:36.909  3967  8824 D ActivityTaskManager: setVisibility(Token{748907e ActivityRecord{32860672 u0 com.routepix/.MainActivity t63049}}, visible=true) defer commitVisibility for transition collecting
03-26 13:44:36.909  3967  8824 D ActivityTaskManager: setAppVisibility(Token{a90ba77 ActivityRecord{64912933 u0 com.android.launcher/.Launcher t5}}, visible=false):  visible=true mVisibleRequested=true
03-26 13:44:36.909  3967  8824 D ActivityTaskManager: setVisibility(Token{a90ba77 ActivityRecord{64912933 u0 com.android.launcher/.Launcher t5}}, visible=false) defer commitVisibility for transition collecting
03-26 13:44:36.909  3967  8824 D FlexibleTaskController: isFullToFlexibleAnimating: false
03-26 13:44:36.909  3967  8824 D WindowManager: rotation(ROTATION_0) no changed  displayId = 0, lastOrientation = -1
03-26 13:44:36.910  3967  8824 I TaskOrganizerController: onTaskInfoChanged taskid 63049 config { mBounds=Rect(0, 0 - 1080, 2344) mAppBounds=Rect(0, 0 - 1080, 2344) mMaxBounds=Rect(0, 0 - 1080, 2344) mDisplayRotation=ROTATION_0 mWindowingMode=fullscreen mActivityType=standard mAlwaysOnTop=undefined mRotation=ROTATION_0}
03-26 13:44:36.910  3967  8824 D OplusFlexibleDragToSplitAnimController: visibleFlexibleTaskInfos delete:63049
03-26 13:44:36.910  3967  8824 E FlexibleWindowManagerService: notifyTaskObserverToAttachController not need to notify!
03-26 13:44:36.910  3967  8824 I FlexibleWindowManagerService: onFlexibleWindowTaskInfoChanged, return for cur task not embedded
03-26 13:44:36.910  3967  8824 D ActivityTaskManager: setAppVisibility(Token{748907e ActivityRecord{32860672 u0 com.routepix/.MainActivity t63049}}, visible=true):  visible=false mVisibleRequested=true
03-26 13:44:36.910  3967  8824 D ActivityTaskManager: setVisibility(Token{748907e ActivityRecord{32860672 u0 com.routepix/.MainActivity t63049}}, visible=true) defer commitVisibility for transition collecting
03-26 13:44:36.910  3967  8824 D OplusDexOptimizeManager: androidPackage inappropriate state!
03-26 13:44:36.910  3967  8824 D CompatChangeReporter: Compat change id reported: 324203798; UID 10622; state: ENABLED
03-26 13:44:36.911  3967  8824 D ActivityTaskManager: onWindowFocusChanged Task{374afe6 #63049 type=standard A=10622:com.routepix} would transfer to compact
03-26 13:44:36.911  3967  4246 I UserAwareMgr: handleTopAppChanged: com.routepix, pid: 24198, uid: 10622
03-26 13:44:36.911  3967  4246 I UserAwareMgr: can not find matched top app: com.routepix
03-26 13:44:36.911  3967  8824 D ActivityTaskManager: NFW_setLastResumedActivityUncheckLocked:true r:ActivityRecord{32860672 u0 com.routepix/.MainActivity t63049} currentFocus:Window{feb4162 u0 com.android.launcher/com.android.launcher.Launcher}
03-26 13:44:36.911  3967  8824 D WindowManager: NFW_findFocusedWindowIfNeeded:null mCurrentFocus:Window{feb4162 u0 com.android.launcher/com.android.launcher.Launcher}
03-26 13:44:36.911  3967  8824 D WindowManager: attachImeScreenshotOnTargetIfNeeded, mImeHiding = false, requestedVisibleTypes = -9
03-26 13:44:36.911  3967  8824 V WindowManager: Changing focus from Window{feb4162 u0 com.android.launcher/com.android.launcher.Launcher} to null,diplayid=0
03-26 13:44:36.911  3967  8824 D FlexibleTaskController: onTaskFocusChanged prevTask:Task{1768a4c #5 type=home I=com.android.launcher/.Launcher} ,currentTask:Task{374afe6 #63049 type=standard A=10622:com.routepix}, reason: realStartActivityLocked - onActivityStateChanged
03-26 13:44:36.911  3967  8824 D OplusFlexibleDCSManager: onNextPkgChanged pkg = com.routepix
03-26 13:44:36.912  3967  8824 I OplusJoystickManager: handleApplicationSwitch deprecated!
03-26 13:44:36.912  3967  8824 I GameManagerServiceExt-GameManagerServiceExt: on FG change: com.android.launcher|com.routepix
03-26 13:44:36.912  3967  8824 D InsetsSourceProvider: updateSourceFrameForServerVisibility mandatorySystemGestures EMPTY_RECT
03-26 13:44:36.913  3967  8824 D InsetsSourceProvider: updateSourceFrameForServerVisibility mandatorySystemGestures EMPTY_RECT
03-26 13:44:36.913  3967  8824 D DisplayModeDirector: setAppRequest displayId : 0  modeId: 4  requestedRefreshRate: 0.0  requestedMinRefreshRateRange: 0.0  requestedMaxRefreshRateRange: 120.00001
03-26 13:44:36.913  3967  8824 I TaskOrganizerController: onTaskInfoChanged taskid 1 config { mBounds=Rect(0, 0 - 1080, 2344) mAppBounds=Rect(0, 0 - 1080, 2344) mMaxBounds=Rect(0, 0 - 1080, 2344) mDisplayRotation=ROTATION_0 mWindowingMode=fullscreen mActivityType=home mAlwaysOnTop=undefined mRotation=ROTATION_0}
03-26 13:44:36.914  3967  8824 D OplusVisibleTasks:  notifyTaskFocusChange no need.
03-26 13:44:36.914  3967  8824 D OplusFlexibleDragToSplitAnimController: visibleFlexibleTaskInfos delete:1
03-26 13:44:36.914  3967  8824 E FlexibleWindowManagerService: notifyTaskObserverToAttachController not need to notify!
03-26 13:44:36.914  3967  8824 I FlexibleWindowManagerService: onFlexibleWindowTaskInfoChanged, return for cur task not embedded
03-26 13:44:36.914  3967  8824 I TaskOrganizerController: onTaskInfoChanged taskid 63049 config { mBounds=Rect(0, 0 - 1080, 2344) mAppBounds=Rect(0, 0 - 1080, 2344) mMaxBounds=Rect(0, 0 - 1080, 2344) mDisplayRotation=ROTATION_0 mWindowingMode=fullscreen mActivityType=standard mAlwaysOnTop=undefined mRotation=ROTATION_0}
03-26 13:44:36.914  3967  8824 D OplusFlexibleDragToSplitAnimController: visibleFlexibleTaskInfos delete:63049
03-26 13:44:36.914  3967  8824 E FlexibleWindowManagerService: notifyTaskObserverToAttachController not need to notify!
03-26 13:44:36.914  3967  8824 I FlexibleWindowManagerService: onFlexibleWindowTaskInfoChanged, return for cur task not embedded
03-26 13:44:36.914  3967  4313 D OplusAppSwitchListener: App Activity Change
03-26 13:44:36.914 24198 24306 I DisplayManager: Choreographer implicitly registered for the refresh rate.
03-26 13:44:36.914  3967  4313 D OplusAppSwitchListener: Detect com.android.launcher switch to background
03-26 13:44:36.916  8050  8095 D WindowManagerShell: setLauncherKeepClearAreaHeight: visible=false, height=225
03-26 13:44:36.916  3967  4265 E OplusThermalStats: Error getting package info: com.routepix
03-26 13:44:36.916  3967  4317 D VRR [OPlusRefreshRateService]:  setDirectorStates [flag: 1, state: 1, directorStateOff: 1]
03-26 13:44:36.917  3967  4313 D OplusFeatureReduceBrightness: onAppExit , info = com.android.launcher
03-26 13:44:36.917  3967  4313 D OplusAppSwitchListener: Detect com.routepix switch to foreground
03-26 13:44:36.917  3967  4313 W OplusFeatureGlobalLimitBrightness: switch to display normal mode 
03-26 13:44:36.918  3967  4313 E OplusHwDisplayRusAdfr: panel id 0 config param is invalid and xml version = -1
03-26 13:44:36.918 24198 24198 D ResourcesManagerExtImpl: applyConfigurationToAppResourcesLocked app.getDisplayId() return callback.displayId:0
03-26 13:44:36.919  3967  8533 D OplusEapManager: mTargetExitName :com.android.launcher
03-26 13:44:36.920  3967  4305 D OplusBiometricsDisplayHelper: isFold: false, isUnblockByFp: null
03-26 13:44:36.921  8050  8145 D ShellStartingWindow: inconsize = 480
03-26 13:44:36.921  3967  8533 D OplusAppSwitchRuleInfo: generateAppEnterInfo - launch_source_type = launcherRecentTask , launch_source_traceid = 
03-26 13:44:36.921  3967  8533 D OplusAppSwitchRuleInfo: generateAppEnterInfo - launch_source_type = launcherRecentTask , launch_source_traceid = 
03-26 13:44:36.921  3967  8533 D OplusEapManager: mTargetEnterName :com.routepix
03-26 13:44:36.921  3967  8533 D OplusAppSwitchRuleInfo: generateAppEnterInfo - launch_source_type = launcherRecentTask , launch_source_traceid = 
03-26 13:44:36.921  3967  8533 D OplusAppSwitchRuleInfo: generateAppEnterInfo - launch_source_type = launcherRecentTask , launch_source_traceid = 
03-26 13:44:36.921  3967  8367 D NativeFreezeManager: freezeForAppSwitchScene mAppLaunchFzDxEnable enter, mFgAppPkgname com.routepix
03-26 13:44:36.922  3967  9912 E KernelCpuUidFreqTimeReader: Negative delta from freq time for uid: 90000, delta: -1
03-26 13:44:36.922  3967  9912 E KernelCpuUidFreqTimeReader: Negative delta from freq time for uid: 90002, delta: -615
03-26 13:44:36.922  3967  9912 E KernelCpuUidFreqTimeReader: Negative delta from freq time for uid: 90003, delta: -88
03-26 13:44:36.922  3967  9912 E KernelCpuUidFreqTimeReader: Negative delta from freq time for uid: 90004, delta: -1531
03-26 13:44:36.922  3967  9912 E KernelCpuUidFreqTimeReader: Negative delta from freq time for uid: 90005, delta: -7
03-26 13:44:36.922  3967  9912 E KernelCpuUidFreqTimeReader: Negative delta from freq time for uid: 99016, delta: -253
03-26 13:44:36.922  3967  9912 E KernelCpuUidFreqTimeReader: Negative delta from freq time for uid: 99032, delta: -31
03-26 13:44:36.922  3967  9912 E KernelCpuUidFreqTimeReader: Negative delta from freq time for uid: 99033, delta: -21
03-26 13:44:36.922  3967  9912 E KernelCpuUidFreqTimeReader: Negative delta from freq time for uid: 99035, delta: -9
03-26 13:44:36.923  3967  4317 D VRR [OPlusRefreshRateService]: handleFrontAppChange pkgName: com.routepix
03-26 13:44:36.924  3967  8824 V WindowManager: Relayout Window{c375330 u0 Splash Screen com.routepix}: viewVisibility=0, oldvis=0, req=1080x2344 , apr = 8, vsysui=, x=0, y=0
03-26 13:44:36.924  3967  8824 I WindowManager: Window{c375330 u0 Splash Screen com.routepix} state from NO_SURFACE to DRAW_PENDING; reason: resetDrawState
03-26 13:44:36.925  3967  8533 D OplusAppSwitchRuleInfo: generateAppEnterInfo - launch_source_type = launcherRecentTask , launch_source_traceid = 
03-26 13:44:36.925  3967  8533 D OplusAppSwitchRuleInfo: generateAppEnterInfo - launch_source_type = launcherRecentTask , launch_source_traceid = 
03-26 13:44:36.925  3967  8533 D OplusAppSwitchRuleInfo: generateAppEnterInfo - launch_source_type = launcherRecentTask , launch_source_traceid = 
03-26 13:44:36.925  3967  8533 D OplusAppSwitchRuleInfo: generateAppEnterInfo - launch_source_type = launcherRecentTask , launch_source_traceid = 
03-26 13:44:36.925  3967  8824 D InsetsSourceProvider: updateSourceFrameForServerVisibility mandatorySystemGestures EMPTY_RECT
03-26 13:44:36.926  3967  8824 D InsetsSourceProvider: updateSourceFrameForServerVisibility mandatorySystemGestures EMPTY_RECT
03-26 13:44:36.926  3967  4317 D VRR [OPlusSAManager]: updateAutoMinfps for 4630946640660707475 with nits: 85.05277, mHistOK true, mAmbientOK true, mCctOK true, mIrOK true, mBrightnessOK true, isPkgOK true, SA min fps: 119
03-26 13:44:36.926  3967  8824 I TaskOrganizerController: onTaskInfoChanged taskid 63049 config { mBounds=Rect(0, 0 - 1080, 2344) mAppBounds=Rect(0, 0 - 1080, 2344) mMaxBounds=Rect(0, 0 - 1080, 2344) mDisplayRotation=ROTATION_0 mWindowingMode=fullscreen mActivityType=standard mAlwaysOnTop=undefined mRotation=ROTATION_0}
03-26 13:44:36.926  3967  8824 D OplusFlexibleDragToSplitAnimController: visibleFlexibleTaskInfos delete:63049
03-26 13:44:36.926  3967  8824 E FlexibleWindowManagerService: notifyTaskObserverToAttachController not need to notify!
03-26 13:44:36.926  3967  8824 I FlexibleWindowManagerService: onFlexibleWindowTaskInfoChanged, return for cur task not embedded
03-26 13:44:36.926  3967  8824 D WindowManager: NFW_findFocusedWindowIfNeeded:null mCurrentFocus:null
03-26 13:44:36.927  8050  8144 W VRI[routepix]: updateBlastSurfaceIfNeeded, surfaceSize:Point(1080, 2344), lastSurfaceSize:Point(0, 0), format:-3, blastBufferQueue:null
03-26 13:44:36.931  3967  7336 D BackgroundInstallControlService: Package event received: 0
03-26 13:44:36.932  3967  4230 D InsetsSourceProvider: updateSourceFrameForServerVisibility mandatorySystemGestures EMPTY_RECT
03-26 13:44:36.933  3967  4313 E OplusHwDisplayRusAdfr: panel id 0 config param is invalid and xml version = -1
03-26 13:44:36.933  3967 13949 D OplusBatteryServiceFeature: setSmartCoolDown: coolDown = 4, normalCoolDown = 4, pkgName = com.routepix
03-26 13:44:36.933  3967  8533 D OplusAppSwitchRuleInfo: generateAppEnterInfo - launch_source_type = launcherRecentTask , launch_source_traceid = 
03-26 13:44:36.933  3967  4229 D FlexibleTaskController: check task which not have enough child, isInSingleWhiteList:false isCloneTask:false
03-26 13:44:36.934  3967  7336 D BackgroundInstallControlService: Package event received: 0
03-26 13:44:36.937  3967  8199 D CoreBackPreview: Window{c375330 u0 Splash Screen com.routepix}: Setting back callback OnBackInvokedCallbackInfo{mCallback=android.window.IOnBackInvokedCallback$Stub$Proxy@c524ebc, mPriority=0, mIsAnimationCallback=false, mOverrideBehavior=0}
03-26 13:44:36.938  3967  8533 D OplusAppSwitchRuleInfo: generateActivityEnterInfo - launch_source_type = launcherRecentTask , launch_source_traceid = 
03-26 13:44:36.938  3967  8199 D WindowManager: onSyncFinishedDrawing: Window{c375330 u0 Splash Screen com.routepix}
03-26 13:44:36.938  3967  8199 I WindowManager: finishDrawing skipLayout:false,syncSeqId=0,mPrepareSyncSeqId=0 Window{c375330 u0 Splash Screen com.routepix} com.android.server.wm.WindowManagerService.finishDrawingWindow:3217 com.android.server.wm.Session.finishDrawing:399 android.view.IWindowSession$Stub.onTransact:793 
03-26 13:44:36.938  3967  8199 I WindowManager: Window{c375330 u0 Splash Screen com.routepix} state from DRAW_PENDING to COMMIT_DRAW_PENDING; reason: finishDrawingLocked
03-26 13:44:36.938  3967  4230 D InsetsSourceProvider: updateSourceFrameForServerVisibility mandatorySystemGestures EMPTY_RECT
03-26 13:44:36.938  3967  4230 D InsetsSourceProvider: updateSourceFrameForServerVisibility mandatorySystemGestures EMPTY_RECT
03-26 13:44:36.938  3967  4230 I WindowManager: Window{c375330 u0 Splash Screen com.routepix} state from COMMIT_DRAW_PENDING to READY_TO_SHOW; reason: commitFinishDrawingLocked
03-26 13:44:36.938  3967  4230 D ActivityTaskManager: onStartingWindowDrawn: app=ProcessRecord{8712255 24198:com.routepix/u0a622}, mStartingData=SplashScreenStartingData{2f8152e removeAfterTransaction= 0}, finishing=false,mLaunchedFromBubble=false, mVisibleRequested=true, mDisplayContent=Display{#0 state=ON size=1080x2344 ROTATION_0}, isZoomMode=false
03-26 13:44:36.939  3967  4230 D ActivityTaskManager: commitVisibility: ActivityRecord{32860672 u0 com.routepix/.MainActivity t63049}: visible=true visibleRequested=true, isInTransition=true 
03-26 13:44:36.939  3967  4230 I WindowManager: Window{c375330 u0 Splash Screen com.routepix} state from READY_TO_SHOW to HAS_DRAWN; reason: performShowLocked
03-26 13:44:36.939  3967  4230 I WindowStateExtImpl: onSurfaceShowChange show = true mPackageName = com.routepix parentPkgName = com.routepix
03-26 13:44:36.939  3967  4230 D CoreBackPreview:  return markWindowHasDrawn mComposed: false  mWaitTransition: false
03-26 13:44:36.939  3967  4230 D Transition: collectOrderChanges onTopTasksEnd: [Task{374afe6 #63049 type=standard A=10622:com.routepix}], reportedOnTop:null, mOnTopTasksStart: [Task{94ed55a #1 type=home}, Task{1768a4c #5 type=home I=com.android.launcher/.Launcher}], TDA child: [Task{4e3ce9e #2 type=undefined}, Task{8b0cecf #63028 type=standard A=10619:com.github.android}, Task{94ed55a #1 type=home}, Task{374afe6 #63049 type=standard A=10622:com.routepix}]
03-26 13:44:36.939  3967  4230 D Transition: collectOrderChanges **mParticipants add task: Task{374afe6 #63049 type=standard A=10622:com.routepix}
03-26 13:44:36.939  3967  4230 D OplusFlexibleActivityTransitionManager: fixTransitType type result:1, targets: [ChangeInfo{ba839c1 container=Task{374afe6 #63049 type=standard A=10622:com.routepix} flags=0x30}, ChangeInfo{47f9566 container=Task{94ed55a #1 type=home} flags=0x10}]
03-26 13:44:36.940  3967  4230 D OplusTransitionAnimationManager: activityRecordCount0fullScreenArBeHindStartingWindow null
03-26 13:44:36.940  3967  4230 D OplusTransitionAnimationManager: activityRecordCount0fullScreenArBeHindStartingWindow null
03-26 13:44:36.940  3967  4230 D QuickBackInputPolicy: resetInputInterceptState for remoteTransition: false
03-26 13:44:36.940  3967  4230 D OplusTransitionController: onTransactionReady, transition: 11249, info: {id=11249 t=OPEN f=0x0 trk=0 r=[0@Point(0, 0)] c=[{WCT{RemoteToken{e31b1cc Task{374afe6 #63049 type=standard A=10622:com.routepix}}} m=TO_FRONT f=MOVE_TO_TOP leash=Surface(name=Task=63049)/@0x29bb954 sb=Rect(0, 0 - 1080, 2344) eb=Rect(0, 0 - 1080, 2344) epz=Point(1080, 2344) d=0 taskParent=-1},{WCT{RemoteToken{ff46453 Task{94ed55a #1 type=home}}} m=TO_BACK f=SHOW_WALLPAPER leash=Surface(name=Task=1)/@0xeedc724 sb=Rect(0, 0 - 1080, 2344) eb=Rect(0, 0 - 1080, 2344) epz=Point(1080, 2344) d=0 taskParent=-1}] 
03-26 13:44:36.940  3967  4230 D OplusTransitionController: extendInfo=[
03-26 13:44:36.940  3967  4230 D OplusTransitionController:  OplusTransitionExtendedInfo{mTmpFinishT=null, mInOplusCompatMode=false, mIsProcessRunning=false, mHasMismatchBoundsTarget=false, mRecentsController=null, mRemoteTransition=null, mIsTranslucentActivityToHome=false, mAvoidInterceptKeyEventToHome=false, mIsFromHome=true, mParentLeash=null, mBackAnimClosingLeash=null, mIsOplusAnimRes=false, mKeepBgForContinuous=false, mIsBalAllow=false, mTaskNotInRecent=false, mIsPredictiveBackAnim=false, mIsMergedWithPredictive=false, mIsLaunchFromSpruce=false, mIsLaunchFromDrive=false, mGlobalSearchPageSwitch=false, mNeedNoAlphaGlobalSearchScene=false, mAssistScreenShowing=false, mSwipeUpBrowserScreenShowing=false, mUserIdTransition=0
03-26 13:44:36.940  3967  4230 D OplusTransitionController: , mInRemoteScene=false, mInPreReady=false, mPreStart=false, mToken=null, mAbortByRemoteFromHome=false, mShellApplyToken=null, mRequestTransitionTaskId=63049, mAbortTransitionOnShell=0, mStartFromShortcut=false, mRemovedTaskId=-1, mTransitionInterruptType=0, mMergeSecondTaskId=-1, mTaskIdStartFromRecents=0, mTransitionId=11249, mCanUseSpringSlideAnim=false, mTransitionLaunchFrom=0, mFoldChangeType=-1, mAnimStartingPosition=[0, 0, 0, 0], mIsOpeningStkDialogActivity=false, mSecondaryHomeToFrontWhenUnFolding=false, mIsNeedApplyStartTForEmbedded=false
03-26 13:44:36.940  3967  4230 D OplusTransitionController: , mNeedCanvasExitAnim=false, mMergeSecondTaskAnimation=false, mIsLaunchUnityStart=false, mIsLaunchFromAssistantByDefault=false, mSkipRemoteTransitionfalse, mIsStartFromKeyguard=false flags=0x0, mWCT=null, mIsOpenMergeToInValidPredictive=false, mPromoteTaskWhenKeyguard-1, mRootLayerZOrderArray={}}]}, targets : [ChangeInfo{ba839c1 container=Task{374afe6 #63049 type=standard A=10622:com.routepix} flags=0x30}, ChangeInfo{47f9566 container=Task{94ed55a #1 type=home} flags=0x10}], participants: {ActivityRecord{32860672 u0 com.routepix/.MainActivity t63049}, Task{374afe6 #63049 type=standard A=10622:com.routepix}, ActivityRecord{64912933 u0 com.android.launcher/.Launcher t5}, WallpaperWindowToken{7c519b3 showWhenLocked=true}, WallpaperWindowToken{c8f07e8 showWhenLocked=false}}
03-26 13:44:36.941  8050 25779 V WindowManagerShell: onTransitionReady(transaction=17038136177463)
03-26 13:44:36.941  8050  8095 V WindowManagerShell: onTransitionReady (#11249) android.os.BinderProxy@7c9a052: {id=11249 t=OPEN f=0x0 trk=0 r=[0@Point(0, 0)] c=[
03-26 13:44:36.941  8050  8095 V WindowManagerShell:         {m=TO_FRONT f=MOVE_TO_TOP leash=Surface(name=Task=63049)/@0x81bd8c8 sb=Rect(0, 0 - 1080, 2344) eb=Rect(0, 0 - 1080, 2344) epz=Point(1080, 2344) d=0 taskParent=-1},
03-26 13:44:36.941  8050  8095 V WindowManagerShell:         {m=TO_BACK f=SHOW_WALLPAPER leash=Surface(name=Task=1)/@0x2986d61 sb=Rect(0, 0 - 1080, 2344) eb=Rect(0, 0 - 1080, 2344) epz=Point(1080, 2344) d=0 taskParent=-1}
03-26 13:44:36.941  8050  8095 V WindowManagerShell:     ] 
03-26 13:44:36.941  8050  8095 V WindowManagerShell: extendInfo=[
