03-26 13:44:49.252  3967  7332 D ShortcutService: shortcut_discover [ImManIc-rStr]
03-26 13:44:49.252  3967  7332 D ShortcutService: false|Vanshika Agarwal|fa1eab77-4cb6-443a-b30a-3eea9641c2e3 [DynIc-fIc-aStrLiv]
03-26 13:44:49.252  3967  7332 D ShortcutService: false|Rupa Mullur|bf48cab2-9e00-4486-a532-070ef3d5eb16 [DynIc-fIc-aStrLiv]
03-26 13:44:49.252  3967  7332 D ShortcutService: false|Vaish|5eeda1ed-25c3-4ce4-9cf5-778053f00587 [DynIc-fIc-aStrLiv]
03-26 13:44:49.253  3967  7332 D ShortcutService: Saving package item com.whatsapp to /data/system_ce/0/shortcut_service/packages/com.whatsapp.xml
03-26 13:44:49.253  3967  4226 D ShortcutService: Getting shortcuts for launcher= com.android.systemuiuserId=0 pkg=com.snapchat.android
03-26 13:44:49.253  3967  4226 D ShortcutService: Getting shortcuts for launcher= com.android.launcheruserId=0 pkg=com.snapchat.android
03-26 13:44:49.253  3967  4226 W UserManagerService: onShortcutChanged for another profile 0 from 999
03-26 13:44:49.253  3967  4226 D ShortcutService: Getting shortcuts for launcher= com.google.android.asuserId=0 pkg=com.whatsapp
03-26 13:44:49.254  3967  7332 D ShortcutService: Persisting shortcuts from 0@com.whatsapp
03-26 13:44:49.254  3967  7332 D ShortcutService: 92247743807509@lid [Ic-fIc-aStrLiv]
03-26 13:44:49.254  3967  7332 D ShortcutService: 120363407742289816@g.us [Ic-fIc-aStrLiv]
03-26 13:44:49.254  3967  7332 D ShortcutService: 16218434064478@lid [Ic-fIc-aStrLiv]
03-26 13:44:49.254  3967  7332 D ShortcutService: 127599787409581@lid [Ic-fIc-aStrLiv]
03-26 13:44:49.254  3967  7332 D ShortcutService: 19267542081768@lid [Ic-fIc-aStrLiv]
03-26 13:44:49.254  3967  7332 D ShortcutService: 136967211757798@lid [Ic-fIc-aStrLiv]
03-26 13:44:49.254  3967  7332 D ShortcutService: 61508931322099@lid [Ic-fIc-aStrLiv]
03-26 13:44:49.254  3967  7332 D ShortcutService: 161933638541320@lid [Ic-fIc-aStrLiv]
03-26 13:44:49.254  3967  7332 D ShortcutService: 273134217339109@lid [Ic-fIc-aStrLiv]
03-26 13:44:49.254  3967  7332 D ShortcutService: 120363297326983102@g.us [Ic-fIc-aStrLiv]
03-26 13:44:49.254  3967  7332 D ShortcutService: 120363316882516592@g.us [Ic-fIc-aStrLiv]
03-26 13:44:49.254  3967  7332 D ShortcutService: 257655104884834@lid [Ic-fIc-aStrLiv]
03-26 13:44:49.254  3967  7332 D ShortcutService: 24374006566964@lid [Ic-fIc-aStrLiv]
03-26 13:44:49.254  3967  7332 D ShortcutService: 120363420194344789@g.us [Ic-fIc-aStrLiv]
03-26 13:44:49.255  3967  4226 D ShortcutService: Getting shortcuts for launcher= com.android.systemuiuserId=0 pkg=com.whatsapp
03-26 13:44:49.255  3967  4226 D ShortcutService: Getting shortcuts for launcher= com.android.launcheruserId=0 pkg=com.whatsapp
03-26 13:44:49.340  3967  4317 D VRR [OPlusRefreshRateService]: handleConfigIdChange physicalDisplayId: 4630946640660707475 configId: 5 renderPeriod: 16666667
03-26 13:44:49.341  3967  4317 D VRR [OPlusGameStatusManager]: updateGameState mOSyncFeatureSwitch: false mIsGamePolicy: false
03-26 13:44:49.341  3967  4317 D VRR [OPlusGameStatusManager]: updateGameAccelerationStatus pkgName: com.routepix mOSyncFeatureSwitch: false mIsGamePolicy: false mHeartStop: false mHasFlickerRisk: false mForceAcceleration: false mToastReady: false enable: false
03-26 13:44:49.391  3967  4317 D VRR [OPlusSAManager]: updateAutoMinfps for 4630946640660707475 with nits: 85.05277, mHistOK true, mAmbientOK true, mCctOK true, mIrOK true, mBrightnessOK true, isPkgOK true, SA min fps: 119
03-26 13:44:49.598  3967  4306 D PowerManagerService: userActivityNoUpdateLocked: groupId=0, eventTime=363272990, event=touch, flags=0x0, uid=1000
03-26 13:44:49.599  3967  4306 D PowerManagerService: userActivityNoUpdateLocked: groupId=0, eventTime=363272990, event=touch, flags=0x0, uid=1000
03-26 13:44:49.661 24953 24953 D OplusInputMethodManagerInternal: get inputMethodManager extension: com.android.internal.view.IInputMethodManager$Stub$Proxy@959b2b2
03-26 13:44:49.666  3967  4317 D VRR [OPlusRefreshRateService]: handleConfigIdChange physicalDisplayId: 4630946640660707475 configId: 6 renderPeriod: 11111111
03-26 13:44:49.667  3967  4317 D VRR [OPlusGameStatusManager]: updateGameState mOSyncFeatureSwitch: false mIsGamePolicy: false
03-26 13:44:49.667  3967  4317 D VRR [OPlusGameStatusManager]: updateGameAccelerationStatus pkgName: com.routepix mOSyncFeatureSwitch: false mIsGamePolicy: false mHeartStop: false mHasFlickerRisk: false mForceAcceleration: false mToastReady: false enable: false
03-26 13:44:49.667  3967  4317 D VRR [OPlusExternalRefreshRateManager]:  Display refreshrate :90 , Switch to OTI-HW 
03-26 13:44:49.709  3967  4246 W QosScheduler: executeSceneQosStrategy failed! qos feature no enable
03-26 13:44:49.717  3967  4317 D VRR [OPlusSAManager]: updateAutoMinfps for 4630946640660707475 with nits: 85.05277, mHistOK true, mAmbientOK true, mCctOK true, mIrOK true, mBrightnessOK true, isPkgOK true, SA min fps: 89
03-26 13:44:49.741  3967  8553 I ActivityManager: Death received, pid = 20852, processName = com.android.DeviceAsWebcam for thread android.os.BinderProxy@d46cb4c
03-26 13:44:49.742  3967  7954 I ActivityManager: Process com.android.DeviceAsWebcam (pid 20852) has died: cch+55 CEM 
03-26 13:44:49.746  3967 13936 I ActivityManager: Death received, pid = 18987, processName = com.oplus.securityguard for thread android.os.BinderProxy@dfcf177
03-26 13:44:49.746  3967 13100 I ActivityManager: Process com.oplus.securityguard (pid 18987) has died: cch+65 CEM 
03-26 13:44:49.748  3967  5162 D ActivityManager: reportOneUidFrozenStateChanged uid 10535 frozen = false
03-26 13:44:49.754  3967  8387 I ActivityManager: Death received, pid = 18403, processName = com.oplus.notificationmanager for thread android.os.BinderProxy@52ab64d
03-26 13:44:49.756  3967  7954 I ActivityManager: Process com.oplus.notificationmanager (pid 18403) has died: cch+55 CEM 
03-26 13:44:49.759  3967  5024 I ActivityManager: Death received, pid = 19304, processName = com.oplus.securepay for thread android.os.BinderProxy@8441864
03-26 13:44:49.760  3967 13100 I ActivityManager: Process com.oplus.securepay (pid 19304) has died: cch+65 CEM 
03-26 13:44:49.766  3967 13936 I ActivityManager: Death received, pid = 7559, processName = com.oplus.sau for thread android.os.BinderProxy@f1a3954
03-26 13:44:49.767  3967  7954 I ActivityManager: Process com.oplus.sau (pid 7559) has died: svcb SVC 
03-26 13:44:49.768  3967 13949 I ActivityManager: Death received, pid = 20929, processName = com.oplus.lfeh for thread android.os.BinderProxy@c856e73
03-26 13:44:49.772  3967 13100 I ActivityManager: Process com.oplus.lfeh (pid 20929) has died: cch+45 CEM 
03-26 13:44:49.776  3967  7824 I ActivityManager: Death received, pid = 19555, processName = com.mixplorer for thread android.os.BinderProxy@3221ad3
03-26 13:44:49.776  3967 14003 I ActivityManager: Death received, pid = 29868, processName = com.oplus.romupdate for thread android.os.BinderProxy@a796a49
03-26 13:44:49.776  3967 13936 I ActivityManager: Death received, pid = 18784, processName = com.oplus.pantanal.ums:uiSetting for thread android.os.BinderProxy@18aaf4e
03-26 13:44:49.777  3967  7954 I ActivityManager: Process com.oplus.romupdate (pid 29868) has died: cch+45 CEM 
03-26 13:44:49.777  3967  5162 D ActivityManager: reportOneUidFrozenStateChanged uid 10234 frozen = false
03-26 13:44:49.778  3967  7954 I ActivityManager: Process com.oplus.pantanal.ums:uiSetting (pid 18784) has died: cch+65 CEM 
03-26 13:44:49.779  3967 13936 I ActivityManager: Death received, pid = 18426, processName = com.google.android.euicc for thread android.os.BinderProxy@dca986f
03-26 13:44:49.779  3967  7954 I ActivityManager: Process com.google.android.euicc (pid 18426) has died: cch+35 CEM 
03-26 13:44:49.781  3967  5162 D ActivityManager: reportOneUidFrozenStateChanged uid 10122 frozen = false
03-26 13:44:49.781  3967 13100 I ActivityManager: Process com.mixplorer (pid 19555) has died: cch+55 CEM 
03-26 13:44:49.785  3967  5024 I ActivityManager: Death received, pid = 19583, processName = de.felixnuesse.extract for thread android.os.BinderProxy@7549988
03-26 13:44:49.786  3967  7954 I ActivityManager: Process de.felixnuesse.extract (pid 19583) has died: cch+25 CEM 
03-26 13:44:49.789  3967  7648 D OAppNetControlService: Hans update:[10475=false][0|0] blackList:[10375, 10508, 10400, 10364, 10376, 10436, 10619, 10451, 10532, 10440, 10386]
03-26 13:44:49.793  3967 13936 I ActivityManager: Death received, pid = 16812, processName = com.oplus.aiunit for thread android.os.BinderProxy@2a0f2b2
03-26 13:44:49.793  3967 13936 I OplusAppSwitchManagerService: hanldeBinderDied
03-26 13:44:49.793  3967 13936 I OplusAppSwitchManagerService: appswitch unregisterAppSwitchObserver pkgName = com.oplus.aiunit_254098518 config = OplusAppSwitchConfig = {  observerFingerPrint = 45180529}
03-26 13:44:49.793  3967 13936 I OplusAppSwitchStateDispatcher: unregisterAppSwitchObserver ok, pkgName = com.oplus.aiunit info = OplusAppSwitchRuleInfo = {  observer = null observerFingerPrint = 45180529}
03-26 13:44:49.793  3967 13100 I ActivityManager: Process com.oplus.aiunit (pid 16812) has died: cch+65 CEM 
03-26 13:44:49.798  3967  8387 I ActivityManager: Death received, pid = 12570, processName = net.oneplus.weather for thread android.os.BinderProxy@7a787fe
03-26 13:44:49.798  3967  7954 I ActivityManager: Process net.oneplus.weather (pid 12570) has died: cch+75 CEM 
03-26 13:44:49.801  3967  8754 I ActivityManager: Death received, pid = 16696, processName = com.oplus.dmp:main for thread android.os.BinderProxy@a1da9ac
03-26 13:44:49.801  3967 13100 I ActivityManager: Process com.oplus.dmp:main (pid 16696) has died: cch+45 CEM 
03-26 13:44:49.811  3967  8199 I ActivityManager: Death received, pid = 17289, processName = org.telegram.messenger for thread android.os.BinderProxy@375e627
03-26 13:44:49.811  3967  7954 I ActivityManager: Process org.telegram.messenger (pid 17289) has died: cch+15 CEM 
03-26 13:44:49.894 24953 24953 E AndroidRuntime: FATAL EXCEPTION: main
03-26 13:44:49.894 24953 24953 E AndroidRuntime: Process: com.routepix, PID: 24953
03-26 13:44:49.894 24953 24953 E AndroidRuntime: java.lang.IllegalArgumentException: current must not be NaN
03-26 13:44:49.894 24953 24953 E AndroidRuntime: 	at androidx.compose.ui.semantics.ProgressBarRangeInfo.<init>(SemanticsProperties.kt:662)
03-26 13:44:49.894 24953 24953 E AndroidRuntime: 	at androidx.compose.ui.semantics.ProgressBarRangeInfo.<init>(SemanticsProperties.kt:655)
03-26 13:44:49.894 24953 24953 E AndroidRuntime: 	at androidx.compose.material3.ProgressIndicatorKt$CircularProgressIndicator$2$1.invoke(ProgressIndicator.kt:587)
03-26 13:44:49.894 24953 24953 E AndroidRuntime: 	at androidx.compose.material3.ProgressIndicatorKt$CircularProgressIndicator$2$1.invoke(ProgressIndicator.kt:586)
03-26 13:44:49.894 24953 24953 E AndroidRuntime: 	at androidx.compose.ui.semantics.CoreSemanticsModifierNode.applySemantics(SemanticsModifier.kt:59)
03-26 13:44:49.894 24953 24953 E AndroidRuntime: 	at androidx.compose.ui.node.LayoutNode$collapsedSemantics$1.invoke(LayoutNode.kt:442)
03-26 13:44:49.894 24953 24953 E AndroidRuntime: 	at androidx.compose.ui.node.LayoutNode$collapsedSemantics$1.invoke(LayoutNode.kt:433)
03-26 13:44:49.894 24953 24953 E AndroidRuntime: 	at androidx.compose.runtime.snapshots.Snapshot$Companion.observe(Snapshot.kt:2441)
03-26 13:44:49.894 24953 24953 E AndroidRuntime: 	at androidx.compose.runtime.snapshots.SnapshotStateObserver$ObservedScopeMap.observe(SnapshotStateObserver.kt:502)
03-26 13:44:49.894 24953 24953 E AndroidRuntime: 	at androidx.compose.runtime.snapshots.SnapshotStateObserver.observeReads(SnapshotStateObserver.kt:258)
03-26 13:44:49.894 24953 24953 E AndroidRuntime: 	at androidx.compose.ui.node.OwnerSnapshotObserver.observeReads$ui_release(OwnerSnapshotObserver.kt:133)
03-26 13:44:49.894 24953 24953 E AndroidRuntime: 	at androidx.compose.ui.node.OwnerSnapshotObserver.observeSemanticsReads$ui_release(OwnerSnapshotObserver.kt:121)
03-26 13:44:49.894 24953 24953 E AndroidRuntime: 	at androidx.compose.ui.node.LayoutNode.getCollapsedSemantics$ui_release(LayoutNode.kt:433)
03-26 13:44:49.894 24953 24953 E AndroidRuntime: 	at androidx.compose.ui.semantics.SemanticsNodeKt.SemanticsNode(SemanticsNode.kt:49)
03-26 13:44:49.894 24953 24953 E AndroidRuntime: 	at androidx.compose.ui.semantics.SemanticsNode.fillOneLayerOfSemanticsWrappers(SemanticsNode.kt:278)
03-26 13:44:49.894 24953 24953 E AndroidRuntime: 	at androidx.compose.ui.semantics.SemanticsNode.fillOneLayerOfSemanticsWrappers(SemanticsNode.kt:280)
03-26 13:44:49.894 24953 24953 E AndroidRuntime: 	at androidx.compose.ui.semantics.SemanticsNode.fillOneLayerOfSemanticsWrappers(SemanticsNode.kt:280)
03-26 13:44:49.894 24953 24953 E AndroidRuntime: 	at androidx.compose.ui.semantics.SemanticsNode.unmergedChildren$ui_release(SemanticsNode.kt:257)
03-26 13:44:49.894 24953 24953 E AndroidRuntime: 	at androidx.compose.ui.semantics.SemanticsNode.getChildren$ui_release(SemanticsNode.kt:338)
03-26 13:44:49.894 24953 24953 E AndroidRuntime: 	at androidx.compose.ui.semantics.SemanticsNode.getChildren$ui_release$default(SemanticsNode.kt:322)
03-26 13:44:49.894 24953 24953 E AndroidRuntime: 	at androidx.compose.ui.semantics.SemanticsNode.getReplacedChildren$ui_release(SemanticsNode.kt:305)
03-26 13:44:49.894 24953 24953 E AndroidRuntime: 	at androidx.compose.ui.platform.SemanticsUtils_androidKt.getAllUncoveredSemanticsNodesToIntObjectMap$findAllSemanticNodesRecursive(SemanticsUtils.android.kt:195)
03-26 13:44:49.894 24953 24953 E AndroidRuntime: 	at androidx.compose.ui.platform.SemanticsUtils_androidKt.getAllUncoveredSemanticsNodesToIntObjectMap$findAllSemanticNodesRecursive(SemanticsUtils.android.kt:197)
03-26 13:44:49.894 24953 24953 E AndroidRuntime: 	at androidx.compose.ui.platform.SemanticsUtils_androidKt.getAllUncoveredSemanticsNodesToIntObjectMap$findAllSemanticNodesRecursive(SemanticsUtils.android.kt:197)
03-26 13:44:49.894 24953 24953 E AndroidRuntime: 	at androidx.compose.ui.platform.SemanticsUtils_androidKt.getAllUncoveredSemanticsNodesToIntObjectMap$findAllSemanticNodesRecursive(SemanticsUtils.android.kt:197)
03-26 13:44:49.894 24953 24953 E AndroidRuntime: 	at androidx.compose.ui.platform.SemanticsUtils_androidKt.getAllUncoveredSemanticsNodesToIntObjectMap(SemanticsUtils.android.kt:230)
03-26 13:44:49.894 24953 24953 E AndroidRuntime: 	at androidx.compose.ui.platform.AndroidComposeViewAccessibilityDelegateCompat.getCurrentSemanticsNodes(AndroidComposeViewAccessibilityDelegateCompat.android.kt:311)
03-26 13:44:49.894 24953 24953 E AndroidRuntime: 	at androidx.compose.ui.platform.AndroidComposeViewAccessibilityDelegateCompat.sendAccessibilitySemanticsStructureChangeEvents(AndroidComposeViewAccessibilityDelegateCompat.android.kt:2891)
03-26 13:44:49.894 24953 24953 E AndroidRuntime: 	at androidx.compose.ui.platform.AndroidComposeViewAccessibilityDelegateCompat.checkForSemanticsChanges(AndroidComposeViewAccessibilityDelegateCompat.android.kt:2388)
03-26 13:44:49.894 24953 24953 E AndroidRuntime: 	at androidx.compose.ui.platform.AndroidComposeViewAccessibilityDelegateCompat.semanticsChangeChecker$lambda$49(AndroidComposeViewAccessibilityDelegateCompat.android.kt:2223)
03-26 13:44:49.894 24953 24953 E AndroidRuntime: 	at androidx.compose.ui.platform.AndroidComposeViewAccessibilityDelegateCompat.$r8$lambda$jwi4XcU60P00WX-z5TzcMCOc1u4(Unknown Source:0)
03-26 13:44:49.894 24953 24953 E AndroidRuntime: 	at androidx.compose.ui.platform.AndroidComposeViewAccessibilityDelegateCompat$$ExternalSyntheticLambda3.run(D8$$SyntheticClass:0)
03-26 13:44:49.894 24953 24953 E AndroidRuntime: 	at android.os.Handler.handleCallback(Handler.java:1027)
03-26 13:44:49.894 24953 24953 E AndroidRuntime: 	at android.os.Handler.dispatchMessage(Handler.java:108)
03-26 13:44:49.894 24953 24953 E AndroidRuntime: 	at android.os.Looper.loopOnce(Looper.java:302)
03-26 13:44:49.894 24953 24953 E AndroidRuntime: 	at android.os.Looper.loop(Looper.java:412)
03-26 13:44:49.894 24953 24953 E AndroidRuntime: 	at android.app.ActivityThread.main(ActivityThread.java:9998)
03-26 13:44:49.894 24953 24953 E AndroidRuntime: 	at java.lang.reflect.Method.invoke(Native Method)
03-26 13:44:49.894 24953 24953 E AndroidRuntime: 	at com.android.internal.os.RuntimeInit$MethodAndArgsCaller.run(RuntimeInit.java:613)
03-26 13:44:49.894 24953 24953 E AndroidRuntime: 	at com.android.internal.os.ZygoteInit.main(ZygoteInit.java:1074)
03-26 13:44:49.895  3967  8754 W OplusEapManager handleErrorInfo sendEvent: : com.routepix happenedcrash
03-26 13:44:49.896  3967  8548 W OplusSelfProtectManager: pkg[com.oplus.crashbox] not in policy list
03-26 13:44:49.898  3967 25240 I DropBoxManagerService: add tag=data_app_crash isTagEnabled=true flags=0x2
03-26 13:44:49.898  3967  8754 W ActivityTaskManager:   Force finishing activity com.routepix/.MainActivity
03-26 13:44:49.898  3967 25240 D DropBoxManagerService: file :: /data/system/dropbox/data_app_crash@1774512889898.txt
03-26 13:44:49.899  8050  8095 V WindowManagerShell: Transition requested (#11252): android.os.BinderProxy@bc97186 TransitionRequestInfo { type = CLOSE, triggerTask = TaskInfo{userId=0 taskId=63049 effectiveUid=10622 displayId=0 isRunning=true baseIntent=Intent { act=android.intent.action.MAIN cat=[android.intent.category.LAUNCHER] flg=0x34100000 pkg=com.routepix cmp=com.routepix/.MainActivity mCallingUid=10300 } baseActivity=ComponentInfo{com.routepix/com.routepix.MainActivity} topActivity=ComponentInfo{com.routepix/com.routepix.MainActivity} origActivity=null realActivity=ComponentInfo{com.routepix/com.routepix.MainActivity}
03-26 13:44:49.899  8050  8095 V WindowManagerShell:  numActivities=1 lastActiveTime=616073780 supportsSplitScreenMultiWindow=true supportsMultiWindow=true supportsPocketStudioMultiWindow=true isInFlexibleEmbedded = false uid = 10622 pid = 24953 resizeMode=1 isResizeable=true minWidth=-1 minHeight=-1 defaultMinSize=220 token=WCT{android.window.IWindowContainerToken$Stub$Proxy@9005a47} topActivityType=1 pictureInPictureParams=null shouldDockBigOverlays=false launchIntoPipHostTaskId=-1 lastParentTaskIdBeforePip=-1 displayCutoutSafeInsets=Rect(0, 0 - 0, 0)
03-26 13:44:49.899  8050  8095 V WindowManagerShell:  topActivityInfo=ActivityInfo{a924274 com.routepix.MainActivity} launchCookies=[] positionInParent=Point(0, 0) parentTaskId=-1 isFocused=true isVisible=true isVisibleRequested=true isTopActivityNoDisplay=false isSleeping=false locusId=null displayAreaFeatureId=1 isTopActivityTransparent=false isActivityStackTransparent=false lastNonFullscreenBounds=Rect(278, 692 - 802, 1772) capturedLink=null capturedLinkTimestamp=0 requestedVisibleTypes=-9 topActivityRequestOpenInBrowserEducationTimestamp=0
03-26 13:44:49.899  8050  8095 V WindowManagerShell:  appCompatTaskInfo=AppCompatTaskInfo { topActivityInSizeCompat=false topActivityInOplusCompatMode=false eligibleForLetterboxEducation= false isLetterboxEducationEnabled= false isLetterboxDoubleTapEnabled= false eligibleForUserAspectRatioButton= false topActivityBoundsLetterboxed= false isFromLetterboxDoubleTap= false topActivityLetterboxVerticalPosition= -1 topActivityLetterboxHorizontalPosition= -1 topActivityLetterboxWidth=-1 topActivityLetterboxHeight=-1 topActivityAppBounds=Rect(0, 0 - 1080, 2344) isUserFullscreenOverrideEnabled=false isSystemFullscreenOverrideEnabled=false hasMinAspectRatioOverride=false topActivityLetterboxBounds=null cameraCompatTaskInfo=CameraCompatTaskInfo { freeformCameraCompatMode=inactive}} topActivityMainWindowFrame=null topActivityLetterboxInsets=Rect(0, 0 - 0, 0)
03-26 13:44:49.899  8050  8095 V WindowManagerShell:  mOplusExtraBundle = Bundle[mParcelledData.dataSize=1528]}, pipChange = null, remoteTransition = null, displayChange = null, flags = 16, debugId = 11252 }
03-26 13:44:49.900  3967  8754 D ActivityTaskManager: setAppVisibility(Token{80301d1 ActivityRecord{116967515 u0 com.routepix/.MainActivity t63049 f}}}, visible=false):  visible=true mVisibleRequested=true
03-26 13:44:49.900  3967  8754 D ActivityTaskManager: setVisibility(Token{80301d1 ActivityRecord{116967515 u0 com.routepix/.MainActivity t63049 f}}}, visible=false) defer commitVisibility for transition collecting
03-26 13:44:49.901  3967  8754 D TaskFragmentExtImpl: resumeTopActivity Launcher ,resume while pausing ActivityRecord{64912933 u0 com.android.launcher/.Launcher t5}
03-26 13:44:49.901  3967  8754 D RefreshRate: boostRefreshId choose max:currentRefreshRate:90.0 targetRefreshRate:120.0 mCurrentPickRate:90.0
03-26 13:44:49.901  3967  8754 D RefreshRate: Trigger app switch boost, ar=ActivityRecord{64912933 u0 com.android.launcher/.Launcher t5},currDisplayRate=90.0,boostId=3
03-26 13:44:49.901  3967  8754 D RefreshRate: setDisplayConfigSpecs complete: targetMode={id=4, width=1080, height=2344, fps=120.00001, vsync=120.00001, synthetic=false, alternativeRefreshRates=[60.000004, 90.0], supportedHdrTypes=[1, 2, 3, 4]},srcMode={id=4, width=1080, height=2344, fps=120.00001, vsync=120.00001, synthetic=false, alternativeRefreshRates=[60.000004, 90.0], supportedHdrTypes=[1, 2, 3, 4]},sfModId=4,rate=120.00001
03-26 13:44:49.901  3967  8754 D RefreshRate: Refresh rate changing from 90.0 to 120.00001,maxRefreshRate=120.00001 FOR:{
03-26 13:44:49.901  3967  8754 D RefreshRate:     | COURSE[Trigger app switch boost, ar=ActivityRecord{64912933 u0 com.android.launcher/.Launcher t5},currDisplayRate=90.0,boostId=3setDisplayConfigSpecs complete: targetMode={id=4, width=1080, height=2344, fps=120.00001, vsync=120.00001, synthetic=false, alternativeRefreshRates=[60.000004, 90.0], supportedHdrTypes=[1, 2, 3, 4]},srcMode={id=4, width=1080, height=2344, fps=120.00001, vsync=120.00001, synthetic=false, alternativeRefreshRates=[60.000004, 90.0], supportedHdrTypes=[1, 2, 3, 4]},sfModId=4,rate=120.00001]
03-26 13:44:49.901  3967  8754 D RefreshRate:     | VOTES[PRIORITY_START_ANIMATION_BOOST -> Vote{mRefreshRate=120.0, mMinRefreshRate=120.0, mRequestSource=null};PRIORITY_WINDOW_REQUEST -> Vote{mRefreshRate=90.0, mMinRefreshRate=90.0, mRequestSource=null};]
03-26 13:44:49.901  3967  8754 D RefreshRate:     | TIME:2026-03-26 08:14:49}
03-26 13:44:49.901  3967  8754 D RefreshRate: startAppSwitchBoost targetMode={id=4, width=1080, height=2344, fps=120.00001, vsync=120.00001, synthetic=false, alternativeRefreshRates=[60.000004, 90.0], supportedHdrTypes=[1, 2, 3, 4]} record=ActivityRecord{64912933 u0 com.android.launcher/.Launcher t5}: votes=PRIORITY_START_ANIMATION_BOOST -> Vote{mRefreshRate=120.0, mMinRefreshRate=120.0, mRequestSource=null};PRIORITY_WINDOW_REQUEST -> Vote{mRefreshRate=90.0, mMinRefreshRate=90.0, mRequestSource=null};
03-26 13:44:49.901  3967  4317 D RefreshRate: do setDisplayConfigSpecs  
03-26 13:44:49.902  3967  8754 D ActivityTaskManager: setAppVisibility(Token{a90ba77 ActivityRecord{64912933 u0 com.android.launcher/.Launcher t5}}, visible=true):  visible=false mVisibleRequested=false
03-26 13:44:49.902  3967  8754 D WindowManager: NFW_setClientVisible:ActivityRecord{64912933 u0 com.android.launcher/.Launcher t5} clientVisible:true
03-26 13:44:49.902  3967  4317 D DisplayModeDirector: setAppRequest displayId : 0  modeId: 4  requestedRefreshRate: 120.00001  requestedMinRefreshRateRange: 120.00001  requestedMaxRefreshRateRange: 120.00001
03-26 13:44:49.902  3967  8754 D ActivityTaskManager: setVisibility(Token{a90ba77 ActivityRecord{64912933 u0 com.android.launcher/.Launcher t5}}, visible=true) defer commitVisibility for transition collecting
03-26 13:44:49.902  3967  4313 D OplusFeatureDMR[display=0]: onConfigChanged threadId=71 threadName=OplusDisplayWorkHandler physicalDisplayId=4630946640660707475 modeId=6  
03-26 13:44:49.902  3967  4246 I UserAwareMgr: handleTopAppChanged: com.android.launcher, pid: 8303, uid: 10255
03-26 13:44:49.902  3967  8754 D ActivityTaskManager: onWindowFocusChanged Task{1768a4c #5 type=home I=com.android.launcher/.Launcher} would transfer to compact
03-26 13:44:49.902  3967  8754 D ActivityTaskManager: NFW_setLastResumedActivityUncheckLocked:true r:ActivityRecord{64912933 u0 com.android.launcher/.Launcher t5} currentFocus:Window{c131dcb u0 com.routepix/com.routepix.MainActivity}
03-26 13:44:49.902  3967  8754 D QuickBackInputPolicy: hasMultiChildrenInTask: false
03-26 13:44:49.902  3967  8754 D WindowManager: NFW_findFocusedWindowIfNeeded:Window{feb4162 u0 com.android.launcher/com.android.launcher.Launcher} mCurrentFocus:Window{c131dcb u0 com.routepix/com.routepix.MainActivity}
03-26 13:44:49.902  3967  8754 D WindowManager: attachImeScreenshotOnTargetIfNeeded, mImeHiding = false, requestedVisibleTypes = -9
03-26 13:44:49.903  3967  8754 D QuickBackInputPolicy: hasMultiChildrenInTask: false
03-26 13:44:49.903  3967  8754 V WindowManager: Changing focus from Window{c131dcb u0 com.routepix/com.routepix.MainActivity} to Window{feb4162 u0 com.android.launcher/com.android.launcher.Launcher},diplayid=0
03-26 13:44:49.903  3967  4317 D VRR [OPlusSurfaceFlingerController]:  setComplexSceneEnable : false
03-26 13:44:49.904  3967  8754 D FlexibleTaskController: onTaskFocusChanged prevTask:Task{374afe6 #63049 type=standard A=10622:com.routepix} ,currentTask:Task{1768a4c #5 type=home I=com.android.launcher/.Launcher}, reason: resumeTopActivity - onActivityStateChanged
03-26 13:44:49.904  3967  8754 D OplusFlexibleDCSManager: onNextPkgChanged pkg = com.android.launcher
03-26 13:44:49.904  3967  8754 D FlexibleTaskController: isFullToFlexibleAnimating: false
03-26 13:44:49.904  3967  8754 D WindowManager: rotation(ROTATION_0) no changed  displayId = 0, lastOrientation = 5
03-26 13:44:49.905  3967  8754 D WindowManager: NFW_setClientVisible:WallpaperWindowToken{c8f07e8 showWhenLocked=false} clientVisible:true
03-26 13:44:49.905  3967  8754 D InsetsSourceProvider: updateSourceFrameForServerVisibility mandatorySystemGestures EMPTY_RECT
03-26 13:44:49.905  3967  8754 D InsetsSourceProvider: updateSourceFrameForServerVisibility mandatorySystemGestures EMPTY_RECT
03-26 13:44:49.905  3967  8754 D VRR [OPlusRefreshRatePolicy]: setRefreshRatePolicy policy=POLICY_SYSTEM, refreshRate=90, statusOn=false
03-26 13:44:49.905  3967  8754 D VRR [OPlusRefreshRatePolicy]: setRefreshRatePolicy policy=POLICY_SYSTEM, refreshRate=120, statusOn=true
03-26 13:44:49.905  3967  8754 D DisplayModeDirector: setAppRequest displayId : 0  modeId: 4  requestedRefreshRate: 0.0  requestedMinRefreshRateRange: 0.0  requestedMaxRefreshRateRange: 120.00001
03-26 13:44:49.905  3967  4317 D VRR [OPlusRefreshRateService]:  setDirectorStates [flag: 1, state: 1, directorStateOff: 1]
03-26 13:44:49.906  3967  8754 I TaskOrganizerController: onTaskInfoChanged taskid 63049 config { mBounds=Rect(0, 0 - 1080, 2344) mAppBounds=Rect(0, 0 - 1080, 2344) mMaxBounds=Rect(0, 0 - 1080, 2344) mDisplayRotation=ROTATION_0 mWindowingMode=fullscreen mActivityType=standard mAlwaysOnTop=undefined mRotation=ROTATION_0}
03-26 13:44:49.906  3967  8754 D OplusVisibleTasks:  notifyTaskFocusChange no need.
03-26 13:44:49.906  3967  8754 D OplusFlexibleDragToSplitAnimController: visibleFlexibleTaskInfos delete:63049
03-26 13:44:49.906  3967  8754 E FlexibleWindowManagerService: notifyTaskObserverToAttachController not need to notify!
03-26 13:44:49.906  3967  8754 I FlexibleWindowManagerService: onFlexibleWindowTaskInfoChanged, return for cur task not embedded
03-26 13:44:49.906  3967  8754 I TaskOrganizerController: onTaskInfoChanged taskid 1 config { mBounds=Rect(0, 0 - 1080, 2344) mAppBounds=Rect(0, 0 - 1080, 2344) mMaxBounds=Rect(0, 0 - 1080, 2344) mDisplayRotation=ROTATION_0 mWindowingMode=fullscreen mActivityType=home mAlwaysOnTop=undefined mRotation=ROTATION_0}
03-26 13:44:49.906  3967  8754 D OplusFlexibleDragToSplitAnimController: visibleFlexibleTaskInfos delete:1
03-26 13:44:49.906  3967  8754 E FlexibleWindowManagerService: notifyTaskObserverToAttachController not need to notify!
03-26 13:44:49.906  3967  8754 I FlexibleWindowManagerService: onFlexibleWindowTaskInfoChanged, return for cur task not embedded
03-26 13:44:49.906  3967  8754 D InsetsSourceProvider: updateSourceFrameForServerVisibility mandatorySystemGestures EMPTY_RECT
03-26 13:44:49.906  3967  8754 D InsetsSourceProvider: updateSourceFrameForServerVisibility mandatorySystemGestures EMPTY_RECT
03-26 13:44:49.908  3967  4230 D InsetsSourceProvider: updateSourceFrameForServerVisibility mandatorySystemGestures EMPTY_RECT
03-26 13:44:49.908  8303  8303 D ActivityThread: ComponentInfo{com.android.launcher/com.android.launcher.Launcher} checkFinished=false 2
03-26 13:44:49.908  8303  8303 D ResourcesManagerExtImpl: applyConfigurationToAppResourcesLocked app.getDisplayId() return callback.displayId:0
03-26 13:44:49.908  8303 13426 E ActivityThread: Failed to find provider info for com.android.launcher.EventContentProvider
03-26 13:44:49.908  8303 13426 E ActivityThread: Failed to find provider info for com.android.launcher.EventContentProvider
03-26 13:44:49.909  3967  4230 D CoreBackPreview:  return markWindowHasDrawn mComposed: false  mWaitTransition: false
03-26 13:44:49.910  3967  8798 D FlexibleTaskController: check task which not have enough child, isInSingleWhiteList:false isCloneTask:false
03-26 13:44:49.911  3967  7910 V WindowManager: Relayout Window{34e04b1 u0 com.google.android.googlequicksearchbox}: viewVisibility=0, oldvis=8, req=1080x2344 , apr = 0, vsysui=
03-26 13:44:49.911  8050  8095 D WindowManagerShell: setLauncherKeepClearAreaHeight: visible=true, height=225
03-26 13:44:49.911  3967  7910 D InsetsSourceProvider: updateSourceFrameForServerVisibility mandatorySystemGestures EMPTY_RECT
03-26 13:44:49.912  3967  7910 D InsetsSourceProvider: updateSourceFrameForServerVisibility mandatorySystemGestures EMPTY_RECT
03-26 13:44:49.912  3967  7910 D WindowManager: relayoutVisibleWindow win:Window{34e04b1 u0 com.google.android.googlequicksearchbox} set mDestroying = false  DestroySavedSurface remove
03-26 13:44:49.912  3967  7910 D QuickBackInputPolicy: hasMultiChildrenInTask: false
03-26 13:44:49.912  3967  7910 D WindowManager: NFW_findFocusedWindowIfNeeded:Window{feb4162 u0 com.android.launcher/com.android.launcher.Launcher} mCurrentFocus:Window{feb4162 u0 com.android.launcher/com.android.launcher.Launcher}
03-26 13:44:49.913  3967  8798 D ActivityTaskManager: Skipping, invisible task: Task{1768a4c #5 type=home I=com.android.launcher/.Launcher}
03-26 13:44:49.913  4978  4978 W VRI[googlequicksearchbox]: updateBlastSurfaceIfNeeded, surfaceSize:Point(1080, 2344), lastSurfaceSize:Point(1080, 2344), format:-2, blastBufferQueue:null
03-26 13:44:49.913  3967  8798 D OplusSplitScreenManagerService: com.android.settings unSupportsSplitScreen by blockList or ForbidActivityList
03-26 13:44:49.913  3967  8798 D ActivityTaskManager: after skip size:3,pre-Filtered:com.routepix # com.android.settings # com.github.android # 
03-26 13:44:49.914  3967  8798 D FlexibleTaskController: check task which not have enough child, isInSingleWhiteList:false isCloneTask:false
03-26 13:44:49.915  3967  8798 D FlexibleTaskController: check task which not have enough child, isInSingleWhiteList:false isCloneTask:false
03-26 13:44:49.915  3967 13949 I AccessibilityWindowsPopulator: getInsensibleFlag flag = 0
03-26 13:44:49.915  3967  4227 I ActivityManager: Showing crash dialog for package com.routepix u0
03-26 13:44:49.915  3967  8798 D FlexibleTaskController: check task which not have enough child, isInSingleWhiteList:false isCloneTask:false
03-26 13:44:49.915  3967  8798 D FlexibleTaskController: check task which not have enough child, isInSingleWhiteList:false isCloneTask:false
03-26 13:44:49.916  3967  4261 D ActivityManager: Cancel freezing 20042 com.oneplus.deskclock:clockWidget
03-26 13:44:49.916  3967  4261 D ActivityManager: Async freezing 20042 com.oneplus.deskclock:clockWidget
03-26 13:44:49.916  3967  4261 D ActivityManager: Cancel freezing 20042 com.oneplus.deskclock:clockWidget
03-26 13:44:49.916  3967  4261 D ActivityManager: Async freezing 20042 com.oneplus.deskclock:clockWidget
03-26 13:44:49.916  3967  8798 D FlexibleTaskController: check task which not have enough child, isInSingleWhiteList:false isCloneTask:false
03-26 13:44:49.918  3967  8798 D FlexibleTaskController: check task which not have enough child, isInSingleWhiteList:false isCloneTask:false
03-26 13:44:49.918  8303  8303 D VRI[Launcher]: relayoutWindow result, sizeChanged:false, surfaceControlChanged:false, transformHintChanged:false, mSurfaceSize:Point(1080, 2344), mLastSurfaceSize:Point(1080, 2344), mWidth:1080, mHeight:2344, requestedWidth:1080, requestedHeight:2344, transformHint:0, installOrientation:0, displayRotation:0, isSurfaceValid:true, attr.flag:-2121203456, tmpFrames:ClientWindowFrames{frame=[0,0][1080,2344] display=[0,0][1080,2344] parentFrame=[0,0][1080,2344]}, relayoutAsync:true, mSyncSeqId:0
03-26 13:44:49.918  8303  8303 W VRI[Launcher]: updateBlastSurfaceIfNeeded, surfaceSize:Point(1080, 2344), lastSurfaceSize:Point(1080, 2344), format:-2, blastBufferQueue:android.graphics.BLASTBufferQueue@14f0716
03-26 13:44:49.918  3967  8798 D FlexibleTaskController: check task which not have enough child, isInSingleWhiteList:false isCloneTask:false
03-26 13:44:49.918  3967 13949 V WindowManager: Relayout Window{feb4162 u0 com.android.launcher/com.android.launcher.Launcher}: viewVisibility=0, oldvis=0, req=1080x2344 , apr = 0, vsysui=LAYOUT_STABLE LAYOUT_HIDE_NAVIGATION LAYOUT_FULLSCREEN
03-26 13:44:49.919  3967  4265 E OplusThermalStats: Error getting package info: com.android.launcher
03-26 13:44:49.919  3967 13949 D InsetsSourceProvider: updateSourceFrameForServerVisibility mandatorySystemGestures EMPTY_RECT
03-26 13:44:49.919  3967 13949 D InsetsSourceProvider: updateSourceFrameForServerVisibility mandatorySystemGestures EMPTY_RECT
03-26 13:44:49.921  3967  8798 D FlexibleTaskController: check task which not have enough child, isInSingleWhiteList:false isCloneTask:false
03-26 13:44:49.921  3967  4246 I UserAwareMgr: handleTopAppChanged: com.google.android.googlequicksearchbox, pid: 4978, uid: 10142
03-26 13:44:49.921  3967  4313 D OplusFeatureDMR[display=0]: onConfigChanged threadId=71 threadName=OplusDisplayWorkHandler physicalDisplayId=4630946640660707475 modeId=4  
03-26 13:44:49.922  3967  8798 D FlexibleTaskController: check task which not have enough child, isInSingleWhiteList:false isCloneTask:false
03-26 13:44:49.923  3967  4261 D ActivityManager: Cancel freezing 20042 com.oneplus.deskclock:clockWidget
03-26 13:44:49.923  3967  8798 D FlexibleTaskController: check task which not have enough child, isInSingleWhiteList:false isCloneTask:false
03-26 13:44:49.924  3967  8798 D FlexibleTaskController: check task which not have enough child, isInSingleWhiteList:false isCloneTask:false
03-26 13:44:49.924  3967 13949 D WindowManager: onSyncFinishedDrawing: Window{34e04b1 u0 com.google.android.googlequicksearchbox}
03-26 13:44:49.924  3967 13949 I WindowManager: finishDrawing skipLayout:false,syncSeqId=0,mPrepareSyncSeqId=0 Window{34e04b1 u0 com.google.android.googlequicksearchbox} com.android.server.wm.WindowManagerService.finishDrawingWindow:3217 com.android.server.wm.Session.finishDrawing:399 android.view.IWindowSession$Stub.onTransact:793 
03-26 13:44:49.924  3967 13949 I WindowManager: Window{34e04b1 u0 com.google.android.googlequicksearchbox} state from DRAW_PENDING to COMMIT_DRAW_PENDING; reason: finishDrawingLocked
03-26 13:44:49.924  3967  4230 D InsetsSourceProvider: updateSourceFrameForServerVisibility mandatorySystemGestures EMPTY_RECT
03-26 13:44:49.925  3967  4230 D InsetsSourceProvider: updateSourceFrameForServerVisibility mandatorySystemGestures EMPTY_RECT
03-26 13:44:49.925  3967  4230 I WindowManager: Window{34e04b1 u0 com.google.android.googlequicksearchbox} state from COMMIT_DRAW_PENDING to READY_TO_SHOW; reason: commitFinishDrawingLocked
03-26 13:44:49.925  3967  4230 D CoreBackPreview:  return markWindowHasDrawn mComposed: false  mWaitTransition: false
03-26 13:44:49.925  3967  4230 D ActivityTaskManager: Clearing startingData for activity=ActivityRecord{64912933 u0 com.android.launcher/.Launcher t5} mStartingData=null mStartingSurface=null
03-26 13:44:49.927  3967  4229 D DisplayManagerServiceExtImpl: scheduleTraversalLocked intraversal=false
03-26 13:44:49.927  3967  4230 D InsetsSourceProvider: updateSourceFrameForServerVisibility mandatorySystemGestures EMPTY_RECT
03-26 13:44:49.927  3967  4230 D CoreBackPreview:  return markWindowHasDrawn mComposed: false  mWaitTransition: false
03-26 13:44:49.927  3967  4230 D ActivityTaskManager: Clearing startingData for activity=ActivityRecord{64912933 u0 com.android.launcher/.Launcher t5} mStartingData=null mStartingSurface=null
03-26 13:44:49.927  3967  4230 D DisplayManagerService: performTraversalInternal pendingTraversal
03-26 13:44:49.927  3967  4230 D DisplayDevice: setLayerStackLocked id=local:4630946640660707475 token=android.os.BinderProxy@d660820 stack=0->0
03-26 13:44:49.927  3967  4317 D LocalDisplayAdapter: setDesiredDisplayModeSpecsAsync: display unique id = local:4630946640660707475, display mode specs = defaultMode=4 allowGroupSwitching=false primaryRanges=physical: (0.0 120.0) render:  (0.0 120.0) appRequestRanges=physical: (0.0 120.0) render:  (0.0 120.0) idleScreenRefreshRate=null
03-26 13:44:49.928  3967  4229 D FlexibleTaskController: check task which not have enough child, isInSingleWhiteList:false isCloneTask:false
03-26 13:44:49.928  3967  4229 I DisplayDeviceRepository: Display device changed render timings: "Built-in screen", renderFrameRate=120.00001, presentationDeadlineNanos=11333333, appVsyncOffsetNanos=1000000, frameRateOverrides=[]
03-26 13:44:49.928  3967  4229 D LogicalDisplayExt: set displayInfo flag FLAG_ROTATES_WITH_CONTENT
03-26 13:44:49.928  3967  4229 D DisplayManagerService: MSG_REQUEST_TRAVERSAL pendingCompleted=false
03-26 13:44:49.928  3967  4313 D OplusFeatureDMR[display=0]: onConfigChanged threadId=71 threadName=OplusDisplayWorkHandler physicalDisplayId=4630946640660707475 modeId=4  
03-26 13:44:49.929  3967  4229 D DisplayManagerService: Delivering display event: displayId=0, event=EVENT_DISPLAY_REFRESH_RATE_CHANGED
03-26 13:44:49.929  3967  4230 D InsetsSourceProvider: updateSourceFrameForServerVisibility mandatorySystemGestures EMPTY_RECT
03-26 13:44:49.929  3967  4230 D CoreBackPreview:  return markWindowHasDrawn mComposed: false  mWaitTransition: false
03-26 13:44:49.929  3967  4230 D ActivityTaskManager: Clearing startingData for activity=ActivityRecord{64912933 u0 com.android.launcher/.Launcher t5} mStartingData=null mStartingSurface=null
03-26 13:44:49.929  3967  8548 D WindowManager: onSyncFinishedDrawing: Window{feb4162 u0 com.android.launcher/com.android.launcher.Launcher}
03-26 13:44:49.929  3967  8548 I WindowManager: finishDrawing skipLayout:false,syncSeqId=0,mPrepareSyncSeqId=0 Window{feb4162 u0 com.android.launcher/com.android.launcher.Launcher} com.android.server.wm.WindowManagerService.finishDrawingWindow:3217 com.android.server.wm.Session.finishDrawing:399 android.view.IWindowSession$Stub.onTransact:793 
03-26 13:44:49.930  3967  4230 D InsetsSourceProvider: updateSourceFrameForServerVisibility mandatorySystemGestures EMPTY_RECT
03-26 13:44:49.930  3967  4230 D InsetsSourceProvider: updateSourceFrameForServerVisibility mandatorySystemGestures EMPTY_RECT
03-26 13:44:49.930  3967  4230 D CoreBackPreview:  return markWindowHasDrawn mComposed: false  mWaitTransition: false
03-26 13:44:49.930  3967  4230 D ActivityTaskManager: Clearing startingData for activity=ActivityRecord{64912933 u0 com.android.launcher/.Launcher t5} mStartingData=null mStartingSurface=null
03-26 13:44:49.933  7647 29678 E ActivityThread: Failed to find provider info for com.oplus.thirdkit
03-26 13:44:49.935  3967  7336 D BackgroundInstallControlService: Package event received: 0
03-26 13:44:49.937  3967  4230 D CoreBackPreview:  return markWindowHasDrawn mComposed: false  mWaitTransition: false
03-26 13:44:49.937  3967  4230 D ActivityTaskManager: Clearing startingData for activity=ActivityRecord{64912933 u0 com.android.launcher/.Launcher t5} mStartingData=null mStartingSurface=null
03-26 13:44:49.941  3967  4227 D WindowManager: NFW_findFocusedWindowIfNeeded:Window{4220501 u0 Application Error: com.routepix} mCurrentFocus:Window{feb4162 u0 com.android.launcher/com.android.launcher.Launcher}
03-26 13:44:49.942  3967  4227 V WindowManager: Changing focus from Window{feb4162 u0 com.android.launcher/com.android.launcher.Launcher} to Window{4220501 u0 Application Error: com.routepix},diplayid=0
03-26 13:44:49.943  3967  4227 I WindowManager: addWindow: New client android.view.OplusViewRootImplHooks$ColorW@25d6c0b : window=Window{4220501 u0 Application Error: com.routepix}
03-26 13:44:49.945  3967  4230 D CoreBackPreview:  return markWindowHasDrawn mComposed: false  mWaitTransition: false
03-26 13:44:49.945  3967  4230 D ActivityTaskManager: Clearing startingData for activity=ActivityRecord{64912933 u0 com.android.launcher/.Launcher t5} mStartingData=null mStartingSurface=null
03-26 13:44:49.949  3967  9912 E KernelCpuUidFreqTimeReader: Negative delta from freq time for uid: 90000, delta: -1
03-26 13:44:49.949  3967  9912 E KernelCpuUidFreqTimeReader: Negative delta from freq time for uid: 90002, delta: -615
03-26 13:44:49.949  3967  9912 E KernelCpuUidFreqTimeReader: Negative delta from freq time for uid: 90003, delta: -88
03-26 13:44:49.949  3967  9912 E KernelCpuUidFreqTimeReader: Negative delta from freq time for uid: 90004, delta: -1531
03-26 13:44:49.949  3967  9912 E KernelCpuUidFreqTimeReader: Negative delta from freq time for uid: 90005, delta: -7
03-26 13:44:49.949  3967  9912 E KernelCpuUidFreqTimeReader: Negative delta from freq time for uid: 99016, delta: -253
03-26 13:44:49.949  3967  9912 E KernelCpuUidFreqTimeReader: Negative delta from freq time for uid: 99032, delta: -31
03-26 13:44:49.949  3967  9912 E KernelCpuUidFreqTimeReader: Negative delta from freq time for uid: 99033, delta: -21
03-26 13:44:49.949  3967  9912 E KernelCpuUidFreqTimeReader: Negative delta from freq time for uid: 99035, delta: -9
03-26 13:44:49.950  3967  4227 D WindowManager: DeferredDisplayUpdater: partially applying DisplayInfo(1080 x 2344) immediately
03-26 13:44:49.951  3967  4227 D OplusVFXScreenEffectFeature: notifySFCompatWindowStateChange entered false
03-26 13:44:49.951  3967  4227 D FSS_FoldScreenBlackCoverController: displayChangeToOn, dc:Display{#0 state=ON size=1080x2344 ROTATION_0}
03-26 13:44:49.952  3967  4227 D InsetsSourceProvider: updateSourceFrameForServerVisibility mandatorySystemGestures EMPTY_RECT
03-26 13:44:49.952  3967  4227 D CoreBackPreview:  return markWindowHasDrawn mComposed: false  mWaitTransition: false
03-26 13:44:49.952  3967  4227 D ActivityTaskManager: Clearing startingData for activity=ActivityRecord{64912933 u0 com.android.launcher/.Launcher t5} mStartingData=null mStartingSurface=null
03-26 13:44:49.953  3967  4230 D CoreBackPreview:  return markWindowHasDrawn mComposed: false  mWaitTransition: false
03-26 13:44:49.953  3967  4230 D ActivityTaskManager: Clearing startingData for activity=ActivityRecord{64912933 u0 com.android.launcher/.Launcher t5} mStartingData=null mStartingSurface=null
03-26 13:44:49.954  3967  4227 D CoreBackPreview: Window{4220501 u0 Application Error: com.routepix}: Setting back callback OnBackInvokedCallbackInfo{mCallback=android.window.WindowOnBackInvokedDispatcher$OnBackInvokedCallbackWrapper@e147e18, mPriority=-1, mIsAnimationCallback=false, mOverrideBehavior=0}
03-26 13:44:49.955  3967  8553 D ActivityManager: Async freezing 20042 com.oneplus.deskclock:clockWidget
03-26 13:44:49.955  3967  8548 I ActivityManager: Death received, pid = 20869, processName = android.process.media for thread android.os.BinderProxy@fb4ff77
03-26 13:44:49.956  3967  4227 V WindowManager: Relayout Window{4220501 u0 Application Error: com.routepix}: viewVisibility=0, oldvis=0, req=1080x627 , apr = 0, vsysui=, x=0, y=0
03-26 13:44:49.956  3967  4227 I WindowManager: Window{4220501 u0 Application Error: com.routepix} state from NO_SURFACE to DRAW_PENDING; reason: resetDrawState
03-26 13:44:49.956  3967 13100 I ActivityManager: Process android.process.media (pid 20869) has died: cch+45 CEM 
03-26 13:44:49.956  3967  4227 D InsetsSourceProvider: updateSourceFrameForServerVisibility mandatorySystemGestures EMPTY_RECT
03-26 13:44:49.957  3967  4227 D InsetsSourceProvider: updateSourceFrameForServerVisibility mandatorySystemGestures EMPTY_RECT
03-26 13:44:49.957  3967  4227 D CoreBackPreview:  return markWindowHasDrawn mComposed: false  mWaitTransition: false
03-26 13:44:49.957  3967  4227 D ActivityTaskManager: Clearing startingData for activity=ActivityRecord{64912933 u0 com.android.launcher/.Launcher t5} mStartingData=null mStartingSurface=null
03-26 13:44:49.957  3967  4227 D WindowManager: NFW_findFocusedWindowIfNeeded:Window{4220501 u0 Application Error: com.routepix} mCurrentFocus:Window{4220501 u0 Application Error: com.routepix}
03-26 13:44:49.959  3967  5162 D ActivityManager: reportOneUidFrozenStateChanged uid 10081 frozen = false
03-26 13:44:49.961  3967  4246 W QosScheduler: executeSceneQosStrategy failed! qos feature no enable
03-26 13:44:49.961  3967  4230 D CoreBackPreview:  return markWindowHasDrawn mComposed: false  mWaitTransition: false
03-26 13:44:49.961  3967  4230 D ActivityTaskManager: Clearing startingData for activity=ActivityRecord{64912933 u0 com.android.launcher/.Launcher t5} mStartingData=null mStartingSurface=null
03-26 13:44:49.969  3967  8827 I ActivityManager: Death received, pid = 20903, processName = com.google.android.projection.gearhead:shared for thread android.os.BinderProxy@888c797
03-26 13:44:49.969  3967  4227 I WindowManager: Window{4220501 u0 Application Error: com.routepix} state from DRAW_PENDING to COMMIT_DRAW_PENDING; reason: finishDrawingLocked
03-26 13:44:49.969  3967  4230 D InsetsSourceProvider: updateSourceFrameForServerVisibility mandatorySystemGestures EMPTY_RECT
03-26 13:44:49.969  3967  7954 I ActivityManager: Process com.google.android.projection.gearhead:shared (pid 20903) has died: cch+45 CEM 
03-26 13:44:49.970  3967  4230 D InsetsSourceProvider: updateSourceFrameForServerVisibility mandatorySystemGestures EMPTY_RECT
03-26 13:44:49.970  3967  4230 I WindowManager: Window{4220501 u0 Application Error: com.routepix} state from COMMIT_DRAW_PENDING to READY_TO_SHOW; reason: commitFinishDrawingLocked
03-26 13:44:49.971  3967  4317 D VRR [OPlusRefreshRateService]: handleConfigIdChange physicalDisplayId: 4630946640660707475 configId: 4 renderPeriod: 8333333
03-26 13:44:49.971  3967  4317 D VRR [OPlusGameStatusManager]: updateGameState mOSyncFeatureSwitch: false mIsGamePolicy: false
03-26 13:44:49.971  3967  4317 D VRR [OPlusGameStatusManager]: updateGameAccelerationStatus pkgName: com.routepix mOSyncFeatureSwitch: false mIsGamePolicy: false mHeartStop: false mHasFlickerRisk: false mForceAcceleration: false mToastReady: false enable: false
03-26 13:44:49.974  3967  8581 I ActivityManager: Death received, pid = 22728, processName = com.android.providers.calendar for thread android.os.BinderProxy@c30d553
03-26 13:44:49.975  3967  4230 I WindowManager: Window{4220501 u0 Application Error: com.routepix} state from READY_TO_SHOW to HAS_DRAWN; reason: performShowLocked
03-26 13:44:49.975  3967  4230 D CoreBackPreview:  return markWindowHasDrawn mComposed: false  mWaitTransition: false
03-26 13:44:49.975  3967  4230 D ActivityTaskManager: Clearing startingData for activity=ActivityRecord{64912933 u0 com.android.launcher/.Launcher t5} mStartingData=null mStartingSurface=null
03-26 13:44:49.975  3967  4230 D CoreBackPreview:  return markWindowHasDrawn mComposed: false  mWaitTransition: false
03-26 13:44:49.975  3967  4230 D ActivityTaskManager: Clearing startingData for activity=ActivityRecord{64912933 u0 com.android.launcher/.Launcher t5} mStartingData=null mStartingSurface=null
03-26 13:44:49.977  3967  5162 D ActivityManager: reportOneUidFrozenStateChanged uid 10114 frozen = false
03-26 13:44:49.978  3967  4230 D CoreBackPreview:  return markWindowHasDrawn mComposed: false  mWaitTransition: false
03-26 13:44:49.978  3967  4230 D ActivityTaskManager: Clearing startingData for activity=ActivityRecord{64912933 u0 com.android.launcher/.Launcher t5} mStartingData=null mStartingSurface=null
03-26 13:44:49.978  3967  4231 D SurfaceAnimationRunner: onAnimationStart:Surface(name=Dim Layer for - Display 0 name="Built-in screen")/@0x96973af
03-26 13:44:49.978  3967  4231 D SurfaceAnimationRunner: onAnimationStart:Surface(name=Surface(name=4220501 Application Error: com.routepix)/@0x28a0142 - animation-leash of window_animation)/@0x8bd8389
03-26 13:44:49.979  3967 13100 I ActivityManager: Process com.android.providers.calendar (pid 22728) has died: cch+25 CEM 
03-26 13:44:49.980  3967  5162 D ActivityManager: reportOneUidFrozenStateChanged uid 10246 frozen = false
03-26 13:44:49.982  3967  4230 D InsetsSourceProvider: updateSourceFrameForServerVisibility mandatorySystemGestures EMPTY_RECT
03-26 13:44:49.982  3967  4230 D InsetsSourceProvider: updateSourceFrameForServerVisibility mandatorySystemGestures EMPTY_RECT
03-26 13:44:49.982  3967  4230 D CoreBackPreview:  return markWindowHasDrawn mComposed: false  mWaitTransition: false
03-26 13:44:49.982  3967  4230 D ActivityTaskManager: Clearing startingData for activity=ActivityRecord{64912933 u0 com.android.launcher/.Launcher t5} mStartingData=null mStartingSurface=null
03-26 13:44:49.986  3967  4230 D CoreBackPreview:  return markWindowHasDrawn mComposed: false  mWaitTransition: false
03-26 13:44:49.986  3967  4230 D ActivityTaskManager: Clearing startingData for activity=ActivityRecord{64912933 u0 com.android.launcher/.Launcher t5} mStartingData=null mStartingSurface=null
