03-26 13:44:47.727  8050  8095 V WindowManagerShell:         {m=TO_FRONT f=MOVE_TO_TOP leash=Surface(name=Task=63049)/@0xcadf0d9 sb=Rect(0, 0 - 1080, 2344) eb=Rect(0, 0 - 1080, 2344) epz=Point(1080, 2344) d=0 taskParent=-1},
03-26 13:44:47.727  8050  8095 V WindowManagerShell:         {m=TO_BACK f=SHOW_WALLPAPER leash=Surface(name=Task=1)/@0x647da9e sb=Rect(0, 0 - 1080, 2344) eb=Rect(0, 0 - 1080, 2344) epz=Point(1080, 2344) d=0 taskParent=-1}
03-26 13:44:47.727  8050  8095 V WindowManagerShell:     ] 
03-26 13:44:47.727  8050  8095 V WindowManagerShell: extendInfo=[
03-26 13:44:47.727  8050  8095 V WindowManagerShell:  OplusTransitionExtendedInfo{mTmpFinishT=null, mInOplusCompatMode=false, mIsProcessRunning=false, mHasMismatchBoundsTarget=false, mRecentsController=null, mRemoteTransition=null, mIsTranslucentActivityToHome=false, mAvoidInterceptKeyEventToHome=false, mIsFromHome=true, mParentLeash=null, mBackAnimClosingLeash=null, mIsOplusAnimRes=false, mKeepBgForContinuous=false, mIsBalAllow=false, mTaskNotInRecent=false, mIsPredictiveBackAnim=false, mIsMergedWithPredictive=false, mIsLaunchFromSpruce=false, mIsLaunchFromDrive=false, mGlobalSearchPageSwitch=false, mNeedNoAlphaGlobalSearchScene=false, mAssistScreenShowing=false, mSwipeUpBrowserScreenShowing=false, mUserIdTransition=0
03-26 13:44:47.727  8050  8095 V WindowManagerShell: , mInRemoteScene=false, mInPreReady=false, mPreStart=false, mToken=null, mAbortByRemoteFromHome=false, mShellApplyToken=null, mRequestTransitionTaskId=63049, mAbortTransitionOnShell=0, mStartFromShortcut=false, mRemovedTaskId=-1, mTransitionInterruptType=0, mMergeSecondTaskId=-1, mTaskIdStartFromRecents=0, mTransitionId=11251, mCanUseSpringSlideAnim=false, mTransitionLaunchFrom=0, mFoldChangeType=-1, mAnimStartingPosition=[0, 0, 0, 0], mIsOpeningStkDialogActivity=false, mSecondaryHomeToFrontWhenUnFolding=false, mIsNeedApplyStartTForEmbedded=false
03-26 13:44:47.727  8050  8095 V WindowManagerShell: , mNeedCanvasExitAnim=false, mMergeSecondTaskAnimation=false, mIsLaunchUnityStart=false, mIsLaunchFromAssistantByDefault=false, mSkipRemoteTransitionfalse, mIsStartFromKeyguard=false flags=0x0, mWCT=null, mIsOpenMergeToInValidPredictive=false, mPromoteTaskWhenKeyguard-1, mRootLayerZOrderArray={}}]}
03-26 13:44:47.728  3967  5028 I MemoryOperationUtils: add 24957 to inactive
03-26 13:44:47.728  3967  4230 D InsetsSourceProvider: updateSourceFrameForServerVisibility mandatorySystemGestures EMPTY_RECT
03-26 13:44:47.728  3967  4230 I TaskOrganizerController: onTaskInfoChanged taskid 63049 config { mBounds=Rect(0, 0 - 1080, 2344) mAppBounds=Rect(0, 0 - 1080, 2344) mMaxBounds=Rect(0, 0 - 1080, 2344) mDisplayRotation=ROTATION_0 mWindowingMode=fullscreen mActivityType=standard mAlwaysOnTop=undefined mRotation=ROTATION_0}
03-26 13:44:47.728  3967  4230 D OplusFlexibleDragToSplitAnimController: visibleFlexibleTaskInfos delete:63049
03-26 13:44:47.728  3967  4230 E FlexibleWindowManagerService: notifyTaskObserverToAttachController not need to notify!
03-26 13:44:47.728  3967  4230 I FlexibleWindowManagerService: onFlexibleWindowTaskInfoChanged, return for cur task not embedded
03-26 13:44:47.728  8050  8095 V WindowManagerShell: Playing animation for (#11251) android.os.BinderProxy@95a32fd@0
03-26 13:44:47.728  8050  8095 V WindowManagerShell:  try firstHandler com.android.wm.shell.transition.DefaultMixedHandler@5a7c13c
03-26 13:44:47.728  8050  8095 V WindowManagerShell: Mixed transition for opening an intent with a remote transition and PIP or Desktop #11251
03-26 13:44:47.728  8050  8095 V WindowManagerShell: tryAnimateOpenIntentWithRemoteAndPipOrDesktop
03-26 13:44:47.728  8050  8095 V WindowManagerShell:  Delegate animation for (#11251) to RemoteTransition { remoteTransition = android.window.IRemoteTransition$Stub$Proxy@6c500c0, appThread = android.app.IApplicationThread$Stub$Proxy@c9c01f9, debugName = QuickstepLaunch }
03-26 13:44:47.729  8050  8095 V WindowManagerShell:  animated by firstHandler
03-26 13:44:47.731  3967  8356 I BLASTSyncEngine: onCommitted syncId: 11251, timeout: false ran: false
03-26 13:44:47.739  3967  4230 E OplusAppQuickStart_AppQuickStartController: scheduleHideStartingSurface addAfterPrepareSurface for:ActivityRecord{116967515 u0 com.routepix/.MainActivity
03-26 13:44:47.740  3967  8356 D ActivityTaskManagerServiceExtImpl: preBindApplication record is null
03-26 13:44:47.745 24957 24957 V Configuration: Updating configuration, locales updated from [] to [en_IN]
03-26 13:44:47.747 24957 24957 E OplusCustomizePackageManager: mIOplusCustomizePackageManagerService is null
03-26 13:44:47.747 24957 24957 E OplusCustomizePackageManager: mIOplusCustomizePackageManagerService is null
03-26 13:44:47.747 24957 24957 E OplusCustomizePackageManager: isOplusCertificatePackage Errorjava.lang.NullPointerException: Attempt to invoke interface method 'boolean android.os.customize.IOplusCustomizePackageManagerService.isOplusCertificatePackage(java.lang.String)' on a null object reference
03-26 13:44:47.751  3967  8356 I ActivityTaskManager: Process com.routepix restarted
03-26 13:44:47.753  3967  8356 D FlexibleTaskController: isFullToFlexibleAnimating: false
03-26 13:44:47.753  3967  8356 D WindowManager: rotation(ROTATION_0) no changed  displayId = 0, lastOrientation = -1
03-26 13:44:47.753  3967  8356 I TaskOrganizerController: onTaskInfoChanged taskid 63049 config { mBounds=Rect(0, 0 - 1080, 2344) mAppBounds=Rect(0, 0 - 1080, 2344) mMaxBounds=Rect(0, 0 - 1080, 2344) mDisplayRotation=ROTATION_0 mWindowingMode=fullscreen mActivityType=standard mAlwaysOnTop=undefined mRotation=ROTATION_0}
03-26 13:44:47.753  3967  8356 D OplusFlexibleDragToSplitAnimController: visibleFlexibleTaskInfos delete:63049
03-26 13:44:47.753  3967  8356 E FlexibleWindowManagerService: notifyTaskObserverToAttachController not need to notify!
03-26 13:44:47.753  3967  8356 I FlexibleWindowManagerService: onFlexibleWindowTaskInfoChanged, return for cur task not embedded
03-26 13:44:47.753  3967  8356 D OplusDexOptimizeManager: androidPackage inappropriate state!
03-26 13:44:47.754  3967  8356 D ActivityTaskManager: onWindowFocusChanged Task{374afe6 #63049 type=standard A=10622:com.routepix} would transfer to compact
03-26 13:44:47.754  3967  4246 I UserAwareMgr: handleTopAppChanged: com.routepix, pid: 24953, uid: 10622
03-26 13:44:47.754  3967  8356 D ActivityTaskManager: NFW_setLastResumedActivityUncheckLocked:true r:ActivityRecord{116967515 u0 com.routepix/.MainActivity t63049} currentFocus:null
03-26 13:44:47.754  3967  8356 D WindowManager: NFW_findFocusedWindowIfNeeded:null mCurrentFocus:null
03-26 13:44:47.754  3967  8356 D FlexibleTaskController: onTaskFocusChanged prevTask:Task{1768a4c #5 type=home I=com.android.launcher/.Launcher} ,currentTask:Task{374afe6 #63049 type=standard A=10622:com.routepix}, reason: realStartActivityLocked - onActivityStateChanged
03-26 13:44:47.754  3967  8356 D OplusFlexibleDCSManager: onNextPkgChanged pkg = com.routepix
03-26 13:44:47.754  3967  8356 D OplusVisibleTasks:  notifyTaskFocusChange no need.
03-26 13:44:47.754  3967  8356 I OplusAppSwitchManagerService: appswitch hasProcess ActivityRecord{116967515 u0 com.routepix/.MainActivity t63049}
03-26 13:44:47.754  3967  8356 I OplusJoystickManager: handleApplicationSwitch deprecated!
03-26 13:44:47.754  3967  8356 I GameManagerServiceExt-GameManagerServiceExt: on FG change: com.android.launcher|com.routepix
03-26 13:44:47.754  3967  8356 I OplusAppSwitchManagerService: appswitch hasProcess ActivityRecord{116967515 u0 com.routepix/.MainActivity t63049}
03-26 13:44:47.755  3967  8533 D OplusEapManager: mTargetExitName :com.android.launcher
03-26 13:44:47.755  3967  4313 D OplusAppSwitchListener: App Activity Change
03-26 13:44:47.755  3967  4313 D OplusAppSwitchListener: Detect com.android.launcher switch to background
03-26 13:44:47.755  3967  4313 D OplusFeatureReduceBrightness: onAppExit , info = com.android.launcher
03-26 13:44:47.755  3967  4313 D OplusAppSwitchListener: Detect com.routepix switch to foreground
03-26 13:44:47.755  3967  4313 W OplusFeatureGlobalLimitBrightness: switch to display normal mode 
03-26 13:44:47.755  3967  4313 E OplusHwDisplayRusAdfr: panel id 0 config param is invalid and xml version = -1
03-26 13:44:47.755  3967  4313 E OplusHwDisplayRusAdfr: panel id 0 config param is invalid and xml version = -1
03-26 13:44:47.755  3967  4317 D VRR [OPlusRefreshRateService]: handleFrontAppChange pkgName: null
03-26 13:44:47.755  3967  8533 D OplusAppSwitchRuleInfo: generateAppEnterInfo - launch_source_type = launcherRecentTask , launch_source_traceid = 
03-26 13:44:47.755  3967  8533 D OplusAppSwitchRuleInfo: generateAppEnterInfo - launch_source_type = launcherRecentTask , launch_source_traceid = 
03-26 13:44:47.755  3967  8533 D OplusEapManager: mTargetEnterName :com.routepix
03-26 13:44:47.755  3967  8533 D OplusAppSwitchRuleInfo: generateAppEnterInfo - launch_source_type = launcherRecentTask , launch_source_traceid = 
03-26 13:44:47.755  3967  8533 D OplusAppSwitchRuleInfo: generateAppEnterInfo - launch_source_type = launcherRecentTask , launch_source_traceid = 
03-26 13:44:47.755  3967  8533 D OplusAppSwitchRuleInfo: generateAppEnterInfo - launch_source_type = launcherRecentTask , launch_source_traceid = 
03-26 13:44:47.755  3967  8533 D OplusAppSwitchRuleInfo: generateAppEnterInfo - launch_source_type = launcherRecentTask , launch_source_traceid = 
03-26 13:44:47.755  3967  8533 D OplusAppSwitchRuleInfo: generateAppEnterInfo - launch_source_type = launcherRecentTask , launch_source_traceid = 
03-26 13:44:47.755  3967  8533 D OplusAppSwitchRuleInfo: generateAppEnterInfo - launch_source_type = launcherRecentTask , launch_source_traceid = 
03-26 13:44:47.755  3967  8533 D OplusAppSwitchRuleInfo: generateAppEnterInfo - launch_source_type = launcherRecentTask , launch_source_traceid = 
03-26 13:44:47.755  3967  4305 D OplusBiometricsDisplayHelper: isFold: false, isUnblockByFp: null
03-26 13:44:47.756  3967  8533 D OplusAppSwitchRuleInfo: generateActivityEnterInfo - launch_source_type = launcherRecentTask , launch_source_traceid = 
03-26 13:44:47.756  3967  4265 E OplusThermalStats: Error getting package info: com.routepix
03-26 13:44:47.756  3967  4229 D FlexibleTaskController: check task which not have enough child, isInSingleWhiteList:false isCloneTask:false
03-26 13:44:47.756  3967  4317 D VRR [OPlusRefreshRateService]: handleFrontAppChange pkgName: com.routepix
03-26 13:44:47.756  3967  4317 D VRR [OPlusSAManager]: updateAutoMinfps for 4630946640660707475 with nits: 85.05277, mHistOK true, mAmbientOK true, mCctOK true, mIrOK true, mBrightnessOK true, isPkgOK true, SA min fps: 119
03-26 13:44:47.757 24957 24957 D ResourcesManagerExtImpl: applyConfigurationToAppResourcesLocked app.getDisplayId() return callback.displayId:-1
03-26 13:44:47.757  3967  8356 D OplusBatteryServiceFeature: setSmartCoolDown: coolDown = 4, normalCoolDown = 4, pkgName = com.routepix
03-26 13:44:47.758  3967 14003 I ActivityManager: Flag disabled. Ignoring finishAttachApplication from uid: 10297. pid: 24957
03-26 13:44:47.759  3967  7336 D BackgroundInstallControlService: Package event received: 0
03-26 13:44:47.760  3967  8356 D ActivityManager: Async freezing 24957 com.qualcomm.qti.workloadclassifier
03-26 13:44:47.762  3967  9912 E KernelCpuUidFreqTimeReader: Negative delta from freq time for uid: 90000, delta: -1
03-26 13:44:47.762  3967  9912 E KernelCpuUidFreqTimeReader: Negative delta from freq time for uid: 90002, delta: -615
03-26 13:44:47.762  3967  9912 E KernelCpuUidFreqTimeReader: Negative delta from freq time for uid: 90003, delta: -88
03-26 13:44:47.762  3967  9912 E KernelCpuUidFreqTimeReader: Negative delta from freq time for uid: 90004, delta: -1531
03-26 13:44:47.762  3967  9912 E KernelCpuUidFreqTimeReader: Negative delta from freq time for uid: 90005, delta: -7
03-26 13:44:47.762  3967  9912 E KernelCpuUidFreqTimeReader: Negative delta from freq time for uid: 99016, delta: -253
03-26 13:44:47.762  3967  9912 E KernelCpuUidFreqTimeReader: Negative delta from freq time for uid: 99032, delta: -31
03-26 13:44:47.762  3967  9912 E KernelCpuUidFreqTimeReader: Negative delta from freq time for uid: 99033, delta: -21
03-26 13:44:47.762  3967  9912 E KernelCpuUidFreqTimeReader: Negative delta from freq time for uid: 99035, delta: -9
03-26 13:44:47.763  3967  5024 D ActivityManager: Cancel freezing 24957 com.qualcomm.qti.workloadclassifier
03-26 13:44:47.763 24953 24953 V Configuration: Updating configuration, locales updated from [] to [en_IN]
03-26 13:44:47.765  3967 14003 D FlexibleTaskController: check task which not have enough child, isInSingleWhiteList:false isCloneTask:false
03-26 13:44:47.814  3967  8553 D ActivityTaskManager: Skipping, invisible task: Task{1768a4c #5 type=home I=com.android.launcher/.Launcher}
03-26 13:44:47.814  3967  8553 D OplusSplitScreenManagerService: com.android.settings unSupportsSplitScreen by blockList or ForbidActivityList
03-26 13:44:47.814  3967  8553 D ActivityTaskManager: after skip size:3,pre-Filtered:com.routepix # com.android.settings # com.github.android # 
03-26 13:44:47.833  3967  5180 V AlarmManager: sending alarm Alarm{dfc0271 type 3 origWhen 616073859 whenElapsed 616073859 android} uid 1000 whenElapsed 616073859 windowLength 0 maxWhenElapsed 616073859 repeatInterval 0 action null component null tag *job.delay* flags 0x0 procName system_server
03-26 13:44:47.834  3967  5180 V AlarmManager: sending alarm Alarm{73310d7 type 3 origWhen 616073515 whenElapsed 616073515 com.android.nfc} uid 1027 whenElapsed 616073515 windowLength 45000 maxWhenElapsed 616118515 repeatInterval 60000 action android.nfc.intent.action.WATCHDOG component null flags 0x8 procName com.android.nfc
03-26 13:44:47.919  3967  8356 I StatusBarManagerService: disableLocked, what:0, pkg:com.android.launcher userId: 0 token:android.os.BinderProxy@e7709b9 net1:0 net2:0
03-26 13:44:47.922  8050  8095 V WindowManagerShell: Transition animation finished (aborted=false), notifying core (#11251) android.os.BinderProxy@95a32fd@0
03-26 13:44:47.922  8050  8095 D SplitScreen-->AppLockManager: setStartFromSafeControl mStartFromSafeControl=false
03-26 13:44:47.923  3967  8356 D Transition: finishTransition ar ActivityRecord{64912933 u0 com.android.launcher/.Launcher t5}, isVisibleRequested=false, state=PAUSED, visibleAtTransitionEndTokens={ActivityRecord{116967515 u0 com.routepix/.MainActivity t63049}, WallpaperWindowToken{c8f07e8 showWhenLocked=false}}, this=TransitionRecord{294f15d id=11251 track=0 type=OPEN flags=0x0 state=2 c=[
03-26 13:44:47.923  3967  8356 D Transition:    ChangeInfo{5c91230 container=Task{1768a4c #5 type=home I=com.android.launcher/.Launcher} flags=0x10}
03-26 13:44:47.923  3967  8356 D Transition:    ChangeInfo{7e2667a container=Task{374afe6 #63049 type=standard A=10622:com.routepix} flags=0x30}
03-26 13:44:47.923  3967  8356 D Transition:    ChangeInfo{b478ea9 container=ActivityRecord{64912933 u0 com.android.launcher/.Launcher t5} flags=0x0}
03-26 13:44:47.923  3967  8356 D Transition:    ChangeInfo{aa56c2e container=Display{#0 state=ON size=1080x2344 ROTATION_0} flags=0x0}
03-26 13:44:47.923  3967  8356 D Transition:    ChangeInfo{8f943cf container=ActivityRecord{116967515 u0 com.routepix/.MainActivity t63049} flags=0x0}
03-26 13:44:47.923  3967  8356 D Transition:    ChangeInfo{5e5215c container=WallpaperWindowToken{7c519b3 showWhenLocked=true} flags=0x0}
03-26 13:44:47.923  3967  8356 D Transition:    ChangeInfo{be16c65 container=OneHanded:0:14@147097514 flags=0x0}
03-26 13:44:47.923  3967  8356 D Transition:    ChangeInfo{2fafe2b container=Task{94ed55a #1 type=home} flags=0x10}
03-26 13:44:47.923  3967  8356 D Transition:    ChangeInfo{9201d3a container=DefaultTaskDisplayArea@169605759 flags=0x0}
03-26 13:44:47.923  3967  8356 D Transition:    ChangeInfo{704deb container=WallpaperWindowToken{c8f07e8 showWhenLocked=false} flags=0x0}
03-26 13:44:47.923  3967  8356 D Transition: ]
03-26 13:44:47.923  3967  8356 D Transition: }
03-26 13:44:47.923  3967  8356 D ActivityTaskManager: commitVisibility: ActivityRecord{64912933 u0 com.android.launcher/.Launcher t5}: visible=false visibleRequested=false, isInTransition=false 
03-26 13:44:47.923  3967  8356 D WindowManager: NFW_setClientVisible:ActivityRecord{64912933 u0 com.android.launcher/.Launcher t5} clientVisible:false
03-26 13:44:47.924  3967  8356 I WindowManager: Window{34e04b1 u0 com.google.android.googlequicksearchbox} state from HAS_DRAWN to DRAW_PENDING; reason: resetDrawState
03-26 13:44:47.924  3967  8356 D Transition: finishTransition ar ActivityRecord{116967515 u0 com.routepix/.MainActivity t63049}, isVisibleRequested=true, state=RESUMED, visibleAtTransitionEndTokens={ActivityRecord{116967515 u0 com.routepix/.MainActivity t63049}, WallpaperWindowToken{c8f07e8 showWhenLocked=false}}, this=TransitionRecord{294f15d id=11251 track=0 type=OPEN flags=0x0 state=2 c=[
03-26 13:44:47.924  3967  8356 D Transition:    ChangeInfo{5c91230 container=Task{1768a4c #5 type=home I=com.android.launcher/.Launcher} flags=0x10}
03-26 13:44:47.924  3967  8356 D Transition:    ChangeInfo{7e2667a container=Task{374afe6 #63049 type=standard A=10622:com.routepix} flags=0x30}
03-26 13:44:47.924  3967  8356 D Transition:    ChangeInfo{b478ea9 container=ActivityRecord{64912933 u0 com.android.launcher/.Launcher t5} flags=0x0}
03-26 13:44:47.924  3967  8356 D Transition:    ChangeInfo{aa56c2e container=Display{#0 state=ON size=1080x2344 ROTATION_0} flags=0x0}
03-26 13:44:47.924  3967  8356 D Transition:    ChangeInfo{8f943cf container=ActivityRecord{116967515 u0 com.routepix/.MainActivity t63049} flags=0x0}
03-26 13:44:47.924  3967  8356 D Transition:    ChangeInfo{5e5215c container=WallpaperWindowToken{7c519b3 showWhenLocked=true} flags=0x0}
03-26 13:44:47.924  3967  8356 D Transition:    ChangeInfo{be16c65 container=OneHanded:0:14@147097514 flags=0x0}
03-26 13:44:47.924  3967  8356 D Transition:    ChangeInfo{2fafe2b container=Task{94ed55a #1 type=home} flags=0x10}
03-26 13:44:47.924  3967  8356 D Transition:    ChangeInfo{9201d3a container=DefaultTaskDisplayArea@169605759 flags=0x0}
03-26 13:44:47.924  3967  8356 D Transition:    ChangeInfo{704deb container=WallpaperWindowToken{c8f07e8 showWhenLocked=false} flags=0x0}
03-26 13:44:47.924  3967  8356 D Transition: ]
03-26 13:44:47.924  3967  8356 D Transition: }
03-26 13:44:47.924  3967  8356 D WindowManager: NFW_setClientVisible:WallpaperWindowToken{c8f07e8 showWhenLocked=false} clientVisible:false
03-26 13:44:47.924  3967  8356 I OplusAppSwitchManagerService:  handleAppVisible , r = ActivityRecord{116967515 u0 com.routepix/.MainActivity t63049}
03-26 13:44:47.924  3967  8356 D OplusTransitionController: finishTransition, transition: TransitionRecord{294f15d id=11251 track=0 type=OPEN flags=0x0 state=4 c=[
03-26 13:44:47.924  3967  8356 D OplusTransitionController:    ChangeInfo{5c91230 container=Task{1768a4c #5 type=home I=com.android.launcher/.Launcher} flags=0x10}
03-26 13:44:47.924  3967  8356 D OplusTransitionController:    ChangeInfo{7e2667a container=Task{374afe6 #63049 type=standard A=10622:com.routepix} flags=0x30}
03-26 13:44:47.924  3967  8356 D OplusTransitionController:    ChangeInfo{b478ea9 container=ActivityRecord{64912933 u0 com.android.launcher/.Launcher t5} flags=0x0}
03-26 13:44:47.924  3967  8356 D OplusTransitionController:    ChangeInfo{aa56c2e container=Display{#0 state=ON size=1080x2344 ROTATION_0} flags=0x0}
03-26 13:44:47.924  3967  8356 D OplusTransitionController:    ChangeInfo{8f943cf container=ActivityRecord{116967515 u0 com.routepix/.MainActivity t63049} flags=0x0}
03-26 13:44:47.924  3967  8356 D OplusTransitionController:    ChangeInfo{5e5215c container=WallpaperWindowToken{7c519b3 showWhenLocked=true} flags=0x0}
03-26 13:44:47.924  3967  8356 D OplusTransitionController:    ChangeInfo{be16c65 container=OneHanded:0:14@147097514 flags=0x0}
03-26 13:44:47.924  3967  8356 D OplusTransitionController:    ChangeInfo{2fafe2b container=Task{94ed55a #1 type=home} flags=0x10}
03-26 13:44:47.924  3967  8356 D OplusTransitionController:    ChangeInfo{9201d3a container=DefaultTaskDisplayArea@169605759 flags=0x0}
03-26 13:44:47.924  3967  8356 D OplusTransitionController:    ChangeInfo{704deb container=WallpaperWindowToken{c8f07e8 showWhenLocked=false} flags=0x0}
03-26 13:44:47.924  3967  8356 D OplusTransitionController: ]
03-26 13:44:47.924  3967  8356 D OplusTransitionController: }
03-26 13:44:47.924  3967  8356 D FlexibleTaskTransitionController:  finishTransition pendingRecentToFlexibleTask:null,isRotationTransition:false ,pendingRecentToFlexible:null ,transition:TransitionRecord{294f15d id=11251 track=0 type=OPEN flags=0x0 state=4 c=[
03-26 13:44:47.924  3967  8356 D FlexibleTaskTransitionController:    ChangeInfo{5c91230 container=Task{1768a4c #5 type=home I=com.android.launcher/.Launcher} flags=0x10}
03-26 13:44:47.924  3967  8356 D FlexibleTaskTransitionController:    ChangeInfo{7e2667a container=Task{374afe6 #63049 type=standard A=10622:com.routepix} flags=0x30}
03-26 13:44:47.924  3967  8356 D FlexibleTaskTransitionController:    ChangeInfo{b478ea9 container=ActivityRecord{64912933 u0 com.android.launcher/.Launcher t5} flags=0x0}
03-26 13:44:47.924  3967  8356 D FlexibleTaskTransitionController:    ChangeInfo{aa56c2e container=Display{#0 state=ON size=1080x2344 ROTATION_0} flags=0x0}
03-26 13:44:47.924  3967  8356 D FlexibleTaskTransitionController:    ChangeInfo{8f943cf container=ActivityRecord{116967515 u0 com.routepix/.MainActivity t63049} flags=0x0}
03-26 13:44:47.924  3967  8356 D FlexibleTaskTransitionController:    ChangeInfo{5e5215c container=WallpaperWindowToken{7c519b3 showWhenLocked=true} flags=0x0}
03-26 13:44:47.924  3967  8356 D FlexibleTaskTransitionController:    ChangeInfo{be16c65 container=OneHanded:0:14@147097514 flags=0x0}
03-26 13:44:47.924  3967  8356 D FlexibleTaskTransitionController:    ChangeInfo{2fafe2b container=Task{94ed55a #1 type=home} flags=0x10}
03-26 13:44:47.924  3967  8356 D FlexibleTaskTransitionController:    ChangeInfo{9201d3a container=DefaultTaskDisplayArea@169605759 flags=0x0}
03-26 13:44:47.924  3967  8356 D FlexibleTaskTransitionController:    ChangeInfo{704deb container=WallpaperWindowToken{c8f07e8 showWhenLocked=false} flags=0x0}
03-26 13:44:47.924  3967  8356 D FlexibleTaskTransitionController: ]
03-26 13:44:47.924  3967  8356 D FlexibleTaskTransitionController: }
03-26 13:44:47.925  3967  8356 D RefreshRate: ***** request traversal for refresh rate change, reason is highTempRefreshRateChanged: false, windowRefreshRateChanged: true, flexibleWindowStateChanged: false, has float/zoom window *****
03-26 13:44:47.925  3967  8356 D TransitionControllerExtImpl: NFW_send RECOMPUTE_FOCUS in finishTransition
03-26 13:44:47.925  8050  8095 D ShellTaskOrganizer: onTransitionFinish, isRecent:false
03-26 13:44:47.925  8050  8095 V WindowManagerShell: Track 0 became idle
03-26 13:44:47.925  8050  8095 V WindowManagerShell: All active transition animations finished
03-26 13:44:47.926  3967  4230 D InsetsSourceProvider: updateSourceFrameForServerVisibility mandatorySystemGestures EMPTY_RECT
03-26 13:44:47.926  3967  4230 I TaskOrganizerController: onTaskInfoChanged taskid 63049 config { mBounds=Rect(0, 0 - 1080, 2344) mAppBounds=Rect(0, 0 - 1080, 2344) mMaxBounds=Rect(0, 0 - 1080, 2344) mDisplayRotation=ROTATION_0 mWindowingMode=fullscreen mActivityType=standard mAlwaysOnTop=undefined mRotation=ROTATION_0}
03-26 13:44:47.927  3967  4230 D OplusFlexibleDragToSplitAnimController: visibleFlexibleTaskInfos delete:63049
03-26 13:44:47.927  3967  4230 E FlexibleWindowManagerService: notifyTaskObserverToAttachController not need to notify!
03-26 13:44:47.927  3967  4230 I FlexibleWindowManagerService: onFlexibleWindowTaskInfoChanged, return for cur task not embedded
03-26 13:44:47.927  3967  4230 I TaskOrganizerController: onTaskInfoChanged taskid 1 config { mBounds=Rect(0, 0 - 1080, 2344) mAppBounds=Rect(0, 0 - 1080, 2344) mMaxBounds=Rect(0, 0 - 1080, 2344) mDisplayRotation=ROTATION_0 mWindowingMode=fullscreen mActivityType=home mAlwaysOnTop=undefined mRotation=ROTATION_0}
03-26 13:44:47.927  3967  4230 D OplusFlexibleDragToSplitAnimController: visibleFlexibleTaskInfos delete:1
03-26 13:44:47.927  3967  4230 E FlexibleWindowManagerService: notifyTaskObserverToAttachController not need to notify!
03-26 13:44:47.927  3967  4230 I FlexibleWindowManagerService: onFlexibleWindowTaskInfoChanged, return for cur task not embedded
03-26 13:44:47.927  3967  4246 I UserAwareMgr: handleAppChangedToBg, pkgName: com.google.android.googlequicksearchbox, pid: 4978
03-26 13:44:47.928  3967  4246 I UserAwareMgr: handleAppChangedToBg, pkgName: com.google.android.adservices.api, pid: 19731
03-26 13:44:47.928  3967  4246 W UserAwareMgr: app not not found or not visible: null
03-26 13:44:47.928  3967  4246 W UserAwareMgr: handleAppChangedToBg process is empty
03-26 13:44:47.928  3967  4229 D WindowManager: NFW_findFocusedWindowIfNeeded:null mCurrentFocus:null
03-26 13:44:47.930  3967  5024 D Transition: finishTransaction-onCommitted syncId=11251
03-26 13:44:47.931  3967  4230 I WindowStateExtImpl: onSurfaceShowChange show = false mPackageName = com.android.launcher parentPkgName = com.android.launcher
03-26 13:44:47.936  3967  8356 V WindowManager: Relayout Window{34e04b1 u0 com.google.android.googlequicksearchbox}: viewVisibility=8, oldvis=0, req=1080x2344 , apr = 0, vsysui=
03-26 13:44:47.936  3967  8356 D InsetsSourceProvider: updateSourceFrameForServerVisibility mandatorySystemGestures EMPTY_RECT
03-26 13:44:47.937  3967  8356 D InsetsSourceProvider: updateSourceFrameForServerVisibility mandatorySystemGestures EMPTY_RECT
03-26 13:44:47.937  3967  8356 D WindowManager: NFW_findFocusedWindowIfNeeded:null mCurrentFocus:null
03-26 13:44:48.001  3967  3967 D RefreshRate: app switch boost timeout,transition isPlaying:false isInInterruptScene:false
03-26 13:44:48.001  3967  4230 D InsetsSourceProvider: updateSourceFrameForServerVisibility mandatorySystemGestures EMPTY_RECT
03-26 13:44:48.002  3967  4230 D VRR [OPlusRefreshRatePolicy]: setRefreshRatePolicy policy=POLICY_SYSTEM, refreshRate=120, statusOn=false
03-26 13:44:48.002  3967  4230 D VRR [OPlusRefreshRatePolicy]: setRefreshRatePolicy policy=POLICY_SYSTEM, refreshRate=90, statusOn=true
03-26 13:44:48.002  3967  4317 D VRR [OPlusRefreshRateService]:  setDirectorStates [flag: 1, state: 0, directorStateOff: 0]
03-26 13:44:48.002  3967  4230 D RefreshRate: Refresh rate changing from 120.00001 to 90.0,maxRefreshRate=90.0 FOR:{
03-26 13:44:48.002  3967  4230 D RefreshRate:     | COURSE[; Win preferred rateId=0, appReqFirst=false, data= RateData{} ;win name:Splash Screen com.routepix]
03-26 13:44:48.002  3967  4230 D RefreshRate:     | VOTES[PRIORITY_WINDOW_REQUEST -> Vote{mRefreshRate=90.0, mMinRefreshRate=90.0, mRequestSource=null};]
03-26 13:44:48.002  3967  4230 D RefreshRate:     | TIME:2026-03-26 08:14:48}
03-26 13:44:48.002  3967  4230 D DisplayModeDirector: setAppRequest displayId : 0  modeId: 6  requestedRefreshRate: 0.0  requestedMinRefreshRateRange: 0.0  requestedMaxRefreshRateRange: 90.0
03-26 13:44:48.002  3967  4229 D DisplayManagerServiceExtImpl: scheduleTraversalLocked intraversal=false
03-26 13:44:48.002  3967  4229 D DisplayManagerService: MSG_REQUEST_TRAVERSAL pendingCompleted=false
03-26 13:44:48.003  3967  4230 D InsetsSourceProvider: updateSourceFrameForServerVisibility mandatorySystemGestures EMPTY_RECT
03-26 13:44:48.003  3967  4230 D DisplayManagerService: performTraversalInternal pendingTraversal
03-26 13:44:48.003  3967  4230 D DisplayDevice: setLayerStackLocked id=local:4630946640660707475 token=android.os.BinderProxy@d660820 stack=0->0
03-26 13:44:48.003  3967  4317 D LocalDisplayAdapter: setDesiredDisplayModeSpecsAsync: display unique id = local:4630946640660707475, display mode specs = defaultMode=6 allowGroupSwitching=false primaryRanges=physical: (0.0 120.0) render:  (0.0 90.0) appRequestRanges=physical: (0.0 120.0) render:  (0.0 90.0) idleScreenRefreshRate=null
03-26 13:44:48.003  3967  4313 D OplusFeatureDMR[display=0]: onConfigChanged threadId=71 threadName=OplusDisplayWorkHandler physicalDisplayId=4630946640660707475 modeId=4  
03-26 13:44:48.027  3967  4313 D OplusFeatureDMR[display=0]: onConfigChanged threadId=71 threadName=OplusDisplayWorkHandler physicalDisplayId=4630946640660707475 modeId=6  
03-26 13:44:48.027  3967  4229 I DisplayDeviceRepository: Display device changed render timings: "Built-in screen", renderFrameRate=90.0, presentationDeadlineNanos=14111110, appVsyncOffsetNanos=6555557, frameRateOverrides=[]
03-26 13:44:48.027  3967  4229 D LogicalDisplayExt: set displayInfo flag FLAG_ROTATES_WITH_CONTENT
03-26 13:44:48.027  3967  4229 D DisplayManagerService: Delivering display event: displayId=0, event=EVENT_DISPLAY_REFRESH_RATE_CHANGED
03-26 13:44:48.027  3967  4227 D WindowManager: DeferredDisplayUpdater: partially applying DisplayInfo(1080 x 2344) immediately
03-26 13:44:48.027  3967  4227 D OplusVFXScreenEffectFeature: notifySFCompatWindowStateChange entered false
03-26 13:44:48.027  3967  4227 D FSS_FoldScreenBlackCoverController: displayChangeToOn, dc:Display{#0 state=ON size=1080x2344 ROTATION_0}
03-26 13:44:48.028  3967  4227 D InsetsSourceProvider: updateSourceFrameForServerVisibility mandatorySystemGestures EMPTY_RECT
03-26 13:44:48.070 24953 24953 D ResourcesManagerExtImpl: applyConfigurationToAppResourcesLocked app.getDisplayId() return callback.displayId:-1
03-26 13:44:48.077  3967  4317 D VRR [OPlusRefreshRateService]: handleConfigIdChange physicalDisplayId: 4630946640660707475 configId: 6 renderPeriod: 11111111
03-26 13:44:48.077  3967  4317 D VRR [OPlusGameStatusManager]: updateGameState mOSyncFeatureSwitch: false mIsGamePolicy: false
03-26 13:44:48.077  3967  4317 D VRR [OPlusGameStatusManager]: updateGameAccelerationStatus pkgName: com.routepix mOSyncFeatureSwitch: false mIsGamePolicy: false mHeartStop: false mHasFlickerRisk: false mForceAcceleration: false mToastReady: false enable: false
03-26 13:44:48.077  3967  4317 D VRR [OPlusExternalRefreshRateManager]:  Display refreshrate :90 , Switch to OTI-HW 
03-26 13:44:48.102  3967  8553 I ActivityManager: Flag disabled. Ignoring finishAttachApplication from uid: 10622. pid: 24953
03-26 13:44:48.104 24953 25015 I DisplayManager: Choreographer implicitly registered for the refresh rate.
03-26 13:44:48.104 24953 24953 D ResourcesManagerExtImpl: applyConfigurationToAppResourcesLocked app.getDisplayId() return callback.displayId:0
03-26 13:44:48.126  3967  4317 D VRR [OPlusSAManager]: updateAutoMinfps for 4630946640660707475 with nits: 85.05277, mHistOK true, mAmbientOK true, mCctOK true, mIrOK true, mBrightnessOK true, isPkgOK true, SA min fps: 89
03-26 13:44:48.202 24953 24953 D ActivityThread: ComponentInfo{com.routepix/com.routepix.MainActivity} checkFinished=false 2
03-26 13:44:48.203 24953 24953 D ResourcesManagerExtImpl: applyConfigurationToAppResourcesLocked app.getDisplayId() return callback.displayId:0
03-26 13:44:48.206 24953 24953 D OplusInputMethodUtil: init sDebug to false, init sDebugIme to false, init sAlwaysOn to false
03-26 13:44:48.206 24953 24953 D OplusInputMethodUtil: updateDebugToClass InputMethodManager.DEBUG = false
03-26 13:44:48.206 24953 24953 D OplusInputMethodUtil: updateDebugToClass ImeFocusController.DEBUG = false
03-26 13:44:48.206 24953 24953 D OplusInputMethodUtil: updateDebugToClass OnBackInvokedDispatcher.DEBUG = false
03-26 13:44:48.206 24953 24953 D OplusInputMethodUtil: updateDebugToClass InsetsController.DEBUG = false
03-26 13:44:48.206 24953 24953 D OplusInputMethodUtil: updateDebugToClass BaseInputConnection.DEBUG = false
03-26 13:44:48.209  3967  4246 W UserAwareMgr: process owner is not matched: 10, threadName: HwUiTask, pid: 24953,tid=25027,owner=fg1
03-26 13:44:48.209  3967  4246 W UserAwareMgr: process owner is not matched: 10, threadName: HwUiTask, pid: 24953,tid=25028,owner=fg1
03-26 13:44:48.211  3967  4246 W UserAwareMgr: process owner is not matched: 10, threadName: RenderThread, pid: 24953,tid=25015,owner=fg1
03-26 13:44:48.213  3967  8553 I WindowManager: addWindow: New client android.os.BinderProxy@e0ec09a : window=Window{c131dcb u0 com.routepix/com.routepix.MainActivity}
03-26 13:44:48.214  3967  3967 W AccessibilityManagerService:  wait for adding window timeout: 10153
03-26 13:44:48.216 24953 24953 D ResourcesManagerExtImpl: applyConfigurationToAppResourcesLocked app.getDisplayId() return callback.displayId:0
03-26 13:44:48.218  3967  4230 I TaskOrganizerController: onTaskInfoChanged taskid 63049 config { mBounds=Rect(0, 0 - 1080, 2344) mAppBounds=Rect(0, 0 - 1080, 2344) mMaxBounds=Rect(0, 0 - 1080, 2344) mDisplayRotation=ROTATION_0 mWindowingMode=fullscreen mActivityType=standard mAlwaysOnTop=undefined mRotation=ROTATION_0}
03-26 13:44:48.218  3967  4230 D OplusFlexibleDragToSplitAnimController: visibleFlexibleTaskInfos delete:63049
03-26 13:44:48.218  3967  4230 E FlexibleWindowManagerService: notifyTaskObserverToAttachController not need to notify!
03-26 13:44:48.218  3967  4230 I FlexibleWindowManagerService: onFlexibleWindowTaskInfoChanged, return for cur task not embedded
03-26 13:44:48.266  3967  8553 D CoreBackPreview: Window{c131dcb u0 com.routepix/com.routepix.MainActivity}: Setting back callback OnBackInvokedCallbackInfo{mCallback=android.window.IOnBackInvokedCallback$Stub$Proxy@444c854, mPriority=0, mIsAnimationCallback=false, mOverrideBehavior=0}
03-26 13:44:48.326  3967  8553 V WindowManager: Relayout Window{c131dcb u0 com.routepix/com.routepix.MainActivity}: viewVisibility=0, oldvis=4, req=1080x2344 , apr = 0, vsysui=, x=0, y=0
03-26 13:44:48.326  3967  8553 I WindowManager: Window{c131dcb u0 com.routepix/com.routepix.MainActivity} state from NO_SURFACE to DRAW_PENDING; reason: resetDrawState
03-26 13:44:48.326  3967  8553 D InsetsSourceProvider: updateSourceFrameForServerVisibility mandatorySystemGestures EMPTY_RECT
03-26 13:44:48.327  3967  8553 D InsetsSourceProvider: updateSourceFrameForServerVisibility mandatorySystemGestures EMPTY_RECT
03-26 13:44:48.327  3967  8553 D WindowManager: NFW_findFocusedWindowIfNeeded:Window{c131dcb u0 com.routepix/com.routepix.MainActivity} mCurrentFocus:null
03-26 13:44:48.328  3967  8553 V WindowManager: Changing focus from null to Window{c131dcb u0 com.routepix/com.routepix.MainActivity},diplayid=0
03-26 13:44:48.328  3967  4317 D VRR [OPlusSurfaceFlingerController]:  setComplexSceneEnable : false
03-26 13:44:48.329  3967  4229 I AccessibilityWindowsPopulator: getInsensibleFlag flag = 0
03-26 13:44:48.329 24953 24953 D VRI[MainActivity]: relayoutWindow result, sizeChanged:true, surfaceControlChanged:true, transformHintChanged:false, mSurfaceSize:Point(1080, 2344), mLastSurfaceSize:Point(0, 0), mWidth:-1, mHeight:-1, requestedWidth:1080, requestedHeight:2344, transformHint:0, installOrientation:0, displayRotation:0, isSurfaceValid:true, attr.flag:-2122252032, tmpFrames:ClientWindowFrames{frame=[0,0][1080,2344] display=[0,0][1080,2344] parentFrame=[0,0][0,0]}, relayoutAsync:false, mSyncSeqId:0
03-26 13:44:48.329 24953 24953 W VRI[MainActivity]: updateBlastSurfaceIfNeeded, surfaceSize:Point(1080, 2344), lastSurfaceSize:Point(0, 0), format:-1, blastBufferQueue:null
03-26 13:44:48.334  3967  8553 I AccessibilityWindowsPopulator: getInsensibleFlag flag = 0
03-26 13:44:48.342  3967  5024 I WindowManager: Window{c131dcb u0 com.routepix/com.routepix.MainActivity} state from DRAW_PENDING to COMMIT_DRAW_PENDING; reason: finishDrawingLocked
03-26 13:44:48.342  3967  4230 D InsetsSourceProvider: updateSourceFrameForServerVisibility mandatorySystemGestures EMPTY_RECT
03-26 13:44:48.342  3967  4230 D InsetsSourceProvider: updateSourceFrameForServerVisibility mandatorySystemGestures EMPTY_RECT
03-26 13:44:48.343  3967  4230 I WindowManager: Window{c131dcb u0 com.routepix/com.routepix.MainActivity} state from COMMIT_DRAW_PENDING to READY_TO_SHOW; reason: commitFinishDrawingLocked
03-26 13:44:48.343  3967  4230 D CoreBackPreview:  return markWindowHasDrawn mComposed: false  mWaitTransition: false
03-26 13:44:48.343  3967  4230 D ActivityTaskManager: Finish StartingWindow: ActivityRecord{116967515 u0 com.routepix/.MainActivity t63049}first real window is shown
03-26 13:44:48.343  3967  4230 D ActivityTaskManager: removeStartingWindowAnimation starting ActivityRecord{116967515 u0 com.routepix/.MainActivity t63049} startingWindow=null ,startingView=com.android.server.wm.StartingSurfaceController$StartingSurface@fb552a2,Callers=com.android.server.wm.ActivityRecord.removeStartingWindow:3386 com.android.server.wm.ActivityRecord.onFirstWindowDrawn:8055 com.android.server.wm.WindowState.performShowLocked:4933 com.android.server.wm.WindowStateAnimator.commitFinishDrawingLocked:403 com.android.server.wm.DisplayContent.lambda$new$8:1154 
03-26 13:44:48.343  3967  4230 D OplusStartingWindowManager: interceptRemoveStartingWindow: packageName=com.routepix,  componentName=com.routepix/.MainActivity, isSnapshot=false, startingSurfaceRunnable=null, isDrawCompleted=false, hasSurfaceView=false, inTransition=false
03-26 13:44:48.343  3967  4230 D OplusSplitScreenDnDUI: notifyRemoveStartingWindow isSpitScreenDrag = false mDropTargetSurface = null StartingWindowpkgName = com.routepix DragPkg = null isLauncherResume = false
03-26 13:44:48.343  3967  4230 D OplusStartingWindowManager: interceptRemoveStartingWindow: hasSplashWindowFlag() return false for activity=ActivityRecord{116967515 u0 com.routepix/.MainActivity t63049}
03-26 13:44:48.344  8390 14578 I iopgp   : Iopgp: TRANSACTION_IOPGP_ON_ACTIVITY_LAUNCH_FINISHED sequence_id = 314 timestamp_nanos = 363271738044284
03-26 13:44:48.344  3967  4230 D QuickBackInputPolicy: setAppLaunchEndTime update timePair=Pair{ActivityRecord{116967515 u0 com.routepix/.MainActivity t63049} 363271738}
03-26 13:44:48.344  3967  4230 I WindowManager: Window{c131dcb u0 com.routepix/com.routepix.MainActivity} state from READY_TO_SHOW to HAS_DRAWN; reason: performShowLocked
03-26 13:44:48.344  3967  4230 D InsetsSourceProvider: updateSourceFrameForServerVisibility mandatorySystemGestures EMPTY_RECT
03-26 13:44:48.345  3967  4230 D InsetsSourceProvider: updateSourceFrameForServerVisibility mandatorySystemGestures EMPTY_RECT
03-26 13:44:48.351  3967  4230 D CoreBackPreview:  return markWindowHasDrawn mComposed: false  mWaitTransition: false
03-26 13:44:48.356 24953 24953 W VRI[MainActivity]: handleResized, msg:, frameChanged:false, configChanged:false, displayChanged:false, attachedFrameChanged:false, compatScaleChanged:false, pendingDragResizing=false
03-26 13:44:48.365  3967  4229 I AccessibilityWindowsPopulator: getInsensibleFlag flag = 0
03-26 13:44:48.365  3967  4229 I AccessibilityWindowsPopulator: getInsensibleFlag flag = 0
03-26 13:44:48.388  3967  4229 I AccessibilityWindowsPopulator: getInsensibleFlag flag = 0
03-26 13:44:48.388  3967  4229 I AccessibilityWindowsPopulator: getInsensibleFlag flag = 0
03-26 13:44:48.460  3967  4230 D InsetsSourceProvider: updateSourceFrameForServerVisibility mandatorySystemGestures EMPTY_RECT
03-26 13:44:48.460  3967  4230 D InsetsSourceProvider: updateSourceFrameForServerVisibility mandatorySystemGestures EMPTY_RECT
03-26 13:44:48.490  3967 14995 E TaskPersister: File error accessing recents directory (directory doesn't exist?).
03-26 13:44:48.497  3967  5024 I AccessibilityWindowsPopulator: getInsensibleFlag flag = 0
03-26 13:44:48.497  3967  5024 I AccessibilityWindowsPopulator: getInsensibleFlag flag = 0
03-26 13:44:48.497  3967  5225 D InputMethodManagerService: isSecurity: attribute.packageName = com.routepix mCurMethodId = com.google.android.inputmethod.latin/com.android.inputmethod.latin.LatinIME isSecurity = false ( enable = true needShow = false inBlackList = false isExist = true )
03-26 13:44:48.500  3967  5024 W PackageConfigPersister: App-specific configuration not found for packageName: com.routepix and userId: 0
03-26 13:44:48.500  3967  4230 D InsetsSourceProvider: updateSourceFrameForServerVisibility mandatorySystemGestures EMPTY_RECT
03-26 13:44:48.616  3967  7381 D JobSchedulerServiceExtImpl: updateOsenseRestrictMode for 1 false false
03-26 13:44:48.619  3967  4246 I UserAwareMgr: handleAppChangedToBg, pkgName: com.android.launcher, pid: 8303
03-26 13:44:48.620  3967  8553 D OplusStartingWindowManager: skip remove starting window for activity = ActivityRecord{64912933 u0 com.android.launcher/.Launcher t5} ,ar != topActivityContainsStartingWindow on activityStopped
03-26 13:44:48.622  8303 13426 E ActivityThread: Failed to find provider info for com.android.launcher.EventContentProvider
03-26 13:44:48.623  8303 13426 E ActivityThread: Failed to find provider info for com.android.launcher.EventContentProvider
03-26 13:44:48.623  3967  7336 D BackgroundInstallControlService: Package event received: 0
03-26 13:44:48.627  3967  4317 D VRR [OPlusSAManager]: updateAutoMinfps for 4630946640660707475 with nits: 85.05277, mHistOK true, mAmbientOK true, mCctOK true, mIrOK true, mBrightnessOK true, isPkgOK true, SA min fps: 89
03-26 13:44:48.631  3967  5180 V AlarmManager: sending alarm Alarm{8aacf3c type 1 origWhen 1774512888631 whenElapsed 616074658 android} uid 1000 whenElapsed 616074658 windowLength 0 maxWhenElapsed 616074658 repeatInterval 0 action null component null tag StorgaeBandInfoAlarmTag flags 0x9 procName system_server
03-26 13:44:48.704  3967  8356 V WindowManager: Relayout Window{6770141 u0 Splash Screen com.routepix}: viewVisibility=8, oldvis=0, req=1080x2344 , apr = 8, vsysui=
03-26 13:44:48.705  3967  8356 D InsetsSourceProvider: updateSourceFrameForServerVisibility mandatorySystemGestures EMPTY_RECT
03-26 13:44:48.705  3967  8356 D InsetsSourceProvider: updateSourceFrameForServerVisibility mandatorySystemGestures EMPTY_RECT
03-26 13:44:48.705  3967  8356 D WindowManager: NFW_findFocusedWindowIfNeeded:Window{c131dcb u0 com.routepix/com.routepix.MainActivity} mCurrentFocus:Window{c131dcb u0 com.routepix/com.routepix.MainActivity}
03-26 13:44:48.706  3967  8199 D CoreBackPreview: Window{6770141 u0 Splash Screen com.routepix EXITING}: Setting back callback null
03-26 13:44:48.707  3967 14003 D WindowManager: NFW_findFocusedWindowIfNeeded:Window{c131dcb u0 com.routepix/com.routepix.MainActivity} mCurrentFocus:Window{c131dcb u0 com.routepix/com.routepix.MainActivity}
03-26 13:44:48.707  3967 14003 D InsetsSourceProvider: updateSourceFrameForServerVisibility mandatorySystemGestures EMPTY_RECT
03-26 13:44:48.707  3967 14003 D InsetsSourceProvider: updateSourceFrameForServerVisibility mandatorySystemGestures EMPTY_RECT
03-26 13:44:48.708  3967  4230 D InsetsSourceProvider: updateSourceFrameForServerVisibility mandatorySystemGestures EMPTY_RECT
03-26 13:44:48.716  3967  4231 D SurfaceAnimationRunner: onAnimationStart:Surface(name=Surface(name=6770141 Splash Screen com.routepix)/@0x9f3a328 - animation-leash of window_animation)/@0x162d841
03-26 13:44:48.729  3967  4229 I AccessibilityWindowsPopulator: getInsensibleFlag flag = 0
03-26 13:44:48.871  3967  4231 D SurfaceAnimationRunner: onAnimationEnd:Surface(name=Surface(name=6770141 Splash Screen com.routepix)/@0x9f3a328 - animation-leash of window_animation)/@0x162d841
03-26 13:44:48.871  3967  4230 I WindowStateExtImpl: onSurfaceShowChange show = false mPackageName = com.routepix parentPkgName = com.routepix
03-26 13:44:48.871  3967  4230 I WindowManager: Window{6770141 u0 Splash Screen com.routepix EXITING} state from HAS_DRAWN to NO_SURFACE; reason: destroySurface
03-26 13:44:48.872  3967  4230 D InsetsSourceProvider: updateSourceFrameForServerVisibility mandatorySystemGestures EMPTY_RECT
03-26 13:44:48.873  3967  4230 D InsetsSourceProvider: updateSourceFrameForServerVisibility mandatorySystemGestures EMPTY_RECT
03-26 13:44:48.883  3967  4230 D InsetsSourceProvider: updateSourceFrameForServerVisibility mandatorySystemGestures EMPTY_RECT
03-26 13:44:48.941  3967  4229 I AccessibilityWindowsPopulator: getInsensibleFlag flag = 0
03-26 13:44:48.955  3967  8356 D NotificationService--OplusNotificationFixHelper: fixAppIcon: pkg=com.snapchat.android
03-26 13:44:48.955  3967  8356 D NotificationService--OplusNotificationFixHelper: fixAppIcon: appIcon = null, pkg = com.snapchat.android
03-26 13:44:48.956  3967  8356 I OplusStatusBarManagerServiceEnhance:  getTopIsFullscreen mTopIsFullscreen: false
03-26 13:44:48.956  3967  8356 W ActivityManager: Permission Denial: getTopApplicationInfo from pid=24622, uid=10587 requires oplus.permission.OPLUS_COMPONENT_SAFE
03-26 13:44:48.956  3967  3967 D NotificationService--OplusNotificationManagerServiceExtImpl: isForwardToAssistants: true, case : Is local notification
03-26 13:44:48.956  3967  3967 D NotificationService: This application enqueue notifications is need postDelayed mcsAssistantDelayTime: 200
03-26 13:44:48.961  3967  4246 W QosSceneRecognizer[NotificationScene]: get pid failed while enterNotificationScene, processInfos is null! uid: -1
03-26 13:44:49.129  3967  8199 D ShortcutService: rescanPackageIfNeeded 0@com.snapchat.android, forceRescan=false , isNewApp=false
03-26 13:44:49.149  3967  8199 D NotificationService--OplusNotificationFixHelper: fixAppIcon: pkg=com.snapchat.android
03-26 13:44:49.149  3967  8199 D NotificationService--OplusNotificationFixHelper: fixAppIcon: appIcon = null, pkg = com.snapchat.android
03-26 13:44:49.150  3967  8199 D ShortcutService: Getting shortcuts for launcher= androiduserId=0 pkg=com.snapchat.android
03-26 13:44:49.150  3967  8199 I OplusStatusBarManagerServiceEnhance:  getTopIsFullscreen mTopIsFullscreen: false
03-26 13:44:49.150  3967  8199 W ActivityManager: Permission Denial: getTopApplicationInfo from pid=24622, uid=10587 requires oplus.permission.OPLUS_COMPONENT_SAFE
03-26 13:44:49.150  3967  3967 D NotificationService--OplusNotificationManagerServiceExtImpl: isForwardToAssistants: true, case : Is local notification
03-26 13:44:49.150  3967  3967 D NotificationService: This application enqueue notifications is need postDelayed mcsAssistantDelayTime: 200
03-26 13:44:49.154  3967  4246 W QosSceneRecognizer[NotificationScene]: get pid failed while enterNotificationScene, processInfos is null! uid: -1
03-26 13:44:49.155  3967  8356 D NotificationService--OplusNotificationFixHelper: fixAppIcon: pkg=com.snapchat.android
03-26 13:44:49.155  3967  8356 D NotificationService--OplusNotificationFixHelper: fixAppIcon: appIcon = null, pkg = com.snapchat.android
03-26 13:44:49.155  3967  8356 I OplusStatusBarManagerServiceEnhance:  getTopIsFullscreen mTopIsFullscreen: false
03-26 13:44:49.155  3967  8356 W ActivityManager: Permission Denial: getTopApplicationInfo from pid=24622, uid=10587 requires oplus.permission.OPLUS_COMPONENT_SAFE
03-26 13:44:49.156  3967  3967 D NotificationService--OplusNotificationManagerServiceExtImpl: isForwardToAssistants: true, case : Is local notification
03-26 13:44:49.156  3967  3967 D NotificationService: This application enqueue notifications is need postDelayed mcsAssistantDelayTime: 200
03-26 13:44:49.206  3967  7399 D NotificationService--OplusNotificationFixHelper: fixAppIcon: pkg=android
03-26 13:44:49.206  3967  7399 D NotificationService--OplusNotificationFixHelper: fixAppIcon: appIcon = null, pkg = android
03-26 13:44:49.207  3967  7399 I OplusStatusBarManagerServiceEnhance:  getTopIsFullscreen mTopIsFullscreen: false
03-26 13:44:49.207  3967  3967 D NotificationService--OplusNotificationManagerServiceExtImpl: isForwardToAssistants: false, case : Is in mMcsNotInterceptPkgList or is isSystemApp
03-26 13:44:49.207  3967  3967 D NotificationService: This application enqueue notifications is not need postDelayed
03-26 13:44:49.231  3967  8356 D ActivityTaskManager: Skipping, invisible task: Task{1768a4c #5 type=home I=com.android.launcher/.Launcher}
03-26 13:44:49.231  3967  8356 D OplusSplitScreenManagerService: com.android.settings unSupportsSplitScreen by blockList or ForbidActivityList
03-26 13:44:49.231  3967  8356 D ActivityTaskManager: after skip size:3,pre-Filtered:com.routepix # com.android.settings # com.github.android # 
03-26 13:44:49.250  3967  7332 D ShortcutService: Saving package item com.snapchat.android to /data/system_ce/0/shortcut_service/packages/com.snapchat.android.xml
03-26 13:44:49.250  3967  4226 W UserManagerService: onShortcutChanged for another profile 0 from 999
03-26 13:44:49.250  3967  4226 D ShortcutService: Getting shortcuts for launcher= com.google.android.asuserId=0 pkg=com.snapchat.android
03-26 13:44:49.251  3967  7332 D ShortcutService: Persisting shortcuts from 0@com.snapchat.android
03-26 13:44:49.251  3967  7332 D ShortcutService: false|Kp|330337f3-c7d2-4a93-b888-846f59630a34 [DynIc-fIc-aStrLiv]
03-26 13:44:49.251  3967  7332 D ShortcutService: shortcut_spotlight [ImManIc-rStr]
03-26 13:44:49.251  3967  7332 D ShortcutService: false|Sagargouda Mali patil|e7bd5c88-cdf3-4a07-8e3a-a7d189c19240 [DynIc-fIc-aStrLiv]
03-26 13:44:49.251  3967  7332 D ShortcutService: shortcut_chat [ImManIc-rStr]
03-26 13:44:49.251  3967  7332 D ShortcutService: false|Shashank, remember this?|55ae56ee-a6de-424c-a28e-85d5eef05761 [DynIc-fIc-aStrLiv]
03-26 13:44:49.251  3967  7332 D ShortcutService: false|Divya|9486c886-f941-48a8-be4e-4da790407189 [DynIc-fIc-aStrLiv]
03-26 13:44:49.252  3967  7332 D ShortcutService: false|Srujan Itagi 😎|e2743ca4-4aca-4a61-b69c-b9eb6168777e [DynIc-fIc-aStrLiv]
03-26 13:44:49.252  3967  7332 D ShortcutService: false|Nitin Biradar|92ea1abe-dce6-49e9-9def-6aefa726cc34 [DynIc-fIc-aStrLiv]
03-26 13:44:49.252  3967  7332 D ShortcutService: false|Lakshmi T|b4c2f524-1fd0-44b8-8297-dbacf06027b5 [DynIc-fIc-aStrLiv]
03-26 13:44:49.252  3967  7332 D ShortcutService: shortcut_map [ImManIc-rStr]
03-26 13:44:49.252  3967  7332 D ShortcutService: false|Prajwal 😎 Astagi|8c4136bb-dc2f-4042-9a87-48509ee7c17f [DynIc-fIc-aStrLiv]
