03-26 13:44:44.726  3967  4227 I ActivityManager: ProcessObserver broadcast disabled
03-26 13:44:44.728  3967  5028 I MemoryOperationUtils: add 24620 to com.google.android.gm
03-26 13:44:44.738 24198 24198 E AndroidRuntime: FATAL EXCEPTION: main
03-26 13:44:44.738 24198 24198 E AndroidRuntime: Process: com.routepix, PID: 24198
03-26 13:44:44.738 24198 24198 E AndroidRuntime: java.lang.IllegalArgumentException: current must not be NaN
03-26 13:44:44.738 24198 24198 E AndroidRuntime: 	at androidx.compose.ui.semantics.ProgressBarRangeInfo.<init>(SemanticsProperties.kt:662)
03-26 13:44:44.738 24198 24198 E AndroidRuntime: 	at androidx.compose.ui.semantics.ProgressBarRangeInfo.<init>(SemanticsProperties.kt:655)
03-26 13:44:44.738 24198 24198 E AndroidRuntime: 	at androidx.compose.material3.ProgressIndicatorKt$CircularProgressIndicator$2$1.invoke(ProgressIndicator.kt:587)
03-26 13:44:44.738 24198 24198 E AndroidRuntime: 	at androidx.compose.material3.ProgressIndicatorKt$CircularProgressIndicator$2$1.invoke(ProgressIndicator.kt:586)
03-26 13:44:44.738 24198 24198 E AndroidRuntime: 	at androidx.compose.ui.semantics.CoreSemanticsModifierNode.applySemantics(SemanticsModifier.kt:59)
03-26 13:44:44.738 24198 24198 E AndroidRuntime: 	at androidx.compose.ui.node.LayoutNode$collapsedSemantics$1.invoke(LayoutNode.kt:442)
03-26 13:44:44.738 24198 24198 E AndroidRuntime: 	at androidx.compose.ui.node.LayoutNode$collapsedSemantics$1.invoke(LayoutNode.kt:433)
03-26 13:44:44.738 24198 24198 E AndroidRuntime: 	at androidx.compose.runtime.snapshots.Snapshot$Companion.observe(Snapshot.kt:2441)
03-26 13:44:44.738 24198 24198 E AndroidRuntime: 	at androidx.compose.runtime.snapshots.SnapshotStateObserver$ObservedScopeMap.observe(SnapshotStateObserver.kt:502)
03-26 13:44:44.738 24198 24198 E AndroidRuntime: 	at androidx.compose.runtime.snapshots.SnapshotStateObserver.observeReads(SnapshotStateObserver.kt:258)
03-26 13:44:44.738 24198 24198 E AndroidRuntime: 	at androidx.compose.ui.node.OwnerSnapshotObserver.observeReads$ui_release(OwnerSnapshotObserver.kt:133)
03-26 13:44:44.738 24198 24198 E AndroidRuntime: 	at androidx.compose.ui.node.OwnerSnapshotObserver.observeSemanticsReads$ui_release(OwnerSnapshotObserver.kt:121)
03-26 13:44:44.738 24198 24198 E AndroidRuntime: 	at androidx.compose.ui.node.LayoutNode.getCollapsedSemantics$ui_release(LayoutNode.kt:433)
03-26 13:44:44.738 24198 24198 E AndroidRuntime: 	at androidx.compose.ui.semantics.SemanticsNodeKt.SemanticsNode(SemanticsNode.kt:49)
03-26 13:44:44.738 24198 24198 E AndroidRuntime: 	at androidx.compose.ui.semantics.SemanticsNode.fillOneLayerOfSemanticsWrappers(SemanticsNode.kt:278)
03-26 13:44:44.738 24198 24198 E AndroidRuntime: 	at androidx.compose.ui.semantics.SemanticsNode.fillOneLayerOfSemanticsWrappers(SemanticsNode.kt:280)
03-26 13:44:44.738 24198 24198 E AndroidRuntime: 	at androidx.compose.ui.semantics.SemanticsNode.fillOneLayerOfSemanticsWrappers(SemanticsNode.kt:280)
03-26 13:44:44.738 24198 24198 E AndroidRuntime: 	at androidx.compose.ui.semantics.SemanticsNode.unmergedChildren$ui_release(SemanticsNode.kt:257)
03-26 13:44:44.738 24198 24198 E AndroidRuntime: 	at androidx.compose.ui.semantics.SemanticsNode.getChildren$ui_release(SemanticsNode.kt:338)
03-26 13:44:44.738 24198 24198 E AndroidRuntime: 	at androidx.compose.ui.semantics.SemanticsNode.getChildren$ui_release$default(SemanticsNode.kt:322)
03-26 13:44:44.738 24198 24198 E AndroidRuntime: 	at androidx.compose.ui.semantics.SemanticsNode.getReplacedChildren$ui_release(SemanticsNode.kt:305)
03-26 13:44:44.738 24198 24198 E AndroidRuntime: 	at androidx.compose.ui.platform.SemanticsUtils_androidKt.getAllUncoveredSemanticsNodesToIntObjectMap$findAllSemanticNodesRecursive(SemanticsUtils.android.kt:195)
03-26 13:44:44.738 24198 24198 E AndroidRuntime: 	at androidx.compose.ui.platform.SemanticsUtils_androidKt.getAllUncoveredSemanticsNodesToIntObjectMap$findAllSemanticNodesRecursive(SemanticsUtils.android.kt:197)
03-26 13:44:44.738 24198 24198 E AndroidRuntime: 	at androidx.compose.ui.platform.SemanticsUtils_androidKt.getAllUncoveredSemanticsNodesToIntObjectMap$findAllSemanticNodesRecursive(SemanticsUtils.android.kt:197)
03-26 13:44:44.738 24198 24198 E AndroidRuntime: 	at androidx.compose.ui.platform.SemanticsUtils_androidKt.getAllUncoveredSemanticsNodesToIntObjectMap$findAllSemanticNodesRecursive(SemanticsUtils.android.kt:197)
03-26 13:44:44.738 24198 24198 E AndroidRuntime: 	at androidx.compose.ui.platform.SemanticsUtils_androidKt.getAllUncoveredSemanticsNodesToIntObjectMap(SemanticsUtils.android.kt:230)
03-26 13:44:44.738 24198 24198 E AndroidRuntime: 	at androidx.compose.ui.platform.AndroidComposeViewAccessibilityDelegateCompat.getCurrentSemanticsNodes(AndroidComposeViewAccessibilityDelegateCompat.android.kt:311)
03-26 13:44:44.738 24198 24198 E AndroidRuntime: 	at androidx.compose.ui.platform.AndroidComposeViewAccessibilityDelegateCompat.sendAccessibilitySemanticsStructureChangeEvents(AndroidComposeViewAccessibilityDelegateCompat.android.kt:2891)
03-26 13:44:44.738 24198 24198 E AndroidRuntime: 	at androidx.compose.ui.platform.AndroidComposeViewAccessibilityDelegateCompat.checkForSemanticsChanges(AndroidComposeViewAccessibilityDelegateCompat.android.kt:2388)
03-26 13:44:44.738 24198 24198 E AndroidRuntime: 	at androidx.compose.ui.platform.AndroidComposeViewAccessibilityDelegateCompat.semanticsChangeChecker$lambda$49(AndroidComposeViewAccessibilityDelegateCompat.android.kt:2223)
03-26 13:44:44.738 24198 24198 E AndroidRuntime: 	at androidx.compose.ui.platform.AndroidComposeViewAccessibilityDelegateCompat.$r8$lambda$jwi4XcU60P00WX-z5TzcMCOc1u4(Unknown Source:0)
03-26 13:44:44.738 24198 24198 E AndroidRuntime: 	at androidx.compose.ui.platform.AndroidComposeViewAccessibilityDelegateCompat$$ExternalSyntheticLambda3.run(D8$$SyntheticClass:0)
03-26 13:44:44.738 24198 24198 E AndroidRuntime: 	at android.os.Handler.handleCallback(Handler.java:1027)
03-26 13:44:44.738 24198 24198 E AndroidRuntime: 	at android.os.Handler.dispatchMessage(Handler.java:108)
03-26 13:44:44.738 24198 24198 E AndroidRuntime: 	at android.os.Looper.loopOnce(Looper.java:302)
03-26 13:44:44.738 24198 24198 E AndroidRuntime: 	at android.os.Looper.loop(Looper.java:412)
03-26 13:44:44.738 24198 24198 E AndroidRuntime: 	at android.app.ActivityThread.main(ActivityThread.java:9998)
03-26 13:44:44.738 24198 24198 E AndroidRuntime: 	at java.lang.reflect.Method.invoke(Native Method)
03-26 13:44:44.738 24198 24198 E AndroidRuntime: 	at com.android.internal.os.RuntimeInit$MethodAndArgsCaller.run(RuntimeInit.java:613)
03-26 13:44:44.738 24198 24198 E AndroidRuntime: 	at com.android.internal.os.ZygoteInit.main(ZygoteInit.java:1074)
03-26 13:44:44.740  3967  4197 W OplusEapManager handleErrorInfo sendEvent: : com.routepix happenedcrash
03-26 13:44:44.742  3967 14003 W OplusSelfProtectManager: pkg[com.oplus.crashbox] not in policy list
03-26 13:44:44.742  3967 24621 I DropBoxManagerService: add tag=data_app_crash isTagEnabled=true flags=0x2
03-26 13:44:44.742  3967  4197 W ActivityManager: Process com.routepix has crashed too many times, killing! Reason: crashed quickly
03-26 13:44:44.743  3967 24621 D DropBoxManagerService: file :: /data/system/dropbox/data_app_crash@1774512884742.txt
03-26 13:44:44.743  3967  4197 W ActivityTaskManager:   Force finishing activity com.routepix/.MainActivity
03-26 13:44:44.745  8050  8095 V WindowManagerShell: Transition requested (#11250): android.os.BinderProxy@5e1c50b TransitionRequestInfo { type = CLOSE, triggerTask = TaskInfo{userId=0 taskId=63049 effectiveUid=10622 displayId=0 isRunning=true baseIntent=Intent { act=android.intent.action.MAIN cat=[android.intent.category.LAUNCHER] flg=0x34100000 pkg=com.routepix cmp=com.routepix/.MainActivity mCallingUid=10300 } baseActivity=ComponentInfo{com.routepix/com.routepix.MainActivity} topActivity=ComponentInfo{com.routepix/com.routepix.MainActivity} origActivity=null realActivity=ComponentInfo{com.routepix/com.routepix.MainActivity}
03-26 13:44:44.745  8050  8095 V WindowManagerShell:  numActivities=1 lastActiveTime=616062937 supportsSplitScreenMultiWindow=true supportsMultiWindow=true supportsPocketStudioMultiWindow=true isInFlexibleEmbedded = false uid = 10622 pid = 0 resizeMode=1 isResizeable=true minWidth=-1 minHeight=-1 defaultMinSize=220 token=WCT{android.window.IWindowContainerToken$Stub$Proxy@cac6fe8} topActivityType=1 pictureInPictureParams=null shouldDockBigOverlays=false launchIntoPipHostTaskId=-1 lastParentTaskIdBeforePip=-1 displayCutoutSafeInsets=Rect(0, 0 - 0, 0)
03-26 13:44:44.745  8050  8095 V WindowManagerShell:  topActivityInfo=ActivityInfo{4f48601 com.routepix.MainActivity} launchCookies=[] positionInParent=Point(0, 0) parentTaskId=-1 isFocused=true isVisible=true isVisibleRequested=true isTopActivityNoDisplay=false isSleeping=false locusId=null displayAreaFeatureId=1 isTopActivityTransparent=false isActivityStackTransparent=false lastNonFullscreenBounds=Rect(278, 692 - 802, 1772) capturedLink=null capturedLinkTimestamp=0 requestedVisibleTypes=-9 topActivityRequestOpenInBrowserEducationTimestamp=0
03-26 13:44:44.745  8050  8095 V WindowManagerShell:  appCompatTaskInfo=AppCompatTaskInfo { topActivityInSizeCompat=false topActivityInOplusCompatMode=false eligibleForLetterboxEducation= false isLetterboxEducationEnabled= false isLetterboxDoubleTapEnabled= false eligibleForUserAspectRatioButton= false topActivityBoundsLetterboxed= false isFromLetterboxDoubleTap= false topActivityLetterboxVerticalPosition= -1 topActivityLetterboxHorizontalPosition= -1 topActivityLetterboxWidth=-1 topActivityLetterboxHeight=-1 topActivityAppBounds=Rect(0, 0 - 1080, 2344) isUserFullscreenOverrideEnabled=false isSystemFullscreenOverrideEnabled=false hasMinAspectRatioOverride=false topActivityLetterboxBounds=null cameraCompatTaskInfo=CameraCompatTaskInfo { freeformCameraCompatMode=inactive}} topActivityMainWindowFrame=null topActivityLetterboxInsets=Rect(0, 0 - 0, 0)
03-26 13:44:44.745  8050  8095 V WindowManagerShell:  mOplusExtraBundle = Bundle[mParcelledData.dataSize=1528]}, pipChange = null, remoteTransition = null, displayChange = null, flags = 16, debugId = 11250 }
03-26 13:44:44.746  3967  4197 D ActivityTaskManager: removeAppToken: ActivityRecord{32860672 u0 com.routepix/.MainActivity t63049 f}} delayed=true parent=Task{374afe6 #63049 type=standard A=10622:com.routepix} animating=true Callers=com.android.server.wm.DisplayContent.removeAppToken:1759 com.android.server.wm.ActivityRecord.removeFromHistory:4970 com.android.server.wm.ActivityRecord.destroyImmediately:4935 com.android.server.wm.ActivityRecord.destroyIfPossible:4805 
03-26 13:44:44.746  3967  4197 D WindowManager: NFW_findFocusedWindowIfNeeded:null mCurrentFocus:Window{193db1c u0 com.routepix/com.routepix.MainActivity}
03-26 13:44:44.746  3967  4197 V WindowManager: Changing focus from Window{193db1c u0 com.routepix/com.routepix.MainActivity} to null,diplayid=0
03-26 13:44:44.747  3967  4197 D RefreshRate: boostRefreshId choose max:currentRefreshRate:90.0 targetRefreshRate:120.0 mCurrentPickRate:90.0
03-26 13:44:44.747  3967  4197 D RefreshRate: Trigger app switch boost, ar=ActivityRecord{64912933 u0 com.android.launcher/.Launcher t5},currDisplayRate=90.0,boostId=3
03-26 13:44:44.748  3967  4197 D RefreshRate: setDisplayConfigSpecs complete: targetMode={id=4, width=1080, height=2344, fps=120.00001, vsync=120.00001, synthetic=false, alternativeRefreshRates=[60.000004, 90.0], supportedHdrTypes=[1, 2, 3, 4]},srcMode={id=4, width=1080, height=2344, fps=120.00001, vsync=120.00001, synthetic=false, alternativeRefreshRates=[60.000004, 90.0], supportedHdrTypes=[1, 2, 3, 4]},sfModId=4,rate=120.00001
03-26 13:44:44.748  3967  4197 D RefreshRate: Refresh rate changing from 90.0 to 120.00001,maxRefreshRate=120.00001 FOR:{
03-26 13:44:44.748  3967  4197 D RefreshRate:     | COURSE[Trigger app switch boost, ar=ActivityRecord{64912933 u0 com.android.launcher/.Launcher t5},currDisplayRate=90.0,boostId=3setDisplayConfigSpecs complete: targetMode={id=4, width=1080, height=2344, fps=120.00001, vsync=120.00001, synthetic=false, alternativeRefreshRates=[60.000004, 90.0], supportedHdrTypes=[1, 2, 3, 4]},srcMode={id=4, width=1080, height=2344, fps=120.00001, vsync=120.00001, synthetic=false, alternativeRefreshRates=[60.000004, 90.0], supportedHdrTypes=[1, 2, 3, 4]},sfModId=4,rate=120.00001]
03-26 13:44:44.748  3967  4197 D RefreshRate:     | VOTES[PRIORITY_START_ANIMATION_BOOST -> Vote{mRefreshRate=120.0, mMinRefreshRate=120.0, mRequestSource=null};PRIORITY_WINDOW_REQUEST -> Vote{mRefreshRate=90.0, mMinRefreshRate=90.0, mRequestSource=null};]
03-26 13:44:44.748  3967  4197 D RefreshRate:     | TIME:2026-03-26 08:14:44}
03-26 13:44:44.748  3967  4197 D RefreshRate: startAppSwitchBoost targetMode={id=4, width=1080, height=2344, fps=120.00001, vsync=120.00001, synthetic=false, alternativeRefreshRates=[60.000004, 90.0], supportedHdrTypes=[1, 2, 3, 4]} record=ActivityRecord{64912933 u0 com.android.launcher/.Launcher t5}: votes=PRIORITY_START_ANIMATION_BOOST -> Vote{mRefreshRate=120.0, mMinRefreshRate=120.0, mRequestSource=null};PRIORITY_WINDOW_REQUEST -> Vote{mRefreshRate=90.0, mMinRefreshRate=90.0, mRequestSource=null};
03-26 13:44:44.748  3967  4197 D ActivityTaskManager: setAppVisibility(Token{a90ba77 ActivityRecord{64912933 u0 com.android.launcher/.Launcher t5}}, visible=true):  visible=false mVisibleRequested=false
03-26 13:44:44.748  3967  4317 D RefreshRate: do setDisplayConfigSpecs  
03-26 13:44:44.748  3967  4197 D WindowManager: NFW_setClientVisible:ActivityRecord{64912933 u0 com.android.launcher/.Launcher t5} clientVisible:true
03-26 13:44:44.748  3967  4197 D ActivityTaskManager: setVisibility(Token{a90ba77 ActivityRecord{64912933 u0 com.android.launcher/.Launcher t5}}, visible=true) defer commitVisibility for transition collecting
03-26 13:44:44.748  3967  4317 D DisplayModeDirector: setAppRequest displayId : 0  modeId: 4  requestedRefreshRate: 120.00001  requestedMinRefreshRateRange: 120.00001  requestedMaxRefreshRateRange: 120.00001
03-26 13:44:44.748  3967  4197 D ActivityTaskManager: onWindowFocusChanged Task{1768a4c #5 type=home I=com.android.launcher/.Launcher} would transfer to compact
03-26 13:44:44.748  3967  4246 I UserAwareMgr: handleTopAppChanged: com.android.launcher, pid: 8303, uid: 10255
03-26 13:44:44.748  3967  4197 D ActivityTaskManager: NFW_setLastResumedActivityUncheckLocked:true r:ActivityRecord{64912933 u0 com.android.launcher/.Launcher t5} currentFocus:null
03-26 13:44:44.749  3967  4197 D QuickBackInputPolicy: hasMultiChildrenInTask: false
03-26 13:44:44.749  3967  4197 D WindowManager: NFW_findFocusedWindowIfNeeded:Window{feb4162 u0 com.android.launcher/com.android.launcher.Launcher} mCurrentFocus:null
03-26 13:44:44.749  3967  4197 D WindowManager: attachImeScreenshotOnTargetIfNeeded, mImeHiding = false, requestedVisibleTypes = -9
03-26 13:44:44.749  3967  4313 D OplusFeatureDMR[display=0]: onConfigChanged threadId=71 threadName=OplusDisplayWorkHandler physicalDisplayId=4630946640660707475 modeId=6  
03-26 13:44:44.749  3967  4197 D QuickBackInputPolicy: hasMultiChildrenInTask: false
03-26 13:44:44.749  3967  4197 V WindowManager: Changing focus from null to Window{feb4162 u0 com.android.launcher/com.android.launcher.Launcher},diplayid=0
03-26 13:44:44.750  3967  4197 D FlexibleTaskController: onTaskFocusChanged prevTask:Task{374afe6 #63049 type=standard A=10622:com.routepix} ,currentTask:Task{1768a4c #5 type=home I=com.android.launcher/.Launcher}, reason: resumeTopActivity - onActivityStateChanged
03-26 13:44:44.750  3967  4197 D OplusFlexibleDCSManager: onNextPkgChanged pkg = com.android.launcher
03-26 13:44:44.751  3967  4197 I OplusJoystickManager: handleApplicationSwitch deprecated!
03-26 13:44:44.751  3967  4197 I GameManagerServiceExt-GameManagerServiceExt: on FG change: com.routepix|com.android.launcher
03-26 13:44:44.751  3967  8533 D OplusEapManager: mTargetExitName :com.routepix
03-26 13:44:44.751  3967  4197 D FlexibleTaskController: isFullToFlexibleAnimating: false
03-26 13:44:44.751  3967  4197 D WindowManager: rotation(ROTATION_0) no changed  displayId = 0, lastOrientation = 5
03-26 13:44:44.751  3967  4313 D OplusAppSwitchListener: App Activity Change
03-26 13:44:44.751  3967  4313 D OplusAppSwitchListener: Detect com.routepix switch to background
03-26 13:44:44.751  3967  4313 D OplusFeatureReduceBrightness: onAppExit , info = com.routepix
03-26 13:44:44.752  3967  4313 D OplusAppSwitchListener: Detect com.android.launcher switch to foreground
03-26 13:44:44.752  3967  4313 D OplusFeatureGlobalLimitBrightness: switch to display extreme mode 
03-26 13:44:44.752  3967  4313 E OplusHwDisplayRusAdfr: panel id 0 config param is invalid and xml version = -1
03-26 13:44:44.752  3967  4313 E OplusHwDisplayRusAdfr: panel id 0 config param is invalid and xml version = -1
03-26 13:44:44.752  3967  4197 D WindowManager: NFW_setClientVisible:WallpaperWindowToken{c8f07e8 showWhenLocked=false} clientVisible:true
03-26 13:44:44.752  3967  4305 D OplusBiometricsDisplayHelper: isFold: false, isUnblockByFp: null
03-26 13:44:44.752  3967  4197 D InsetsSourceProvider: updateSourceFrameForServerVisibility mandatorySystemGestures EMPTY_RECT
03-26 13:44:44.752  3967  4197 D InsetsSourceProvider: updateSourceFrameForServerVisibility mandatorySystemGestures EMPTY_RECT
03-26 13:44:44.752  3967  4197 D VRR [OPlusRefreshRatePolicy]: setRefreshRatePolicy policy=POLICY_SYSTEM, refreshRate=90, statusOn=false
03-26 13:44:44.752  3967  4197 D VRR [OPlusRefreshRatePolicy]: setRefreshRatePolicy policy=POLICY_SYSTEM, refreshRate=120, statusOn=true
03-26 13:44:44.752  3967  4197 D DisplayModeDirector: setAppRequest displayId : 0  modeId: 4  requestedRefreshRate: 0.0  requestedMinRefreshRateRange: 0.0  requestedMaxRefreshRateRange: 120.00001
03-26 13:44:44.753  3967  8533 D OplusAppSwitchRuleInfo: generateAppEnterInfo - launch_source_type =  , launch_source_traceid = 
03-26 13:44:44.753  3967  8533 D OplusAppSwitchRuleInfo: generateAppEnterInfo - launch_source_type =  , launch_source_traceid = 
03-26 13:44:44.753  3967  4197 I TaskOrganizerController: onTaskInfoChanged taskid 63049 config { mBounds=Rect(0, 0 - 1080, 2344) mAppBounds=Rect(0, 0 - 1080, 2344) mMaxBounds=Rect(0, 0 - 1080, 2344) mDisplayRotation=ROTATION_0 mWindowingMode=fullscreen mActivityType=standard mAlwaysOnTop=undefined mRotation=ROTATION_0}
03-26 13:44:44.753  3967  8533 D OplusEapManager: mTargetEnterName :com.android.launcher
03-26 13:44:44.753  3967  4197 D OplusVisibleTasks:  notifyTaskFocusChange no need.
03-26 13:44:44.753  3967  4197 D OplusFlexibleDragToSplitAnimController: visibleFlexibleTaskInfos delete:63049
03-26 13:44:44.753  3967  8533 D OplusAppSwitchRuleInfo: generateAppEnterInfo - launch_source_type =  , launch_source_traceid = 
03-26 13:44:44.753  3967  4197 E FlexibleWindowManagerService: notifyTaskObserverToAttachController not need to notify!
03-26 13:44:44.753  3967  4197 I FlexibleWindowManagerService: onFlexibleWindowTaskInfoChanged, return for cur task not embedded
03-26 13:44:44.753  3967  4197 I TaskOrganizerController: onTaskInfoChanged taskid 1 config { mBounds=Rect(0, 0 - 1080, 2344) mAppBounds=Rect(0, 0 - 1080, 2344) mMaxBounds=Rect(0, 0 - 1080, 2344) mDisplayRotation=ROTATION_0 mWindowingMode=fullscreen mActivityType=home mAlwaysOnTop=undefined mRotation=ROTATION_0}
03-26 13:44:44.753  3967  8533 D OplusAppSwitchRuleInfo: generateAppEnterInfo - launch_source_type =  , launch_source_traceid = 
03-26 13:44:44.753  3967  4197 D OplusFlexibleDragToSplitAnimController: visibleFlexibleTaskInfos delete:1
03-26 13:44:44.753  3967  4197 E FlexibleWindowManagerService: notifyTaskObserverToAttachController not need to notify!
03-26 13:44:44.753  3967  4197 I FlexibleWindowManagerService: onFlexibleWindowTaskInfoChanged, return for cur task not embedded
03-26 13:44:44.753  3967  4197 D InsetsSourceProvider: updateSourceFrameForServerVisibility mandatorySystemGestures EMPTY_RECT
03-26 13:44:44.753  3967  7336 D BackgroundInstallControlService: Package event received: 0
03-26 13:44:44.753  3967  4197 D InsetsSourceProvider: updateSourceFrameForServerVisibility mandatorySystemGestures EMPTY_RECT
03-26 13:44:44.754  3967  4197 W AppStandbyController: Tried to restrict recently used app: com.routepix due to 1540
03-26 13:44:44.755  3967  4246 I UserAwareMgr: process killed: {pkgName='com.routepix', serviceName='', procName=com.routepix, pid=24198, uid=10622, appId=0, owner='null', flags='fg1', renderTid=24306, hwuiTids=[24325, 24326], glTids=null, threadInfos=null, mVideoActivityList=[], mStates=0}
03-26 13:44:44.755  3967  4246 I UserAwareMgr: handleProcessKilled, pkgName: com.routepix, pid: 24198
03-26 13:44:44.755  3967  4197 I ActivityManager: Killing 24198:com.routepix/u0a622 (adj 0): crash
03-26 13:44:44.755  3967  4230 D InsetsSourceProvider: updateSourceFrameForServerVisibility mandatorySystemGestures EMPTY_RECT
03-26 13:44:44.755  3967  4230 D WindowManager: onSyncFinishedDrawing: Window{feb4162 u0 com.android.launcher/com.android.launcher.Launcher}
03-26 13:44:44.755  8303  8303 D ActivityThread: ComponentInfo{com.android.launcher/com.android.launcher.Launcher} checkFinished=false 2
03-26 13:44:44.755  8303  8303 D ResourcesManagerExtImpl: applyConfigurationToAppResourcesLocked app.getDisplayId() return callback.displayId:0
03-26 13:44:44.756  3967  4230 D ActivityTaskManager: commitVisibility: ActivityRecord{64912933 u0 com.android.launcher/.Launcher t5}: visible=true visibleRequested=true, isInTransition=true 
03-26 13:44:44.756  3967  4230 E OplusAppQuickStart_AppQuickStartController: not start from launcher transition:11250
03-26 13:44:44.756  3967  4230 D Transition: collectOrderChanges onTopTasksEnd: [Task{94ed55a #1 type=home}, Task{1768a4c #5 type=home I=com.android.launcher/.Launcher}], reportedOnTop:null, mOnTopTasksStart: [Task{374afe6 #63049 type=standard A=10622:com.routepix}], TDA child: [Task{4e3ce9e #2 type=undefined}, Task{8b0cecf #63028 type=standard A=10619:com.github.android}, Task{374afe6 #63049 type=standard A=10622:com.routepix}, Task{94ed55a #1 type=home}]
03-26 13:44:44.756  3967  4230 D Transition: collectOrderChanges **mParticipants add task: Task{1768a4c #5 type=home I=com.android.launcher/.Launcher}
03-26 13:44:44.756  3967  4230 D Transition: collectOrderChanges **mParticipants add task: Task{94ed55a #1 type=home}
03-26 13:44:44.757  3967  4230 D ContinuousTransitionController: updateAnimTargetIfNeed, open from launcher transition has displayArea target, remove it, ChangeInfo{7df7947 container=DefaultTaskDisplayArea@169605759 flags=0x10}
03-26 13:44:44.757  3967  4230 D ContinuousTransitionController: cleanEndParentForChangeInfo, ChangeInfo{5047574 container=Task{94ed55a #1 type=home} flags=0x30}
03-26 13:44:44.757  3967  4230 D OplusFlexibleActivityTransitionManager: fixTransitType type result:2, targets: [ChangeInfo{5047574 container=Task{94ed55a #1 type=home} flags=0x30}, ChangeInfo{a678a9d container=WallpaperWindowToken{c8f07e8 showWhenLocked=false} flags=0x0}]
03-26 13:44:44.757  3967  4230 D OplusTransitionAnimationManager: activityRecordCount0fullScreenArBeHindStartingWindow null
03-26 13:44:44.758  3967  4230 D OplusTransitionAnimationManager: activityRecordCount0fullScreenArBeHindStartingWindow null
03-26 13:44:44.758  3967  4230 D QuickBackInputPolicy: resetInputInterceptState for remoteTransition: false
03-26 13:44:44.758  3967  4230 D OplusTransitionController: onTransactionReady, transition: 11250, info: {id=11250 t=CLOSE f=0x10 trk=0 r=[0@Point(0, 0)] c=[{WCT{RemoteToken{ff46453 Task{94ed55a #1 type=home}}} m=TO_FRONT f=SHOW_WALLPAPER|MOVE_TO_TOP leash=Surface(name=Task=1)/@0xeedc724 sb=Rect(0, 0 - 1080, 2344) eb=Rect(0, 0 - 1080, 2344) epz=Point(1080, 2344) d=0 taskParent=-1},{m=TO_FRONT f=IS_WALLPAPER leash=Surface(name=WallpaperWindowToken{c8f07e8 showWhenLocked=false})/@0xc0482a8 sb=Rect(0, 0 - 1080, 2344) eb=Rect(0, 0 - 1080, 2344) epz=Point(1080, 2344) d=0}] 
03-26 13:44:44.758  3967  4230 D OplusTransitionController: extendInfo=[
03-26 13:44:44.758  3967  4230 D OplusTransitionController:  OplusTransitionExtendedInfo{mTmpFinishT=null, mInOplusCompatMode=false, mIsProcessRunning=false, mHasMismatchBoundsTarget=false, mRecentsController=null, mRemoteTransition=null, mIsTranslucentActivityToHome=false, mAvoidInterceptKeyEventToHome=false, mIsFromHome=false, mParentLeash=null, mBackAnimClosingLeash=null, mIsOplusAnimRes=false, mKeepBgForContinuous=false, mIsBalAllow=false, mTaskNotInRecent=false, mIsPredictiveBackAnim=false, mIsMergedWithPredictive=false, mIsLaunchFromSpruce=false, mIsLaunchFromDrive=false, mGlobalSearchPageSwitch=false, mNeedNoAlphaGlobalSearchScene=false, mAssistScreenShowing=false, mSwipeUpBrowserScreenShowing=false, mUserIdTransition=0
03-26 13:44:44.758  3967  4230 D OplusTransitionController: , mInRemoteScene=false, mInPreReady=false, mPreStart=false, mToken=null, mAbortByRemoteFromHome=false, mShellApplyToken=null, mRequestTransitionTaskId=63049, mAbortTransitionOnShell=0, mStartFromShortcut=false, mRemovedTaskId=-1, mTransitionInterruptType=0, mMergeSecondTaskId=-1, mTaskIdStartFromRecents=0, mTransitionId=11250, mCanUseSpringSlideAnim=false, mTransitionLaunchFrom=0, mFoldChangeType=-1, mAnimStartingPosition=[0, 0, 0, 0], mIsOpeningStkDialogActivity=false, mSecondaryHomeToFrontWhenUnFolding=false, mIsNeedApplyStartTForEmbedded=false
03-26 13:44:44.758  3967  4230 D OplusTransitionController: , mNeedCanvasExitAnim=false, mMergeSecondTaskAnimation=false, mIsLaunchUnityStart=false, mIsLaunchFromAssistantByDefault=false, mSkipRemoteTransitionfalse, mIsStartFromKeyguard=false flags=0x0, mWCT=null, mIsOpenMergeToInValidPredictive=false, mPromoteTaskWhenKeyguard-1, mRootLayerZOrderArray={}}]}, targets : [ChangeInfo{5047574 container=Task{94ed55a #1 type=home} flags=0x30}, ChangeInfo{a678a9d container=WallpaperWindowToken{c8f07e8 showWhenLocked=false} flags=0x0}], participants: {Task{1768a4c #5 type=home I=com.android.launcher/.Launcher}, ActivityRecord{32860672 u0 com.routepix/.MainActivity t63049 f} isExiting}, ActivityRecord{64912933 u0 com.android.launcher/.Launcher t5}, Task{94ed55a #1 type=home}, WallpaperWindowToken{c8f07e8 showWhenLocked=false}}
03-26 13:44:44.758  3967  4230 D CoreBackPreview:  return markWindowHasDrawn mComposed: false  mWaitTransition: false
03-26 13:44:44.758  3967  8533 D OplusAppSwitchRuleInfo: generateAppEnterInfo - launch_source_type =  , launch_source_traceid = 
03-26 13:44:44.758  3967  7886 D OplusBatteryServiceFeature: setSmartCoolDown: coolDown = 4, normalCoolDown = 4, pkgName = com.android.launcher
03-26 13:44:44.758  3967  8533 D OplusAppSwitchRuleInfo: generateAppEnterInfo - launch_source_type =  , launch_source_traceid = 
03-26 13:44:44.759  3967  8533 D OplusAppSwitchRuleInfo: generateAppEnterInfo - launch_source_type =  , launch_source_traceid = 
03-26 13:44:44.759  3967  8533 D OplusAppSwitchRuleInfo: generateAppEnterInfo - launch_source_type =  , launch_source_traceid = 
03-26 13:44:44.759  8050 20072 V WindowManagerShell: onTransitionReady(transaction=17038136177527)
03-26 13:44:44.760  3967  4230 I TaskOrganizerController: onTaskInfoChanged taskid 1 config { mBounds=Rect(0, 0 - 1080, 2344) mAppBounds=Rect(0, 0 - 1080, 2344) mMaxBounds=Rect(0, 0 - 1080, 2344) mDisplayRotation=ROTATION_0 mWindowingMode=fullscreen mActivityType=home mAlwaysOnTop=undefined mRotation=ROTATION_0}
03-26 13:44:44.760  3967  4230 D OplusVisibleTasks:  notifyTasksNumChange no need to notify.
03-26 13:44:44.760  3967  4230 D OplusFlexibleDragToSplitAnimController: visibleFlexibleTaskInfos delete:1
03-26 13:44:44.760  3967  4230 E FlexibleWindowManagerService: notifyTaskObserverToAttachController not need to notify!
03-26 13:44:44.760  3967  4230 I FlexibleWindowManagerService: onFlexibleWindowTaskInfoChanged, return for cur task not embedded
03-26 13:44:44.761  3967  4252 I ActivityManager: Start proc 24622:com.snapchat.android/u0a587 for service {com.snapchat.android/androidx.work.impl.background.systemjob.SystemJobService}
03-26 13:44:44.761  3967  4227 I ActivityManager: ProcessObserver broadcast disabled
03-26 13:44:44.762  8050  8095 V WindowManagerShell: onTransitionReady (#11250) android.os.BinderProxy@5e1c50b: {id=11250 t=CLOSE f=0x10 trk=0 r=[0@Point(0, 0)] c=[
03-26 13:44:44.762  8050  8095 V WindowManagerShell:         {m=TO_FRONT f=SHOW_WALLPAPER|MOVE_TO_TOP leash=Surface(name=Task=1)/@0x2b78ca6 sb=Rect(0, 0 - 1080, 2344) eb=Rect(0, 0 - 1080, 2344) epz=Point(1080, 2344) d=0 taskParent=-1},
03-26 13:44:44.762  8050  8095 V WindowManagerShell:         {m=TO_FRONT f=IS_WALLPAPER leash=Surface(name=WallpaperWindowToken{c8f07e8 showWhenLocked=false})/@0x365a6e7 sb=Rect(0, 0 - 1080, 2344) eb=Rect(0, 0 - 1080, 2344) epz=Point(1080, 2344) d=0}
03-26 13:44:44.762  8050  8095 V WindowManagerShell:     ] 
03-26 13:44:44.762  8050  8095 V WindowManagerShell: extendInfo=[
03-26 13:44:44.762  8050  8095 V WindowManagerShell:  OplusTransitionExtendedInfo{mTmpFinishT=null, mInOplusCompatMode=false, mIsProcessRunning=false, mHasMismatchBoundsTarget=false, mRecentsController=null, mRemoteTransition=null, mIsTranslucentActivityToHome=false, mAvoidInterceptKeyEventToHome=false, mIsFromHome=false, mParentLeash=null, mBackAnimClosingLeash=null, mIsOplusAnimRes=false, mKeepBgForContinuous=false, mIsBalAllow=false, mTaskNotInRecent=false, mIsPredictiveBackAnim=false, mIsMergedWithPredictive=false, mIsLaunchFromSpruce=false, mIsLaunchFromDrive=false, mGlobalSearchPageSwitch=false, mNeedNoAlphaGlobalSearchScene=false, mAssistScreenShowing=false, mSwipeUpBrowserScreenShowing=false, mUserIdTransition=0
03-26 13:44:44.762  8050  8095 V WindowManagerShell: , mInRemoteScene=false, mInPreReady=false, mPreStart=false, mToken=null, mAbortByRemoteFromHome=false, mShellApplyToken=null, mRequestTransitionTaskId=63049, mAbortTransitionOnShell=0, mStartFromShortcut=false, mRemovedTaskId=-1, mTransitionInterruptType=0, mMergeSecondTaskId=-1, mTaskIdStartFromRecents=0, mTransitionId=11250, mCanUseSpringSlideAnim=false, mTransitionLaunchFrom=0, mFoldChangeType=-1, mAnimStartingPosition=[0, 0, 0, 0], mIsOpeningStkDialogActivity=false, mSecondaryHomeToFrontWhenUnFolding=false, mIsNeedApplyStartTForEmbedded=false
03-26 13:44:44.762  8050  8095 V WindowManagerShell: , mNeedCanvasExitAnim=false, mMergeSecondTaskAnimation=false, mIsLaunchUnityStart=false, mIsLaunchFromAssistantByDefault=false, mSkipRemoteTransitionfalse, mIsStartFromKeyguard=false flags=0x0, mWCT=null, mIsOpenMergeToInValidPredictive=false, mPromoteTaskWhenKeyguard-1, mRootLayerZOrderArray={}}]}
03-26 13:44:44.762  8050  8095 V WindowManagerShell: Playing animation for (#11250) android.os.BinderProxy@5e1c50b@0
03-26 13:44:44.762  8050  8095 V ShellRecents: RecentsTransitionHandler.startAnimation: no controller found
03-26 13:44:44.762  8050  8095 V WindowManagerShell: start OnePuttTransition animation, info = {id=11250 t=CLOSE f=0x10 trk=0 r=[0@Point(0, 0)] c=[{m=TO_FRONT f=SHOW_WALLPAPER|MOVE_TO_TOP leash=Surface(name=Task=1)/@0x2b78ca6 sb=Rect(0, 0 - 1080, 2344) eb=Rect(0, 0 - 1080, 2344) epz=Point(1080, 2344) d=0 taskParent=-1},{m=TO_FRONT f=IS_WALLPAPER leash=Surface(name=WallpaperWindowToken{c8f07e8 showWhenLocked=false})/@0x365a6e7 sb=Rect(0, 0 - 1080, 2344) eb=Rect(0, 0 - 1080, 2344) epz=Point(1080, 2344) d=0}] 
03-26 13:44:44.762  8050  8095 V WindowManagerShell: extendInfo=[
03-26 13:44:44.762  8050  8095 V WindowManagerShell:  OplusTransitionExtendedInfo{mTmpFinishT=null, mInOplusCompatMode=false, mIsProcessRunning=false, mHasMismatchBoundsTarget=false, mRecentsController=null, mRemoteTransition=null, mIsTranslucentActivityToHome=false, mAvoidInterceptKeyEventToHome=false, mIsFromHome=false, mParentLeash=null, mBackAnimClosingLeash=null, mIsOplusAnimRes=false, mKeepBgForContinuous=false, mIsBalAllow=false, mTaskNotInRecent=false, mIsPredictiveBackAnim=false, mIsMergedWithPredictive=false, mIsLaunchFromSpruce=false, mIsLaunchFromDrive=false, mGlobalSearchPageSwitch=false, mNeedNoAlphaGlobalSearchScene=false, mAssistScreenShowing=false, mSwipeUpBrowserScreenShowing=false, mUserIdTransition=0
03-26 13:44:44.762  8050  8095 V WindowManagerShell: , mInRemoteScene=false, mInPreReady=false, mPreStart=false, mToken=null, mAbortByRemoteFromHome=false, mShellApplyToken=null, mRequestTransitionTaskId=63049, mAbortTransitionOnShell=0, mStartFromShortcut=false, mRemovedTaskId=-1, mTransitionInterruptType=0, mMergeSecondTaskId=-1, mTaskIdStartFromRecents=0, mTransitionId=11250, mCanUseSpringSlideAnim=false, mTransitionLaunchFrom=0, mFoldChangeType=-1, mAnimStartingPosition=[0, 0, 0, 0], mIsOpeningStkDialogActivity=false, mSecondaryHomeToFrontWhenUnFolding=false, mIsNeedApplyStartTForEmbedded=false
03-26 13:44:44.762  8050  8095 V WindowManagerShell: , mNeedCanvasExitAnim=false, mMergeSecondTaskAnimation=false, mIsLaunchUnityStart=false, mIsLaunchFromAssistantByDefault=false, mSkipRemoteTransitionfalse, mIsStartFromKeyguard=false flags=0x0, mWCT=null, mIsOpenMergeToInValidPredictive=false, mPromoteTaskWhenKeyguard-1, mRootLayerZOrderArray={}}]}
03-26 13:44:44.762  8050  8095 V WindowManagerShell: Transition doesn't have explicit remote, search filters for match for {id=11250 t=CLOSE f=0x10 trk=0 r=[0@Point(0, 0)] c=[{m=TO_FRONT f=SHOW_WALLPAPER|MOVE_TO_TOP leash=Surface(name=Task=1)/@0x2b78ca6 sb=Rect(0, 0 - 1080, 2344) eb=Rect(0, 0 - 1080, 2344) epz=Point(1080, 2344) d=0 taskParent=-1},{m=TO_FRONT f=IS_WALLPAPER leash=Surface(name=WallpaperWindowToken{c8f07e8 showWhenLocked=false})/@0x365a6e7 sb=Rect(0, 0 - 1080, 2344) eb=Rect(0, 0 - 1080, 2344) epz=Point(1080, 2344) d=0}] 
03-26 13:44:44.762  8050  8095 V WindowManagerShell: extendInfo=[
03-26 13:44:44.762  8050  8095 V WindowManagerShell:  OplusTransitionExtendedInfo{mTmpFinishT=null, mInOplusCompatMode=false, mIsProcessRunning=false, mHasMismatchBoundsTarget=false, mRecentsController=null, mRemoteTransition=null, mIsTranslucentActivityToHome=false, mAvoidInterceptKeyEventToHome=false, mIsFromHome=false, mParentLeash=null, mBackAnimClosingLeash=null, mIsOplusAnimRes=false, mKeepBgForContinuous=false, mIsBalAllow=false, mTaskNotInRecent=false, mIsPredictiveBackAnim=false, mIsMergedWithPredictive=false, mIsLaunchFromSpruce=false, mIsLaunchFromDrive=false, mGlobalSearchPageSwitch=false, mNeedNoAlphaGlobalSearchScene=false, mAssistScreenShowing=false, mSwipeUpBrowserScreenShowing=false, mUserIdTransition=0
03-26 13:44:44.762  8050  8095 V WindowManagerShell: , mInRemoteScene=false, mInPreReady=false, mPreStart=false, mToken=null, mAbortByRemoteFromHome=false, mShellApplyToken=null, mRequestTransitionTaskId=63049, mAbortTransitionOnShell=0, mStartFromShortcut=false, mRemovedTaskId=-1, mTransitionInterruptType=0, mMergeSecondTaskId=-1, mTaskIdStartFromRecents=0, mTransitionId=11250, mCanUseSpringSlideAnim=false, mTransitionLaunchFrom=0, mFoldChangeType=-1, mAnimStartingPosition=[0, 0, 0, 0], mIsOpeningStkDialogActivity=false, mSecondaryHomeToFrontWhenUnFolding=false, mIsNeedApplyStartTForEmbedded=false
03-26 13:44:44.762  8050  8095 V WindowManagerShell: , mNeedCanvasExitAnim=false, mMergeSecondTaskAnimation=false, mIsLaunchUnityStart=false, mIsLaunchFromAssistantByDefault=false, mSkipRemoteTransitionfalse, mIsStartFromKeyguard=false flags=0x0, mWCT=null, mIsOpenMergeToInValidPredictive=false, mPromoteTaskWhenKeyguard-1, mRootLayerZOrderArray={}}]}
03-26 13:44:44.762  8050  8095 V WindowManagerShell:  Checking filter Pair{{types=[] flags=0x0] notFlags=0x100 checks=[{atype=home independent=true modes=[OPEN,TO_FRONT] flags=NONE mustBeTask=false order=TOP topActivity=ComponentInfo{com.android.launcher/com.android.launcher.Launcher} launchCookie=null windowingMode=undefined},{atype=standard independent=true modes=[CLOSE,TO_BACK] flags=NONE mustBeTask=false order=ANY topActivity=null launchCookie=null windowingMode=undefined}]} RemoteTransition { remoteTransition = android.window.IRemoteTransition$Stub$Proxy@f1df7cf, appThread = android.app.IApplicationThread$Stub$Proxy@a5dc55c, debugName = QuickstepLaunchHome }}
03-26 13:44:44.762  8050  8095 V WindowManagerShell:  Delegate animation for (#11250) to null
03-26 13:44:44.762  8050  8095 V WindowManagerShell: start default transition animation, info = {id=11250 t=CLOSE f=0x10 trk=0 r=[0@Point(0, 0)] c=[{m=TO_FRONT f=SHOW_WALLPAPER|MOVE_TO_TOP leash=Surface(name=Task=1)/@0x2b78ca6 sb=Rect(0, 0 - 1080, 2344) eb=Rect(0, 0 - 1080, 2344) epz=Point(1080, 2344) d=0 taskParent=-1},{m=TO_FRONT f=IS_WALLPAPER leash=Surface(name=WallpaperWindowToken{c8f07e8 showWhenLocked=false})/@0x365a6e7 sb=Rect(0, 0 - 1080, 2344) eb=Rect(0, 0 - 1080, 2344) epz=Point(1080, 2344) d=0}] 
03-26 13:44:44.762  8050  8095 V WindowManagerShell: extendInfo=[
03-26 13:44:44.762  8050  8095 V WindowManagerShell:  OplusTransitionExtendedInfo{mTmpFinishT=null, mInOplusCompatMode=false, mIsProcessRunning=false, mHasMismatchBoundsTarget=false, mRecentsController=null, mRemoteTransition=null, mIsTranslucentActivityToHome=false, mAvoidInterceptKeyEventToHome=false, mIsFromHome=false, mParentLeash=null, mBackAnimClosingLeash=null, mIsOplusAnimRes=false, mKeepBgForContinuous=false, mIsBalAllow=false, mTaskNotInRecent=false, mIsPredictiveBackAnim=false, mIsMergedWithPredictive=false, mIsLaunchFromSpruce=false, mIsLaunchFromDrive=false, mGlobalSearchPageSwitch=false, mNeedNoAlphaGlobalSearchScene=false, mAssistScreenShowing=false, mSwipeUpBrowserScreenShowing=false, mUserIdTransition=0
03-26 13:44:44.762  8050  8095 V WindowManagerShell: , mInRemoteScene=false, mInPreReady=false, mPreStart=false, mToken=null, mAbortByRemoteFromHome=false, mShellApplyToken=null, mRequestTransitionTaskId=63049, mAbortTransitionOnShell=0, mStartFromShortcut=false, mRemovedTaskId=-1, mTransitionInterruptType=0, mMergeSecondTaskId=-1, mTaskIdStartFromRecents=0, mTransitionId=11250, mCanUseSpringSlideAnim=false, mTransitionLaunchFrom=0, mFoldChangeType=-1, mAnimStartingPosition=[0, 0, 0, 0], mIsOpeningStkDialogActivity=false, mSecondaryHomeToFrontWhenUnFolding=false, mIsNeedApplyStartTForEmbedded=false
03-26 13:44:44.762  8050  8095 V WindowManagerShell: , mNeedCanvasExitAnim=false, mMergeSecondTaskAnimation=false, mIsLaunchUnityStart=false, mIsLaunchFromAssistantByDefault=false, mSkipRemoteTransitionfalse, mIsStartFromKeyguard=false flags=0x0, mWCT=null, mIsOpenMergeToInValidPredictive=false, mPromoteTaskWhenKeyguard-1, mRootLayerZOrderArray={}}]}
03-26 13:44:44.763  3967 13955 V WindowManager: Relayout Window{34e04b1 u0 com.google.android.googlequicksearchbox}: viewVisibility=0, oldvis=8, req=1080x2344 , apr = 0, vsysui=
03-26 13:44:44.763  3967  4246 I UserAwareMgr: handleTopAppChanged: com.google.android.googlequicksearchbox, pid: 4978, uid: 10142
03-26 13:44:44.763  3967 13955 D InsetsSourceProvider: updateSourceFrameForServerVisibility mandatorySystemGestures EMPTY_RECT
03-26 13:44:44.763  3967 13955 D InsetsSourceProvider: updateSourceFrameForServerVisibility mandatorySystemGestures EMPTY_RECT
03-26 13:44:44.763  8050  8095 V WindowManagerShell: loadAnimation: anim=android.view.animation.AnimationSet@33fcd32 animAttr=0x10 type=CLOSE isEntrance=true
03-26 13:44:44.764  3967 13955 D WindowManager: relayoutVisibleWindow win:Window{34e04b1 u0 com.google.android.googlequicksearchbox} set mDestroying = false  DestroySavedSurface remove
03-26 13:44:44.764  3967 13955 D QuickBackInputPolicy: hasMultiChildrenInTask: false
03-26 13:44:44.764  3967 13955 D WindowManager: NFW_findFocusedWindowIfNeeded:Window{feb4162 u0 com.android.launcher/com.android.launcher.Launcher} mCurrentFocus:Window{feb4162 u0 com.android.launcher/com.android.launcher.Launcher}
03-26 13:44:44.764  8050  8095 V WindowManagerShell:  animated by com.android.wm.shell.transition.DefaultTransitionHandler@c4739aa
03-26 13:44:44.764  3967  4317 D VRR [OPlusSurfaceFlingerController]:  setComplexSceneEnable : false
03-26 13:44:44.764  8050  8095 D WindowManagerShell: setLauncherKeepClearAreaHeight: visible=true, height=225
03-26 13:44:44.764  3967  4317 D VRR [OPlusRefreshRateService]:  setDirectorStates [flag: 1, state: 1, directorStateOff: 1]
03-26 13:44:44.764  3967  4317 D VRR [OPlusRefreshRateService]: handleFrontAppChange pkgName: com.android.launcher
03-26 13:44:44.765  3967  4317 D VRR [OPlusSAManager]: updateAutoMinfps for 4630946640660707475 with nits: 85.05277, mHistOK true, mAmbientOK true, mCctOK true, mIrOK true, mBrightnessOK true, isPkgOK true, SA min fps: 89
03-26 13:44:44.765  4978  4978 W VRI[googlequicksearchbox]: updateBlastSurfaceIfNeeded, surfaceSize:Point(1080, 2344), lastSurfaceSize:Point(1080, 2344), format:-2, blastBufferQueue:null
03-26 13:44:44.765  8303  8303 D VRI[Launcher]: relayoutWindow result, sizeChanged:false, surfaceControlChanged:false, transformHintChanged:false, mSurfaceSize:Point(1080, 2344), mLastSurfaceSize:Point(1080, 2344), mWidth:1080, mHeight:2344, requestedWidth:1080, requestedHeight:2344, transformHint:0, installOrientation:0, displayRotation:0, isSurfaceValid:true, attr.flag:-2121203456, tmpFrames:ClientWindowFrames{frame=[0,0][1080,2344] display=[0,0][1080,2344] parentFrame=[0,0][1080,2344]}, relayoutAsync:true, mSyncSeqId:0
03-26 13:44:44.765  8303  8303 W VRI[Launcher]: updateBlastSurfaceIfNeeded, surfaceSize:Point(1080, 2344), lastSurfaceSize:Point(1080, 2344), format:-2, blastBufferQueue:android.graphics.BLASTBufferQueue@14f0716
03-26 13:44:44.765  3967  7886 V WindowManager: Relayout Window{feb4162 u0 com.android.launcher/com.android.launcher.Launcher}: viewVisibility=0, oldvis=0, req=1080x2344 , apr = 0, vsysui=LAYOUT_STABLE LAYOUT_HIDE_NAVIGATION LAYOUT_FULLSCREEN
03-26 13:44:44.766  3967  8824 D OplusBatteryServiceFeature: setSmartCoolDown: coolDown = 4, normalCoolDown = 4, pkgName = com.android.launcher
03-26 13:44:44.766  3967  7886 D InsetsSourceProvider: updateSourceFrameForServerVisibility mandatorySystemGestures EMPTY_RECT
03-26 13:44:44.766  3967  4265 E OplusThermalStats: Error getting package info: com.android.launcher
03-26 13:44:44.766  3967  7886 D InsetsSourceProvider: updateSourceFrameForServerVisibility mandatorySystemGestures EMPTY_RECT
03-26 13:44:44.767  3967  8533 D OplusAppSwitchRuleInfo: generateAppEnterInfo - launch_source_type =  , launch_source_traceid = 
03-26 13:44:44.767  3967  5028 I MemoryOperationUtils: add 24622 to com.snapchat.android
03-26 13:44:44.768  3967  8533 D OplusAppSwitchRuleInfo: generateAppEnterInfo - launch_source_type =  , launch_source_traceid = 
03-26 13:44:44.769  3967  7824 I BLASTSyncEngine: onCommitted syncId: 11250, timeout: false ran: false
03-26 13:44:44.772  3967 13955 I WindowManager: Window{34e04b1 u0 com.google.android.googlequicksearchbox} state from DRAW_PENDING to COMMIT_DRAW_PENDING; reason: finishDrawingLocked
03-26 13:44:44.772  3967  4313 D OplusFeatureDMR[display=0]: onConfigChanged threadId=71 threadName=OplusDisplayWorkHandler physicalDisplayId=4630946640660707475 modeId=4  
03-26 13:44:44.772  3967  4230 D InsetsSourceProvider: updateSourceFrameForServerVisibility mandatorySystemGestures EMPTY_RECT
03-26 13:44:44.772  3967  4230 D InsetsSourceProvider: updateSourceFrameForServerVisibility mandatorySystemGestures EMPTY_RECT
03-26 13:44:44.772  3967  4230 I WindowManager: Window{34e04b1 u0 com.google.android.googlequicksearchbox} state from COMMIT_DRAW_PENDING to READY_TO_SHOW; reason: commitFinishDrawingLocked
03-26 13:44:44.772  3967  4230 D CoreBackPreview:  return markWindowHasDrawn mComposed: false  mWaitTransition: false
03-26 13:44:44.772  3967  4230 D ActivityTaskManager: Clearing startingData for activity=ActivityRecord{64912933 u0 com.android.launcher/.Launcher t5} mStartingData=null mStartingSurface=null
03-26 13:44:44.773  3967  4230 I WindowManager: Window{34e04b1 u0 com.google.android.googlequicksearchbox} state from READY_TO_SHOW to HAS_DRAWN; reason: performShowLocked
03-26 13:44:44.774  8303 13426 E ActivityThread: Failed to find provider info for com.android.launcher.EventContentProvider
03-26 13:44:44.774  3967  5162 D ActivityManager: reportOneUidFrozenStateChanged uid 10214 frozen = false
03-26 13:44:44.774  3967  4230 D InsetsSourceProvider: updateSourceFrameForServerVisibility mandatorySystemGestures EMPTY_RECT
03-26 13:44:44.774  3967  4261 D ActivityManager: sync unfroze 20042 com.oneplus.deskclock:clockWidget for 3
03-26 13:44:44.774  3967  4230 D InsetsSourceProvider: updateSourceFrameForServerVisibility mandatorySystemGestures EMPTY_RECT
03-26 13:44:44.774  3967  4261 D ActivityManager: Async freezing 20042 com.oneplus.deskclock:clockWidget
03-26 13:44:44.774  3967  4261 D ActivityManager: Cancel freezing 20042 com.oneplus.deskclock:clockWidget
03-26 13:44:44.774  3967  4261 D ActivityManager: Async freezing 20042 com.oneplus.deskclock:clockWidget
03-26 13:44:44.775  3967  4229 D DisplayManagerServiceExtImpl: scheduleTraversalLocked intraversal=false
03-26 13:44:44.775  3967  4230 D InsetsSourceProvider: updateSourceFrameForServerVisibility mandatorySystemGestures EMPTY_RECT
03-26 13:44:44.775  3967  4230 D DisplayManagerService: performTraversalInternal pendingTraversal
03-26 13:44:44.775  3967  4230 D DisplayDevice: setLayerStackLocked id=local:4630946640660707475 token=android.os.BinderProxy@d660820 stack=0->0
03-26 13:44:44.775  3967  4317 D LocalDisplayAdapter: setDesiredDisplayModeSpecsAsync: display unique id = local:4630946640660707475, display mode specs = defaultMode=4 allowGroupSwitching=false primaryRanges=physical: (0.0 120.0) render:  (0.0 120.0) appRequestRanges=physical: (0.0 120.0) render:  (0.0 120.0) idleScreenRefreshRate=null
03-26 13:44:44.775  3967  9912 E KernelCpuUidFreqTimeReader: Negative delta from freq time for uid: 90000, delta: -1
03-26 13:44:44.775  3967  9912 E KernelCpuUidFreqTimeReader: Negative delta from freq time for uid: 90002, delta: -615
03-26 13:44:44.775  3967  9912 E KernelCpuUidFreqTimeReader: Negative delta from freq time for uid: 90003, delta: -88
03-26 13:44:44.775  3967  9912 E KernelCpuUidFreqTimeReader: Negative delta from freq time for uid: 90004, delta: -1531
03-26 13:44:44.775  3967  9912 E KernelCpuUidFreqTimeReader: Negative delta from freq time for uid: 90005, delta: -7
03-26 13:44:44.775  3967  9912 E KernelCpuUidFreqTimeReader: Negative delta from freq time for uid: 99016, delta: -253
03-26 13:44:44.775  3967  9912 E KernelCpuUidFreqTimeReader: Negative delta from freq time for uid: 99032, delta: -31
03-26 13:44:44.775  3967  9912 E KernelCpuUidFreqTimeReader: Negative delta from freq time for uid: 99033, delta: -21
03-26 13:44:44.775  3967  9912 E KernelCpuUidFreqTimeReader: Negative delta from freq time for uid: 99035, delta: -9
03-26 13:44:44.775  3967  4261 D ActivityManager: Cancel freezing 20042 com.oneplus.deskclock:clockWidget
03-26 13:44:44.775  3967  4229 I AccessibilityWindowsPopulator: getInsensibleFlag flag = 0
03-26 13:44:44.775  3967  8533 D OplusAppSwitchRuleInfo: generateActivityEnterInfo - launch_source_type =  , launch_source_traceid = 
03-26 13:44:44.775  3967  8533 D OplusAppSwitchRuleInfo: generateActivityEnterInfo - launch_source_type =  , launch_source_traceid = 
03-26 13:44:44.775  3967  8533 D OplusAppSwitchRuleInfo: generateActivityEnterInfo - launch_source_type =  , launch_source_traceid = 
03-26 13:44:44.776  3967  4226 V WindowManager: Sent Transition (#11250) createdAt=03-26 13:44:44.743 via request=TransitionRequestInfo { type = CLOSE, triggerTask = TaskInfo{userId=0 taskId=63049 effectiveUid=10622 displayId=0 isRunning=true baseIntent=Intent { act=android.intent.action.MAIN cat=[android.intent.category.LAUNCHER] flg=0x34100000 pkg=com.routepix cmp=com.routepix/.MainActivity mCallingUid=10300 } baseActivity=ComponentInfo{com.routepix/com.routepix.MainActivity} topActivity=ComponentInfo{com.routepix/com.routepix.MainActivity} origActivity=null realActivity=ComponentInfo{com.routepix/com.routepix.MainActivity}
03-26 13:44:44.776  3967  4226 V WindowManager:  numActivities=1 lastActiveTime=616062937 supportsSplitScreenMultiWindow=true supportsMultiWindow=true supportsPocketStudioMultiWindow=true isInFlexibleEmbedded = false uid = 10622 pid = 0 resizeMode=1 isResizeable=true minWidth=-1 minHeight=-1 defaultMinSize=220 token=WCT{RemoteToken{e31b1cc Task{374afe6 #63049 type=standard A=10622:com.routepix}}} topActivityType=1 pictureInPictureParams=null shouldDockBigOverlays=false launchIntoPipHostTaskId=-1 lastParentTaskIdBeforePip=-1 displayCutoutSafeInsets=Rect(0, 0 - 0, 0)
03-26 13:44:44.776  3967  4226 V WindowManager:  topActivityInfo=ActivityInfo{9e92a8c com.routepix.MainActivity} launchCookies=[] positionInParent=Point(0, 0) parentTaskId=-1 isFocused=true isVisible=true isVisibleRequested=true isTopActivityNoDisplay=false isSleeping=false locusId=null displayAreaFeatureId=1 isTopActivityTransparent=false isActivityStackTransparent=false lastNonFullscreenBounds=Rect(278, 692 - 802, 1772) capturedLink=null capturedLinkTimestamp=0 requestedVisibleTypes=-9 topActivityRequestOpenInBrowserEducationTimestamp=0
03-26 13:44:44.776  3967  4226 V WindowManager:  appCompatTaskInfo=AppCompatTaskInfo { topActivityInSizeCompat=false topActivityInOplusCompatMode=false eligibleForLetterboxEducation= false isLetterboxEducationEnabled= false isLetterboxDoubleTapEnabled= false eligibleForUserAspectRatioButton= false topActivityBoundsLetterboxed= false isFromLetterboxDoubleTap= false topActivityLetterboxVerticalPosition= -1 topActivityLetterboxHorizontalPosition= -1 topActivityLetterboxWidth=-1 topActivityLetterboxHeight=-1 topActivityAppBounds=Rect(0, 0 - 1080, 2344) isUserFullscreenOverrideEnabled=false isSystemFullscreenOverrideEnabled=false hasMinAspectRatioOverride=false topActivityLetterboxBounds=null cameraCompatTaskInfo=CameraCompatTaskInfo { freeformCameraCompatMode=inactive}} topActivityMainWindowFrame=null topActivityLetterboxInsets=Rect(0, 0 - 0, 0)
