03-26 13:17:56.334  3967  4197 E OplusCustomizeRestrictionManagerService: isBiometricDisabled start
03-26 13:17:56.335  3967  7332 D ShortcutService: Saving package item org.telegram.messenger to /data/system_ce/0/shortcut_service/packages/org.telegram.messenger.xml
03-26 13:17:56.335  3967  4226 W UserManagerService: onShortcutChanged for another profile 0 from 999
03-26 13:17:56.335  3967  4226 D ShortcutService: Getting shortcuts for launcher= com.google.android.asuserId=0 pkg=org.telegram.messenger
03-26 13:17:56.335  3967  7332 D ShortcutService: Persisting shortcuts from 0@org.telegram.messenger
03-26 13:17:56.336  3967  7332 D ShortcutService: did3_6575200359 [DynIc-rStr]
03-26 13:17:56.336  3967  7332 D ShortcutService: did3_1676861242 [DynIc-rStr]
03-26 13:17:56.336  3967  7332 D ShortcutService: did3_6096310602 [DynIc-rStr]
03-26 13:17:56.336  3967  7332 D ShortcutService: did3_6491314381 [DynIc-rStr]
03-26 13:17:56.336  3967  7332 D ShortcutService: did3_6373926729 [DynIc-rStr]
03-26 13:17:56.336  3967  7332 D ShortcutService: did3_8337090925 [DynIc-rStr]
03-26 13:17:56.336  3967  7332 D ShortcutService: did3_6688555335 [DynIc-rStr]
03-26 13:17:56.336  3967  7332 D ShortcutService: compose [DynIc-rStr]
03-26 13:17:56.336  3967  7332 D ShortcutService: did3_1421393698 [DynIc-rStr]
03-26 13:17:56.336  3967  4197 D BiometricService/PreAuthInfo: Package: com.android.vending Sensor ID: 4 Modality: 8 User id: 0 Status: 4
03-26 13:17:56.337  3967  4197 D BiometricService/PreAuthInfo: getCanAuthenticateInternal Modality: 2 AuthenticatorStatus: 1
03-26 13:17:56.337  3967  4197 D AuthService: canAuthenticate, userId: 0, callingUserId: 0, authenticators: 15, result: 0
03-26 13:17:56.337  3967 13949 D BiometricService: canAuthenticate: User=0, Caller=0, Authenticators=32768, opPackageName=com.android.vending
03-26 13:17:56.337  3967 13949 D BiometricService/PreAuthInfo: getCanAuthenticateInternal Modality: 1 AuthenticatorStatus: 1
03-26 13:17:56.337  3967 13949 D AuthService: canAuthenticate, userId: 0, callingUserId: 0, authenticators: 32768, result: 0
03-26 13:17:56.337  3967  4197 D BiometricService: canAuthenticate: User=0, Caller=0, Authenticators=15, opPackageName=com.android.vending
03-26 13:17:56.338  3967  4226 D ShortcutService: Getting shortcuts for launcher= com.android.systemuiuserId=0 pkg=org.telegram.messenger
03-26 13:17:56.338  3967  4197 E OplusCustomizeRestrictionManagerService: isBiometricDisabled start
03-26 13:17:56.338  3967  4197 D BiometricService/PreAuthInfo: Package: com.android.vending Sensor ID: 1 Modality: 2 User id: 0 Status: 1
03-26 13:17:56.338  3967  4197 E OplusCustomizeRestrictionManagerService: isBiometricDisabled start
03-26 13:17:56.338  3967  4197 D BiometricService/PreAuthInfo: Package: com.android.vending Sensor ID: 4 Modality: 8 User id: 0 Status: 4
03-26 13:17:56.338  3967  4197 D BiometricService/PreAuthInfo: getCanAuthenticateInternal Modality: 2 AuthenticatorStatus: 1
03-26 13:17:56.338  3967  4197 D AuthService: canAuthenticate, userId: 0, callingUserId: 0, authenticators: 15, result: 0
03-26 13:17:56.338  3967  4226 D ShortcutService: Getting shortcuts for launcher= com.android.launcheruserId=0 pkg=org.telegram.messenger
03-26 13:17:56.340  3967 13949 D BiometricService: canAuthenticate: User=0, Caller=0, Authenticators=15, opPackageName=com.android.vending
03-26 13:17:56.340  3967 13949 E OplusCustomizeRestrictionManagerService: isBiometricDisabled start
03-26 13:17:56.340  3967 13949 D BiometricService/PreAuthInfo: Package: com.android.vending Sensor ID: 1 Modality: 2 User id: 0 Status: 1
03-26 13:17:56.340  3967 13949 E OplusCustomizeRestrictionManagerService: isBiometricDisabled start
03-26 13:17:56.340  3967 13949 D BiometricService/PreAuthInfo: Package: com.android.vending Sensor ID: 4 Modality: 8 User id: 0 Status: 4
03-26 13:17:56.340  3967 13949 D BiometricService/PreAuthInfo: getCanAuthenticateInternal Modality: 2 AuthenticatorStatus: 1
03-26 13:17:56.340  3967 13949 D AuthService: canAuthenticate, userId: 0, callingUserId: 0, authenticators: 15, result: 0
03-26 13:17:56.349  3967 13949 I ActivityManager: Flag disabled. Ignoring finishAttachApplication from uid: 10083. pid: 10366
03-26 13:17:56.365  3967  4197 E OplusCustomizeRestrictionManagerService: isBiometricDisabled start
03-26 13:17:56.365  3967  4197 D BiometricService: Sensor ID(4), oemStrength: 4095, updatedStrength: 4095, modality 8, state: 0, cookie: 0, sensorId 4, hasEnrollments: true cannot participate in Keystore operations
03-26 13:17:56.367  3967  4197 D BiometricService: canAuthenticate: User=0, Caller=0, Authenticators=15, opPackageName=com.android.vending
03-26 13:17:56.367  3967  4197 E OplusCustomizeRestrictionManagerService: isBiometricDisabled start
03-26 13:17:56.367  3967  4197 D BiometricService/PreAuthInfo: Package: com.android.vending Sensor ID: 1 Modality: 2 User id: 0 Status: 1
03-26 13:17:56.367  3967  4197 E OplusCustomizeRestrictionManagerService: isBiometricDisabled start
03-26 13:17:56.367  3967  4197 D BiometricService/PreAuthInfo: Package: com.android.vending Sensor ID: 4 Modality: 8 User id: 0 Status: 4
03-26 13:17:56.367  3967  4197 D BiometricService/PreAuthInfo: getCanAuthenticateInternal Modality: 2 AuthenticatorStatus: 1
03-26 13:17:56.367  3967  4197 D AuthService: canAuthenticate, userId: 0, callingUserId: 0, authenticators: 15, result: 0
03-26 13:17:56.540  3967  4246 W QosScheduler: executeSceneQosStrategy failed! qos feature no enable
03-26 13:17:56.636  3967 10348 I VibratorManagerServiceExtImpl: vibrate is uid=1000, pid=3967, opPkg=android, effect=Mono{mEffect=Composed{segments=[Step{amplitude=0.0, frequencyHz=0.0, duration=0}, Step{amplitude=-1.0, frequencyHz=0.0, duration=200}, Step{amplitude=0.0, frequencyHz=0.0, duration=200}, Step{amplitude=-1.0, frequencyHz=0.0, duration=0}], repeat=-1}}, attributes=VibrationAttributes{mUsage=NOTIFICATION, mAudioUsage= USAGE_NOTIFICATION, mFlags=0}, reason=Notification (com.exteragram.messenger 10466) (Delayed), token=135433586
03-26 13:17:56.636  3967  5167 W VibrationScaler: Got unexpected vibration intensity: 2400
03-26 13:17:56.648  3967  5180 V AlarmManager: sending alarm Alarm{c5aadd9 type 1 origWhen 1774511276648 whenElapsed 614462675 android} uid 1000 whenElapsed 614462675 windowLength 0 maxWhenElapsed 614462675 repeatInterval 0 action null component null tag StorgaeBandInfoAlarmTag flags 0x9 procName system_server
03-26 13:17:56.737  3967  4197 D CompatChangeReporter: Compat change id reported: 297989574; UID 10385; state: ENABLED
03-26 13:17:56.751 10366 10377 E ActivityThread: Failed to find provider info for com.oplusos.provider.PermissionProvider
03-26 13:17:56.751 10366 10375 E ActivityThread: Failed to find provider info for com.oplusos.provider.PermissionProvider
03-26 13:17:56.855 10366 10377 E ActivityThread: Failed to find provider info for com.oplusos.provider.PermissionProvider
03-26 13:17:56.855 10366 10375 E ActivityThread: Failed to find provider info for com.oplusos.provider.PermissionProvider
03-26 13:17:56.888  3967  4306 D PowerManagerService: userActivityNoUpdateLocked: groupId=0, eventTime=361660279, event=touch, flags=0x0, uid=1000
03-26 13:17:56.888  3967  4306 D PowerManagerService: userActivityNoUpdateLocked: groupId=0, eventTime=361660279, event=touch, flags=0x0, uid=1000
03-26 13:17:56.958  3967  4246 W QosScheduler: executeSceneQosStrategy failed! qos feature no enable
03-26 13:17:56.990  3967  4306 D PowerManagerService: userActivityNoUpdateLocked: groupId=0, eventTime=361660383, event=touch, flags=0x0, uid=1000
03-26 13:17:56.991  3967  4306 D PowerManagerService: userActivityNoUpdateLocked: groupId=0, eventTime=361660383, event=touch, flags=0x0, uid=1000
03-26 13:17:57.017 10366 10375 E ActivityThread: Failed to find provider info for com.oplusos.provider.PermissionProvider
03-26 13:17:57.087 10366 10375 E ActivityThread: Failed to find provider info for com.oplusos.provider.PermissionProvider
03-26 13:17:57.091 10366 10375 E ActivityThread: Failed to find provider info for com.oplusos.provider.PermissionProvider
03-26 13:17:57.138  3967  4246 W QosScheduler: executeSceneQosStrategy failed! qos feature no enable
03-26 13:17:57.423  8667  9570 W ContextImpl: Calling a method in the system process without a qualified user: android.app.ContextImpl.sendBroadcast:1296 android.content.ContextWrapper.sendBroadcast:521 com.oplus.coex.CoexRfService.sendRrcStatusToWlan:437 com.oplus.coex.CoexRfService.-$$Nest$msendRrcStatusToWlan:0 com.oplus.coex.CoexRfService$CoexRfHandler.handleMessage:327 
03-26 13:17:57.869  3967  4306 D PowerManagerService: userActivityNoUpdateLocked: groupId=0, eventTime=361661259, event=touch, flags=0x0, uid=1000
03-26 13:17:57.870  3967  4306 D PowerManagerService: userActivityNoUpdateLocked: groupId=0, eventTime=361661259, event=touch, flags=0x0, uid=1000
03-26 13:17:57.958  3967  8356 D MultiApp-CMAService: Skip crossProfile resolver for multiApp
03-26 13:17:57.968  3967  8356 D WindowManager: NFW_setClientVisible:ActivityRecord{198357715 u0 com.github.android/.DeepLinkAliasActivityApi35 clientVisible:true
03-26 13:17:57.969  3967  8356 D FlexibleTaskController: isSupportFlexibleWindow target = com.github.android/.activities.DeepLinkActivity callPkg = FlexibleTaskController support = true ,caller = 3967
03-26 13:17:57.969  3967  8356 D ActivityStarterExtImpl: checkOpMode: 3
03-26 13:17:57.970  3967  7648 D OAppNetControlService: Hans update:[10619=false][1|1] blackList:[10375, 10364, 10384, 10409, 10453, 10442, 10412, 10451, 10508, 10475]
03-26 13:17:57.972  3967  8356 D FlexibleWindowManagerService: isIgnoreAppearedAcrossTask:false
03-26 13:17:57.972  3967  8356 D FlexibleWindowManagerService: isIgnoreAppearedAcrossTask:false
03-26 13:17:57.972  3967  8356 D FlexibleTaskController: findSourceTaskForFreeForm: sourceRecord = ActivityRecord{144013501 u0 com.routepix/.MainActivity t63037} ,realCallingPid:7207 ,launchFromZoomMode:false ,prevTopTask:Task{5664e03 #63037 type=standard A=10622:com.routepix}
03-26 13:17:57.972  3967  8356 D FlexibleTaskController: adjustOptionsForFlexibleTask not allow options follow process task's options, reason:8 ,reusedOptions:null
03-26 13:17:57.973  3967  8356 D FlexibleTaskController: isSupportFlexibleWindow target = com.github.android/.activities.DeepLinkActivity callPkg = FlexibleTaskController support = true ,caller = 3967
03-26 13:17:57.973  3967  8356 D FlexibleWindowManagerService: no reused task found for ActivityRecord{198357715 u0 com.github.android/.DeepLinkAliasActivityApi35 t-1}
03-26 13:17:57.975  3967  8356 D ActivityStarterExtImpl: checkLaunchInSameTaskBackground sameTask = false, inContinuousScene = false, isLastResumedSamePackage = false, inLastOpenTransition = false
03-26 13:17:57.976  3967  8356 D CompactServiceDelegate: updateDecorsManagerIfNeed return because not attachToProcess task:Task{8dd8b3c #63038 type=standard}
03-26 13:17:57.976  3967  8356 D CompactServiceDelegate: updateDecorsManagerIfNeed return because not attachToProcess task:Task{8dd8b3c #63038 type=standard}
03-26 13:17:57.981  3967  8356 D SecondaryPageStartupPolicy: checkSecondaryPageStartupStatus not support sourcePackage=com.routepix
03-26 13:17:57.981  3967  8356 D OplusStartingWindowManager: we don't revise window flags for third app
03-26 13:17:57.981  3967  8356 D ActivityTaskManager: validateStartingWindowTheme:  Pkg=com.github.android, Translucent=true, Floating=false, ShowWallpaper=false, Disable=false, LaunchSource=4, Prev=null, LaunchedFromPackage=com.routepix
03-26 13:17:57.982  3967  8356 D ActivityTaskManager: addStartingWindow for ActivityRecord{198357715 u0 com.github.android/.DeepLinkAliasActivityApi35 t63038}, mainWin=null, state=INITIALIZING, isKeyguardLocked=false, isKeyguardGoingAway=false
03-26 13:17:57.982  3967  8356 D ActivityTaskManager: getStartingWindowType: , newTask=true, taskSwitch=true, processRunning=true, allowTaskSnapshot=true, activityCreated=false, activityAllDrawn=false, snapshot exist: false
03-26 13:17:57.982  3967  8356 D ActivityRecordExtImpl: handleStartingWindowForCompactWindow origin type:2, adjustType : 2
03-26 13:17:57.982  3967  8356 D ActivityTaskManager: skip addStartingWindow due to resolvedTheme: 0, theme: 2132017568
03-26 13:17:57.983  3967  8356 D TaskFragmentExtImpl: shouldSetReadyFalse and resumedActivity: ActivityRecord{198357715 u0 com.github.android/.DeepLinkAliasActivityApi35 t63038} prev: ActivityRecord{144013501 u0 com.routepix/.MainActivity t63037} resumedLaunchFromLauncher: false prevLaunchFromApp: false transitionType: 1
03-26 13:17:57.986  3967  8356 I ActivityTaskManager: Add Task{8b0cecf #63028 type=standard A=10619:com.github.android} to hidden list because adding Task{8dd8b3c #63038 type=standard A=10619:com.github.android}
03-26 13:17:57.986  3967  8356 D ActivityTaskManager: notifyTaskRemoved, task: Task{8b0cecf #63028 type=standard A=10619:com.github.android} trace:com.android.server.wm.RecentTasks.removeForAddTask:1888 com.android.server.wm.RecentTasks.add:1377 com.android.server.wm.ActivityStarter.startActivityInner:3031 com.android.server.wm.ActivityStarter.startActivityUnchecked:2166 com.android.server.wm.ActivityStarter.executeRequest:1916 
03-26 13:17:57.986  3967  8356 D SnapshotCache: removeRunningEntry id: 63028, callers=com.android.server.wm.SnapshotCache.onIdRemoved:107 com.android.server.wm.TaskSnapshotController.removeAndDeleteSnapshot:398 com.android.server.wm.Task.removedFromRecents:1460 
03-26 13:17:57.986  3967  8356 D ActivityTaskManager: notifyTaskAdded, task: Task{8dd8b3c #63038 type=standard A=10619:com.github.android} trace:com.android.server.wm.RecentTasks.add:1392 com.android.server.wm.ActivityStarter.startActivityInner:3031 com.android.server.wm.ActivityStarter.startActivityUnchecked:2166 com.android.server.wm.ActivityStarter.executeRequest:1916 com.android.server.wm.ActivityStarter.execute:1004 
03-26 13:17:57.987  3967  8356 D osense.compress: notifyActivityLaunched pkgName = com.github.android, userId = 0
03-26 13:17:57.987  8050  8095 V WindowManagerShell: Transition requested (#11175): android.os.BinderProxy@c32837c TransitionRequestInfo { type = OPEN, triggerTask = TaskInfo{userId=0 taskId=63038 effectiveUid=10619 displayId=0 isRunning=true baseIntent=Intent { act=android.intent.action.VIEW dat=https://github.com/... flg=0x10000000 cmp=com.github.android/.DeepLinkAliasActivityApi35 mCallingUid=10622 } baseActivity=ComponentInfo{com.github.android/com.github.android.activities.DeepLinkActivity} topActivity=ComponentInfo{com.github.android/com.github.android.activities.DeepLinkActivity} origActivity=ComponentInfo{com.github.android/com.github.android.DeepLinkAliasActivityApi35} realActivity=ComponentInfo{com.github.android/com.github.android.activities.DeepLinkActivity}
03-26 13:17:57.987  8050  8095 V WindowManagerShell:  numActivities=1 lastActiveTime=614464013 supportsSplitScreenMultiWindow=true supportsMultiWindow=true supportsPocketStudioMultiWindow=true isInFlexibleEmbedded = false uid = 10619 pid = 0 resizeMode=1 isResizeable=true minWidth=-1 minHeight=-1 defaultMinSize=220 token=WCT{android.window.IWindowContainerToken$Stub$Proxy@379f405} topActivityType=1 pictureInPictureParams=null shouldDockBigOverlays=false launchIntoPipHostTaskId=-1 lastParentTaskIdBeforePip=-1 displayCutoutSafeInsets=Rect(0, 120 - 0, 0)
03-26 13:17:57.987  8050  8095 V WindowManagerShell:  topActivityInfo=ActivityInfo{4249c5a com.github.android.DeepLinkAliasActivityApi35} launchCookies=[] positionInParent=Point(0, 0) parentTaskId=-1 isFocused=false isVisible=false isVisibleRequested=false isTopActivityNoDisplay=false isSleeping=false locusId=null displayAreaFeatureId=1 isTopActivityTransparent=true isActivityStackTransparent=true lastNonFullscreenBounds=Rect(278, 692 - 802, 1772) capturedLink=https://github.com/sksalapur/RoutePix capturedLinkTimestamp=0 requestedVisibleTypes=-9 topActivityRequestOpenInBrowserEducationTimestamp=0
03-26 13:17:57.987  8050  8095 V WindowManagerShell:  appCompatTaskInfo=AppCompatTaskInfo { topActivityInSizeCompat=false topActivityInOplusCompatMode=false eligibleForLetterboxEducation= false isLetterboxEducationEnabled= false isLetterboxDoubleTapEnabled= false eligibleForUserAspectRatioButton= false topActivityBoundsLetterboxed= false isFromLetterboxDoubleTap= false topActivityLetterboxVerticalPosition= -1 topActivityLetterboxHorizontalPosition= -1 topActivityLetterboxWidth=-1 topActivityLetterboxHeight=-1 topActivityAppBounds=Rect(0, 0 - 1080, 2344) isUserFullscreenOverrideEnabled=false isSystemFullscreenOverrideEnabled=false hasMinAspectRatioOverride=false topActivityLetterboxBounds=null cameraCompatTaskInfo=CameraCompatTaskInfo { freeformCameraCompatMode=inactive}} topActivityMainWindowFrame=null topActivityLetterboxInsets=Rect(0, 0 - 0, 0)
03-26 13:17:57.987  8050  8095 V WindowManagerShell:  mOplusExtraBundle = Bundle[mParcelledData.dataSize=1468]}, pipChange = null, remoteTransition = null, displayChange = null, flags = 0, debugId = 11175 }
03-26 13:17:57.987  3967  8356 I ActivityTaskManager: START u0 {act=android.intent.action.VIEW dat=https://github.com/... xflg=0x4 cmp=com.github.android/.DeepLinkAliasActivityApi35 mCallingUid=10622} with LAUNCH_SINGLE_INSTANCE from uid 10622 (sr=144013501) (BAL_ALLOW_VISIBLE_WINDOW (callingUid has visible window)) result code=0
03-26 13:17:57.989  3967 13949 D ActivityTaskManager: Skipping, invisible task: Task{1768a4c #5 type=home I=com.android.launcher/.Launcher}
03-26 13:17:57.989  3967 13949 D OplusSplitScreenManagerService: com.android.settings unSupportsSplitScreen by blockList or ForbidActivityList
03-26 13:17:57.989  3967 13949 D OplusSplitScreenManagerService: com.android.settings unSupportsSplitScreen by blockList or ForbidActivityList
03-26 13:17:57.989  8050  8095 D ShellSplitScreen: logExit: no-op, mLoggerSessionId is null
03-26 13:17:57.989  3967 13949 D OplusSplitScreenManagerService: com.android.settings unSupportsSplitScreen by blockList or ForbidActivityList
03-26 13:17:57.989  3967 13949 D OplusSplitScreenManagerService: com.android.settings unSupportsSplitScreen by blockList or ForbidActivityList
03-26 13:17:57.989  3967 13949 D ActivityTaskManager: after skip size:14,pre-Filtered:com.github.android # com.routepix # com.openai.chatgpt # com.oneplus.gallery # com.android.settings # com.android.chrome # com.instagram.android # com.twitter.android # com.exteragram.messenger # com.whatsapp # com.samsung.android.app.notes # com.flipkart.android # com.android.settings # com.metrolist.music # 
03-26 13:17:57.991  3967 13949 D RefreshRate: boostRefreshId choose max:currentRefreshRate:90.0 targetRefreshRate:60.0 mCurrentPickRate:90.0
03-26 13:17:57.991  3967 13949 D RefreshRate: Trigger app switch boost, ar=ActivityRecord{198357715 u0 com.github.android/.DeepLinkAliasActivityApi35 t63038},currDisplayRate=90.0,boostId=1
03-26 13:17:57.991  3967 13949 D RefreshRate: setDisplayConfigSpecs complete: targetMode={id=6, width=1080, height=2344, fps=90.0, vsync=90.0, synthetic=false, alternativeRefreshRates=[60.000004, 120.00001, 120.00001], supportedHdrTypes=[1, 2, 3, 4]},srcMode={id=6, width=1080, height=2344, fps=90.0, vsync=90.0, synthetic=false, alternativeRefreshRates=[60.000004, 120.00001, 120.00001], supportedHdrTypes=[1, 2, 3, 4]},sfModId=6,rate=90.0
03-26 13:17:57.991  3967 13949 D RefreshRate: startAppSwitchBoost targetMode={id=6, width=1080, height=2344, fps=90.0, vsync=90.0, synthetic=false, alternativeRefreshRates=[60.000004, 120.00001, 120.00001], supportedHdrTypes=[1, 2, 3, 4]} record=ActivityRecord{198357715 u0 com.github.android/.DeepLinkAliasActivityApi35 t63038}: votes=PRIORITY_START_ANIMATION_BOOST -> Vote{mRefreshRate=90.0, mMinRefreshRate=90.0, mRequestSource=null};PRIORITY_WINDOW_REQUEST -> Vote{mRefreshRate=90.0, mMinRefreshRate=90.0, mRequestSource=null};
03-26 13:17:57.992  3967  7381 D JobSchedulerServiceExtImpl: updateOsenseRestrictMode for 1 true false
03-26 13:17:57.992  3967  4317 D RefreshRate: do setDisplayConfigSpecs  
03-26 13:17:57.992  3967  8367 D NativeFreezeManager: freezeForAppSwitchScene mAppLaunchFzDxEnable enter, mFgAppPkgname com.github.android
03-26 13:17:57.992  3967  4317 D DisplayModeDirector: setAppRequest displayId : 0  modeId: 6  requestedRefreshRate: 90.0  requestedMinRefreshRateRange: 90.0  requestedMaxRefreshRateRange: 90.0
03-26 13:17:57.992  3967 13949 I ActivityTaskManager: The Process com.github.android Already Exists in BG. So sending its PID: 28170
03-26 13:17:57.993  3967 13949 D ActivityTaskManager: setAppVisibility(Token{328c0c5 ActivityRecord{198357715 u0 com.github.android/.DeepLinkAliasActivityApi35 t63038}}, visible=true):  visible=false mVisibleRequested=false
03-26 13:17:57.993  3967 13949 D ActivityTaskManager: setVisibility(Token{328c0c5 ActivityRecord{198357715 u0 com.github.android/.DeepLinkAliasActivityApi35 t63038}}, visible=true) defer commitVisibility for transition collecting
03-26 13:17:57.993  3967 13949 D FlexibleTaskController: isFullToFlexibleAnimating: false
03-26 13:17:57.994  3967 13949 D WindowManager: rotation(ROTATION_0) no changed  displayId = 0, lastOrientation = -1
03-26 13:17:57.994  3967 13949 D ActivityTaskManager: setAppVisibility(Token{328c0c5 ActivityRecord{198357715 u0 com.github.android/.DeepLinkAliasActivityApi35 t63038}}, visible=true):  visible=false mVisibleRequested=true
03-26 13:17:57.994  3967 13949 D ActivityTaskManager: setVisibility(Token{328c0c5 ActivityRecord{198357715 u0 com.github.android/.DeepLinkAliasActivityApi35 t63038}}, visible=true) defer commitVisibility for transition collecting
03-26 13:17:57.994  3967 13949 D OplusDexOptimizeManager: basepath == oldPackagePath! com.github.android
03-26 13:17:57.994  3967 13949 D ActivityTaskManager: onWindowFocusChanged Task{8dd8b3c #63038 type=standard A=10619:com.github.android} would transfer to compact
03-26 13:17:57.994  3967 13949 D ActivityTaskManager: NFW_setLastResumedActivityUncheckLocked:true r:ActivityRecord{198357715 u0 com.github.android/.DeepLinkAliasActivityApi35 t63038} currentFocus:Window{7393aea u0 com.routepix/com.routepix.MainActivity}
03-26 13:17:57.994  3967  4246 I UserAwareMgr: handleTopAppChanged: com.github.android, pid: 28170, uid: 10619
03-26 13:17:57.995  3967 13949 D WindowManager: NFW_findFocusedWindowIfNeeded:null mCurrentFocus:Window{7393aea u0 com.routepix/com.routepix.MainActivity}
03-26 13:17:57.995  3967  4313 D OplusFeatureDMR[display=0]: onConfigChanged threadId=71 threadName=OplusDisplayWorkHandler physicalDisplayId=4630946640660707475 modeId=6  
03-26 13:17:57.995  3967 13949 V WindowManager: Changing focus from Window{7393aea u0 com.routepix/com.routepix.MainActivity} to null,diplayid=0
03-26 13:17:57.995  3967 13949 D FlexibleTaskController: onTaskFocusChanged prevTask:Task{5664e03 #63037 type=standard A=10622:com.routepix} ,currentTask:Task{8dd8b3c #63038 type=standard A=10619:com.github.android}, reason: realStartActivityLocked - onActivityStateChanged
03-26 13:17:57.995  3967  7336 D BackgroundInstallControlService: Package event received: 0
03-26 13:17:57.995  3967 13949 D OplusFlexibleDCSManager: onNextPkgChanged pkg = com.github.android
03-26 13:17:57.996  3967 13949 I OplusJoystickManager: handleApplicationSwitch deprecated!
03-26 13:17:57.996  3967 13949 I GameManagerServiceExt-GameManagerServiceExt: on FG change: com.routepix|com.github.android
03-26 13:17:57.996  3967  4313 D OplusAppSwitchListener: App Activity Change
03-26 13:17:57.996  3967  4313 D OplusAppSwitchListener: Detect com.routepix switch to background
03-26 13:17:57.996  3967  4313 D OplusFeatureReduceBrightness: onAppExit , info = com.routepix
03-26 13:17:57.997  3967 13949 D InsetsSourceProvider: updateSourceFrameForServerVisibility mandatorySystemGestures EMPTY_RECT
03-26 13:17:57.997  3967 13949 D DisplayModeDirector: setAppRequest displayId : 0  modeId: 6  requestedRefreshRate: 0.0  requestedMinRefreshRateRange: 0.0  requestedMaxRefreshRateRange: 90.0
03-26 13:17:57.997  3967  4317 D VRR [OPlusRefreshRateService]:  setDirectorStates [flag: 1, state: 1, directorStateOff: 1]
03-26 13:17:57.997  3967  4313 D OplusAppSwitchListener: Detect com.github.android switch to foreground
03-26 13:17:57.997  3967 13949 I TaskOrganizerController: onTaskInfoChanged taskid 63037 config { mBounds=Rect(0, 0 - 1080, 2344) mAppBounds=Rect(0, 0 - 1080, 2344) mMaxBounds=Rect(0, 0 - 1080, 2344) mDisplayRotation=ROTATION_0 mWindowingMode=fullscreen mActivityType=standard mAlwaysOnTop=undefined mRotation=ROTATION_0}
03-26 13:17:57.998  3967 13949 D OplusVisibleTasks:  notifyTaskFocusChange no need.
03-26 13:17:57.998  3967 13949 D OplusFlexibleDragToSplitAnimController: visibleFlexibleTaskInfos delete:63037
03-26 13:17:57.998  3967 13949 E FlexibleWindowManagerService: notifyTaskObserverToAttachController not need to notify!
03-26 13:17:57.998  3967 13949 I FlexibleWindowManagerService: onFlexibleWindowTaskInfoChanged, return for cur task not embedded
03-26 13:17:57.998  3967  4313 E OplusHwDisplayRusAdfr: panel id 0 config param is invalid and xml version = -1
03-26 13:17:57.998  3967  4313 E OplusHwDisplayRusAdfr: panel id 0 config param is invalid and xml version = -1
03-26 13:17:57.999  3967  4229 D OomAdjusterSocExtImpl: App adj change from cached state to fg state : 28170 com.github.android
03-26 13:17:57.999  3967  4230 D InsetsSourceProvider: updateSourceFrameForServerVisibility mandatorySystemGestures EMPTY_RECT
03-26 13:17:58.000 28170 28170 D ResourcesManagerExtImpl: applyConfigurationToAppResourcesLocked app.getDisplayId() return callback.displayId:0
03-26 13:17:58.000  3967  4265 E OplusThermalStats: Error getting package info: com.github.android
03-26 13:17:58.000  3967  8533 D OplusEapManager: mTargetExitName :com.routepix
03-26 13:17:58.001  3967  8533 D OplusAppSwitchRuleInfo: generateAppEnterInfo - launch_source_type =  , launch_source_traceid = 
03-26 13:17:58.001  3967  8533 D OplusAppSwitchRuleInfo: generateAppEnterInfo - launch_source_type =  , launch_source_traceid = 
03-26 13:17:58.002  3967  4317 D VRR [OPlusRefreshRateService]: handleFrontAppChange pkgName: null
03-26 13:17:58.003  3967  4229 D FlexibleTaskController: check task which not have enough child, isInSingleWhiteList:false isCloneTask:false
03-26 13:17:58.004  3967  7336 D BackgroundInstallControlService: Package event received: 0
03-26 13:17:58.004  3967  8533 D OplusEapManager: mTargetEnterName :com.github.android
03-26 13:17:58.004  3967  8533 D OplusAppSwitchRuleInfo: generateAppEnterInfo - launch_source_type =  , launch_source_traceid = 
03-26 13:17:58.004  3967  8533 D OplusAppSwitchRuleInfo: generateAppEnterInfo - launch_source_type =  , launch_source_traceid = 
03-26 13:17:58.004  3967  8533 D OplusAppSwitchRuleInfo: generateAppEnterInfo - launch_source_type =  , launch_source_traceid = 
03-26 13:17:58.004  3967  8533 D OplusAppSwitchRuleInfo: generateAppEnterInfo - launch_source_type =  , launch_source_traceid = 
03-26 13:17:58.004  3967  8533 D OplusAppSwitchRuleInfo: generateAppEnterInfo - launch_source_type =  , launch_source_traceid = 
03-26 13:17:58.004  3967  8533 D OplusAppSwitchRuleInfo: generateAppEnterInfo - launch_source_type =  , launch_source_traceid = 
03-26 13:17:58.004  3967  8533 D OplusAppSwitchRuleInfo: generateAppEnterInfo - launch_source_type =  , launch_source_traceid = 
03-26 13:17:58.004  3967  8533 D OplusAppSwitchRuleInfo: generateActivityEnterInfo - launch_source_type =  , launch_source_traceid = 
03-26 13:17:58.005  3967  9912 E KernelCpuUidFreqTimeReader: Negative delta from freq time for uid: 90000, delta: -1
03-26 13:17:58.005  3967  9912 E KernelCpuUidFreqTimeReader: Negative delta from freq time for uid: 90003, delta: -88
03-26 13:17:58.005  3967  9912 E KernelCpuUidFreqTimeReader: Negative delta from freq time for uid: 90004, delta: -1531
03-26 13:17:58.005  3967  9912 E KernelCpuUidFreqTimeReader: Negative delta from freq time for uid: 99016, delta: -265
03-26 13:17:58.005  3967  9912 E KernelCpuUidFreqTimeReader: Negative delta from freq time for uid: 99017, delta: -18
03-26 13:17:58.005  3967  9912 E KernelCpuUidFreqTimeReader: Negative delta from freq time for uid: 99023, delta: -17
03-26 13:17:58.005  3967  9912 E KernelCpuUidFreqTimeReader: Negative delta from freq time for uid: 99027, delta: -275
03-26 13:17:58.005  3967  4317 D VRR [OPlusRefreshRateService]: handleFrontAppChange pkgName: com.github.android
03-26 13:17:58.006  3967  4317 D VRR [OPlusSAManager]: updateAutoMinfps for 4630946640660707475 with nits: 85.22235, mHistOK true, mAmbientOK true, mCctOK true, mIrOK true, mBrightnessOK true, isPkgOK true, SA min fps: 89
03-26 13:17:58.009  3967  8356 W AutofillManagerServiceImpl: getFillEventHistory() called by UID 10123, but service UID is 10136
03-26 13:17:58.013  3967  8356 D FlexibleTaskController: check task which not have enough child, isInSingleWhiteList:false isCloneTask:false
03-26 13:17:58.015  3967  8356 D ActivityTaskManager: Skipping, invisible task: Task{1768a4c #5 type=home I=com.android.launcher/.Launcher}
03-26 13:17:58.016  3967  8356 D OplusSplitScreenManagerService: com.android.settings unSupportsSplitScreen by blockList or ForbidActivityList
03-26 13:17:58.016  3967  8356 D OplusSplitScreenManagerService: com.android.settings unSupportsSplitScreen by blockList or ForbidActivityList
03-26 13:17:58.016  3967  8356 D OplusSplitScreenManagerService: com.android.settings unSupportsSplitScreen by blockList or ForbidActivityList
03-26 13:17:58.016  3967  8356 D OplusSplitScreenManagerService: com.android.settings unSupportsSplitScreen by blockList or ForbidActivityList
03-26 13:17:58.016  3967  8356 D ActivityTaskManager: after skip size:14,pre-Filtered:com.github.android # com.routepix # com.openai.chatgpt # com.oneplus.gallery # com.android.settings # com.android.chrome # com.instagram.android # com.twitter.android # com.exteragram.messenger # com.whatsapp # com.samsung.android.app.notes # com.flipkart.android # com.android.settings # com.metrolist.music # 
03-26 13:17:58.024  3967  8356 D OplusBatteryServiceFeature: setSmartCoolDown: coolDown = 7, normalCoolDown = 7, pkgName = com.github.android
03-26 13:17:58.031  3967  4197 D ActivityTaskManager: Skipping, invisible task: Task{1768a4c #5 type=home I=com.android.launcher/.Launcher}
03-26 13:17:58.031  3967  4197 D OplusSplitScreenManagerService: com.android.settings unSupportsSplitScreen by blockList or ForbidActivityList
03-26 13:17:58.031  3967  4197 D OplusSplitScreenManagerService: com.android.settings unSupportsSplitScreen by blockList or ForbidActivityList
03-26 13:17:58.031  3967  4197 D OplusSplitScreenManagerService: com.android.settings unSupportsSplitScreen by blockList or ForbidActivityList
03-26 13:17:58.031  3967  4197 D OplusSplitScreenManagerService: com.android.settings unSupportsSplitScreen by blockList or ForbidActivityList
03-26 13:17:58.031  3967  4197 D ActivityTaskManager: after skip size:14,pre-Filtered:com.github.android # com.routepix # com.openai.chatgpt # com.oneplus.gallery # com.android.settings # com.android.chrome # com.instagram.android # com.twitter.android # com.exteragram.messenger # com.whatsapp # com.samsung.android.app.notes # com.flipkart.android # com.android.settings # com.metrolist.music # 
03-26 13:17:58.057 28170 28170 D OplusPredictiveBackController: should not HookOnBackInvokedCallbackEnabled for application com.github.android.activities.DeepLinkActivity@aa1c03c sdk: 36
03-26 13:17:58.057 28170 28170 D OplusPredictiveBackController: should not HookOnBackInvokedCallbackEnabled for application com.github.android.activities.DeepLinkActivity@aa1c03c sdk: 36
03-26 13:17:58.068  3967  8356 D WindowManager: NFW_setClientVisible:ActivityRecord{88683291 u0 com.github.android/.main.MainActivity clientVisible:true
03-26 13:17:58.068  3967  8356 D FlexibleTaskController: isSupportFlexibleWindow target = com.github.android/.main.MainActivity callPkg = FlexibleTaskController support = true ,caller = 3967
03-26 13:17:58.068  3967  8356 D ActivityStarterExtImpl: checkOpMode: 3
03-26 13:17:58.068  3967  4246 W QosScheduler: executeSceneQosStrategy failed! qos feature no enable
03-26 13:17:58.069  3967  8356 D FlexibleWindowManagerService: isIgnoreAppearedAcrossTask:false
03-26 13:17:58.069  3967  8356 D FlexibleTaskController: AcrossTaskJump fail while sourceTask has no visAr
03-26 13:17:58.070  3967  8356 D ActivityStarterExtImpl: setForceUpdateWindow, targetTask = Task{8b0cecf #63028 type=standard A=10619:com.github.android} r = ActivityRecord{88683291 u0 com.github.android/.main.MainActivity t-1} notFinish =false
03-26 13:17:58.070  3967  8356 D FlexibleWindowManagerService: isIgnoreAppearedAcrossTask:false
03-26 13:17:58.070  3967  8356 D FlexibleTaskController: findSourceTaskForFreeForm: sourceRecord = ActivityRecord{198357715 u0 com.github.android/.DeepLinkAliasActivityApi35 t63038} ,realCallingPid:28170 ,launchFromZoomMode:false ,prevTopTask:Task{8dd8b3c #63038 type=standard A=10619:com.github.android}
03-26 13:17:58.070  3967  8356 D FlexibleTaskController: adjustOptionsForFlexibleTask not allow options follow process task's options, reason:9 ,reusedOptions:null
03-26 13:17:58.070  3967  8356 I TaskFragmentExtImpl: reset pause in recents anim for mTaskFragment: Task{8b0cecf #63028 type=standard A=10619:com.github.android}
03-26 13:17:58.070  3967  8356 D FlexibleTaskController: isSupportFlexibleWindow target = com.github.android/.main.MainActivity callPkg = FlexibleTaskController support = true ,caller = 3967
03-26 13:17:58.070  3967  8356 D FlexibleTaskController: shouldKeepFlexibleTask flexibleTask not active.
03-26 13:17:58.071  3967  8356 D ActivityStarterExtImpl: isLaunchingRootActivity = true
03-26 13:17:58.074  3967  8356 D OplusStartingWindowManager: we don't revise window flags for third app
03-26 13:17:58.074  3967  8356 D ActivityTaskManager: validateStartingWindowTheme:  Pkg=com.github.android, Translucent=false, Floating=false, ShowWallpaper=false, Disable=false, LaunchSource=4, Prev=null, LaunchedFromPackage=com.android.launcher
03-26 13:17:58.074  3967  8356 D ActivityTaskManager: addStartingWindow for ActivityRecord{96690601 u0 com.github.android/.main.MainActivity t63028}, mainWin=Window{5aa9a7d u0 com.github.android/com.github.android.main.MainActivity}, mVisible=false, mVisibleRequested=false, drawn=false, mDestroying=false, state=STOPPED, isKeyguardLocked=false, isKeyguardGoingAway=false
03-26 13:17:58.074  3967  8356 D ActivityTaskManager: getStartingWindowType: , newTask=false, taskSwitch=true, processRunning=true, allowTaskSnapshot=false, activityCreated=true, activityAllDrawn=false, snapshot exist: false
03-26 13:17:58.074  3967  8356 D ActivityRecordExtImpl: handleStartingWindowForCompactWindow origin type:2, adjustType : 2
03-26 13:17:58.075  8050  8144 D PhoneStartingWindowTypeAlgorithm: preferredStartingWindowType newTask=false, taskSwitch=true, processRunning=true, allowTaskSnapshot=false, activityCreated=true, isSolidColorSplashScreen=true, legacySplashScreen=false, activityDrawn=false, windowless=false, topIsHome=false
03-26 13:17:58.076  8050  8144 D OplusShellStartingWindowManager: getReviseStartingWindowType not support, windowInfo is null
03-26 13:17:58.076  3967  8356 D osense.compress: notifyActivityLaunched pkgName = com.github.android, userId = 0
03-26 13:17:58.076  3967  8356 I ActivityTaskManager: START u0 {flg=0x24000000 xflg=0x4 cmp=com.github.android/.main.MainActivity (has extras) mCallingUid=1000} with LAUNCH_SINGLE_TOP from uid 10619 (sr=198357715) (BAL_ALLOW_VISIBLE_WINDOW (callingUid has visible window)) result code=2
03-26 13:17:58.076  3967  8356 D InsetsSourceProvider: updateSourceFrameForServerVisibility mandatorySystemGestures EMPTY_RECT
03-26 13:17:58.078  8050  8095 D WindowManagerShell: onActivityRestartAttempt: topActivity=ComponentInfo{com.github.android/com.github.android.main.MainActivity}, wasVisible=false
03-26 13:17:58.078  8050  8144 D OplusShellStartingWindowManager: adjustSuggestedWindowType originType: 3, wi: StartingWindowInfo{taskId=63028 targetActivityInfo=null displayId=0 topActivityType=1 preferredStartingWindowType=b6 mainWindowLayoutParams={(0,0)(fillxfill) sim={adjust=resize} layoutInDisplayCutoutMode=always ty=BASE_APPLICATION wanim=0x103030e
03-26 13:17:58.078  8050  8144 D OplusShellStartingWindowManager:   fl=LAYOUT_IN_SCREEN LAYOUT_INSET_DECOR SPLIT_TOUCH HARDWARE_ACCELERATED DRAWS_SYSTEM_BAR_BACKGROUNDS
03-26 13:17:58.078  8050  8144 D OplusShellStartingWindowManager:   pfl=NO_MOVE_ANIMATION EDGE_TO_EDGE_ENFORCED FORCE_DRAW_STATUS_BAR_BACKGROUND FIT_INSETS_CONTROLLED
03-26 13:17:58.078  8050  8144 D OplusShellStartingWindowManager:   bhv=DEFAULT
03-26 13:17:58.078  8050  8144 D OplusShellStartingWindowManager:   fitSides=
03-26 13:17:58.078  8050  8144 D OplusShellStartingWindowManager:   frameRateBoostOnTouch=true
03-26 13:17:58.078  8050  8144 D OplusShellStartingWindowManager:   dvrrWindowFrameRateHint=true CLP[ ]} splashScreenThemeResId 7f140159, exi: OplusStartingWindowExtendedInfo{mAppToken=android.os.BinderProxy@1e25b68, mSupportSplashScreenPreview=false, mIsSystemApp=false, mIsExceptionListApp=false, mPreviewBitmap=null, mShouldDrawBackground=false, mForceLightMode=false, mForceNightMode=false, mNotSupportNightMode=false, mForcePreview=false, mForceBigIcon=false, mQuickStartingSurface=null, mForceSolidColorSplash=false}
03-26 13:17:58.078  8050  8144 D OplusShellStartingWindowManager: adjustSuggestedWindowType: skip no-system app and no-exception list app
03-26 13:17:58.080  3967  8356 D CompatChangeReporter: Compat change id reported: 377864165; UID 10619; state: ENABLED
03-26 13:17:58.080  8050  8145 D ShellStartingWindow: getWindowAttrs SplashScreenWindowAttrs{ mWindowBgResId: 7f060034, mWindowBgColor: 0, mWindowBgImage: false, mSplashScreenIcon: false, mBrandingImage: false, mIconBgColor: 0, uiMode: 0}
03-26 13:17:58.080  8050  8145 I ShellStartingWindow: makeSplashScreenContentView themeBGColor: ff050505, isDark: true, last config hash: -1684692560
03-26 13:17:58.080  8050  8145 D ShellStartingWindow: inconsize = 0
03-26 13:17:58.082 28170 28170 D ActivityThread: ComponentInfo{com.github.android/com.github.android.DeepLinkAliasActivityApi35} checkFinished=true 1
03-26 13:17:58.083  3967  4197 I AppSnapshotController: attachStartingWindow, win = Window{245f0a6 u0 Splash Screen com.github.android}, shouldAppSnapshot = false
03-26 13:17:58.083  3967  4197 D ActivityTaskManager: attachStartingWindow: mStartingData=SplashScreenStartingData{a5ba694 removeAfterTransaction= 0}, mAssociatedTask=null, mStartingWindow=Window{245f0a6 u0 Splash Screen com.github.android}
03-26 13:17:58.083  3967  4197 I WindowManager: addWindow: New client android.os.BinderProxy@1edfa01 : window=Window{245f0a6 u0 Splash Screen com.github.android}
03-26 13:17:58.086 28170 28170 D ActivityThread: ComponentInfo{com.github.android/com.github.android.DeepLinkAliasActivityApi35} checkFinished=true 1
03-26 13:17:58.086  3967  7336 D BackgroundInstallControlService: Package event received: 0
03-26 13:17:58.087  3967 13949 D ActivityTaskManager: setAppVisibility(Token{328c0c5 ActivityRecord{198357715 u0 com.github.android/.DeepLinkAliasActivityApi35 t63038 f}}}, visible=false):  visible=false mVisibleRequested=true
03-26 13:17:58.087  3967 13949 D ActivityTaskManager: setVisibility(Token{328c0c5 ActivityRecord{198357715 u0 com.github.android/.DeepLinkAliasActivityApi35 t63038 f}}}, visible=false) defer commitVisibility for transition collecting
03-26 13:17:58.087  3967 13949 D RefreshRate: don't do app switch boost,arDisplayId:0 mDisplayId:0 currentSettingMode:0 hasAppSwitchBoostPriority:true is supportRefreshRateSwitch:true
03-26 13:17:58.087  3967 13949 D ActivityTaskManager: setAppVisibility(Token{565505c ActivityRecord{96690601 u0 com.github.android/.main.MainActivity t63028}}, visible=true):  visible=false mVisibleRequested=false
03-26 13:17:58.087  3967 13949 D WindowManager: NFW_setClientVisible:ActivityRecord{96690601 u0 com.github.android/.main.MainActivity t63028} clientVisible:true
03-26 13:17:58.087  3967  8356 W AutofillManagerServiceImpl: getFillEventHistory() called by UID 10123, but service UID is 10136
03-26 13:17:58.087  3967 13949 D ActivityTaskManager: setVisibility(Token{565505c ActivityRecord{96690601 u0 com.github.android/.main.MainActivity t63028}}, visible=true) defer commitVisibility for transition collecting
03-26 13:17:58.087  3967 13949 D ActivityTaskManager: onWindowFocusChanged Task{8b0cecf #63028 type=standard A=10619:com.github.android} would transfer to compact
03-26 13:17:58.087  3967 13949 D ActivityTaskManager: NFW_setLastResumedActivityUncheckLocked:true r:ActivityRecord{96690601 u0 com.github.android/.main.MainActivity t63028} currentFocus:null
03-26 13:17:58.087  3967 13949 D WindowManager: NFW_findFocusedWindowIfNeeded:null mCurrentFocus:null
03-26 13:17:58.087  3967 13949 I ActivityTaskManager: Add Task{8dd8b3c #63038 type=standard A=10619:com.github.android} to hidden list because adding Task{8b0cecf #63028 type=standard A=10619:com.github.android}
03-26 13:17:58.088  3967 13949 D ActivityTaskManager: notifyTaskRemoved, task: Task{8dd8b3c #63038 type=standard A=10619:com.github.android} trace:com.android.server.wm.RecentTasks.removeForAddTask:1888 com.android.server.wm.RecentTasks.add:1377 com.android.server.wm.ActivityTaskManagerService.setLastResumedActivityUncheckLocked:5787 com.android.server.wm.ActivityTaskSupervisor.updateTopResumedActivityIfNeeded:2807 com.android.server.wm.TaskFragment.setResumedActivity:712 
03-26 13:17:58.088  3967 13949 D ActivityTaskManager: notifyTaskAdded, task: Task{8b0cecf #63028 type=standard A=10619:com.github.android} trace:com.android.server.wm.RecentTasks.add:1392 com.android.server.wm.ActivityTaskManagerService.setLastResumedActivityUncheckLocked:5787 com.android.server.wm.ActivityTaskSupervisor.updateTopResumedActivityIfNeeded:2807 com.android.server.wm.TaskFragment.setResumedActivity:712 com.android.server.wm.TaskFragment.onActivityStateChanged:1097 
03-26 13:17:58.088  3967 13949 D FlexibleTaskController: onTaskFocusChanged prevTask:Task{8dd8b3c #63038 type=standard A=10619:com.github.android} ,currentTask:Task{8b0cecf #63028 type=standard A=10619:com.github.android}, reason: resumeTopActivity - onActivityStateChanged
03-26 13:17:58.088  3967  8533 D OplusAppSwitchRuleInfo: generateActivityEnterInfo - launch_source_type =  , launch_source_traceid = 
03-26 13:17:58.088  3967 13949 D ActivityTaskManager: setAppVisibility(Token{1a65180 ActivityRecord{144013501 u0 com.routepix/.MainActivity t63037}}, visible=false):  visible=true mVisibleRequested=true
03-26 13:17:58.088  3967 13949 D ActivityTaskManager: setVisibility(Token{1a65180 ActivityRecord{144013501 u0 com.routepix/.MainActivity t63037}}, visible=false) defer commitVisibility for transition collecting
03-26 13:17:58.089  3967 13949 D FlexibleTaskController: isFullToFlexibleAnimating: false
03-26 13:17:58.089  3967 13949 D WindowManager: rotation(ROTATION_0) no changed  displayId = 0, lastOrientation = -1
03-26 13:17:58.090  3967 13949 D InsetsSourceProvider: updateSourceFrameForServerVisibility mandatorySystemGestures EMPTY_RECT
03-26 13:17:58.090  3967 13949 I TaskOrganizerController: onTaskInfoChanged taskid 63028 config { mBounds=Rect(0, 0 - 1080, 2344) mAppBounds=Rect(0, 0 - 1080, 2344) mMaxBounds=Rect(0, 0 - 1080, 2344) mDisplayRotation=ROTATION_0 mWindowingMode=fullscreen mActivityType=standard mAlwaysOnTop=undefined mRotation=ROTATION_0}
03-26 13:17:58.090  3967 13949 D OplusFlexibleDragToSplitAnimController: visibleFlexibleTaskInfos delete:63028
03-26 13:17:58.090  3967 13949 E FlexibleWindowManagerService: notifyTaskObserverToAttachController not need to notify!
03-26 13:17:58.090  3967 13949 I FlexibleWindowManagerService: onFlexibleWindowTaskInfoChanged, return for cur task not embedded
03-26 13:17:58.091  3967  8356 D ActivityTaskManager: Skipping, invisible task: Task{1768a4c #5 type=home I=com.android.launcher/.Launcher}
03-26 13:17:58.091  3967  8356 D OplusSplitScreenManagerService: com.android.settings unSupportsSplitScreen by blockList or ForbidActivityList
03-26 13:17:58.091  3967  8356 D OplusSplitScreenManagerService: com.android.settings unSupportsSplitScreen by blockList or ForbidActivityList
03-26 13:17:58.091  3967  8356 D OplusSplitScreenManagerService: com.android.settings unSupportsSplitScreen by blockList or ForbidActivityList
03-26 13:17:58.091  3967  8356 D OplusSplitScreenManagerService: com.android.settings unSupportsSplitScreen by blockList or ForbidActivityList
03-26 13:17:58.091  3967  8356 D ActivityTaskManager: after skip size:14,pre-Filtered:com.github.android # com.routepix # com.openai.chatgpt # com.oneplus.gallery # com.android.settings # com.android.chrome # com.instagram.android # com.twitter.android # com.exteragram.messenger # com.whatsapp # com.samsung.android.app.notes # com.flipkart.android # com.android.settings # com.metrolist.music # 
03-26 13:17:58.092 28170 28170 D OplusPredictiveBackController: should not HookOnBackInvokedCallbackEnabled for application com.github.android.main.MainActivity@f101aa1 sdk: 36
03-26 13:17:58.092 28170 28170 D OplusPredictiveBackController: should not HookOnBackInvokedCallbackEnabled for application com.github.android.main.MainActivity@f101aa1 sdk: 36
03-26 13:17:58.092  3967 13949 V WindowManager: Relayout Window{245f0a6 u0 Splash Screen com.github.android}: viewVisibility=8, oldvis=0, req=1080x2344 , apr = 0, vsysui=, x=0, y=0
03-26 13:17:58.092  3967  7399 D NotificationService--OplusNotificationFixHelper: fixAppIcon: pkg=android
03-26 13:17:58.092  3967  7399 D NotificationService--OplusNotificationFixHelper: fixAppIcon: appIcon = null, pkg = android
03-26 13:17:58.092  3967 13949 D InsetsSourceProvider: updateSourceFrameForServerVisibility mandatorySystemGestures EMPTY_RECT
03-26 13:17:58.092  3967  7399 I OplusStatusBarManagerServiceEnhance:  getTopIsFullscreen mTopIsFullscreen: false
03-26 13:17:58.092  3967 13949 D InsetsSourceProvider: updateSourceFrameForServerVisibility mandatorySystemGestures EMPTY_RECT
03-26 13:17:58.092  3967 13949 D WindowManager: NFW_findFocusedWindowIfNeeded:null mCurrentFocus:null
03-26 13:17:58.093  3967  3967 D NotificationService--OplusNotificationManagerServiceExtImpl: isForwardToAssistants: false, case : Is in mMcsNotInterceptPkgList or is isSystemApp
03-26 13:17:58.093  3967  4229 D FlexibleTaskController: check task which not have enough child, isInSingleWhiteList:false isCloneTask:false
03-26 13:17:58.093  3967  3967 D NotificationService: This application enqueue notifications is not need postDelayed
03-26 13:17:58.093  3967  4197 D CoreBackPreview: Window{5aa9a7d u0 com.github.android/com.github.android.main.MainActivity}: Setting back callback OnBackInvokedCallbackInfo{mCallback=android.window.IOnBackInvokedCallback$Stub$Proxy@8b05f65, mPriority=0, mIsAnimationCallback=true, mOverrideBehavior=0}
03-26 13:17:58.095  3967  7336 D BackgroundInstallControlService: Package event received: 0
03-26 13:17:58.103  3967 13949 V WindowManager: Relayout Window{245f0a6 u0 Splash Screen com.github.android}: viewVisibility=0, oldvis=8, req=1080x2344 , apr = 0, vsysui=
03-26 13:17:58.103  3967 13949 I WindowManager: Window{245f0a6 u0 Splash Screen com.github.android} state from NO_SURFACE to DRAW_PENDING; reason: resetDrawState
03-26 13:17:58.103  3967 13949 D InsetsSourceProvider: updateSourceFrameForServerVisibility mandatorySystemGestures EMPTY_RECT
03-26 13:17:58.104  3967 13949 D InsetsSourceProvider: updateSourceFrameForServerVisibility mandatorySystemGestures EMPTY_RECT
03-26 13:17:58.104  3967 13949 D WindowManager: NFW_findFocusedWindowIfNeeded:null mCurrentFocus:null
03-26 13:17:58.104  3967 13949 D WindowManager: attachImeScreenshotOnTargetIfNeeded, mImeHiding = false, requestedVisibleTypes = -9
03-26 13:17:58.105  8050  8144 W VRI[android]: updateBlastSurfaceIfNeeded, surfaceSize:Point(1080, 2344), lastSurfaceSize:Point(1080, 2344), format:-3, blastBufferQueue:null
03-26 13:17:58.110  3967  8356 D WindowManager: onSyncFinishedDrawing: Window{245f0a6 u0 Splash Screen com.github.android}
03-26 13:17:58.110  3967  8356 I WindowManager: finishDrawing skipLayout:false,syncSeqId=0,mPrepareSyncSeqId=0 Window{245f0a6 u0 Splash Screen com.github.android} com.android.server.wm.WindowManagerService.finishDrawingWindow:3217 com.android.server.wm.Session.finishDrawing:399 android.view.IWindowSession$Stub.onTransact:793 
03-26 13:17:58.110  3967  8356 I WindowManager: Window{245f0a6 u0 Splash Screen com.github.android} state from DRAW_PENDING to COMMIT_DRAW_PENDING; reason: finishDrawingLocked
03-26 13:17:58.110  3967  4230 D InsetsSourceProvider: updateSourceFrameForServerVisibility mandatorySystemGestures EMPTY_RECT
03-26 13:17:58.110  3967  4230 D InsetsSourceProvider: updateSourceFrameForServerVisibility mandatorySystemGestures EMPTY_RECT
03-26 13:17:58.110  3967  4230 I WindowManager: Window{245f0a6 u0 Splash Screen com.github.android} state from COMMIT_DRAW_PENDING to READY_TO_SHOW; reason: commitFinishDrawingLocked
03-26 13:17:58.111  3967  4230 D ActivityTaskManager: onStartingWindowDrawn: app=ProcessRecord{3766660 28170:com.github.android/u0a619}, mStartingData=SplashScreenStartingData{a5ba694 removeAfterTransaction= 0}, finishing=false,mLaunchedFromBubble=false, mVisibleRequested=true, mDisplayContent=Display{#0 state=ON size=1080x2344 ROTATION_0}, isZoomMode=false
03-26 13:17:58.111  3967  4230 D ActivityTaskManager: commitVisibility: ActivityRecord{96690601 u0 com.github.android/.main.MainActivity t63028}: visible=true visibleRequested=true, isInTransition=true 
03-26 13:17:58.111  3967  4230 I WindowManager: Window{245f0a6 u0 Splash Screen com.github.android} state from READY_TO_SHOW to HAS_DRAWN; reason: performShowLocked
