03-26 13:17:24.222  3967  4226 V WindowManager:     info={id=11174 t=OPEN f=0x0 trk=0 r=[0@Point(0, 0)] c=[
03-26 13:17:24.222  3967  4226 V WindowManager:         {WCT{RemoteToken{b3a4ea4 Task{5664e03 #63037 type=standard A=10622:com.routepix}}} m=OPEN f=NONE leash=Surface(name=Task=63037)/@0xf7f560e sb=Rect(0, 0 - 1080, 2344) eb=Rect(0, 0 - 1080, 2344) epz=Point(1080, 2344) d=0 taskParent=-1},
03-26 13:17:24.222  3967  4226 V WindowManager:         {WCT{RemoteToken{ff46453 Task{94ed55a #1 type=home}}} m=TO_BACK f=SHOW_WALLPAPER leash=Surface(name=Task=1)/@0xeedc724 sb=Rect(0, 0 - 1080, 2344) eb=Rect(0, 0 - 1080, 2344) epz=Point(1080, 2344) d=0 taskParent=-1}
03-26 13:17:24.222  3967  4226 V WindowManager:     ] 
03-26 13:17:24.222  3967  4226 V WindowManager: extendInfo=[
03-26 13:17:24.222  3967  4226 V WindowManager:  OplusTransitionExtendedInfo{mTmpFinishT=null, mInOplusCompatMode=false, mIsProcessRunning=false, mHasMismatchBoundsTarget=false, mRecentsController=null, mRemoteTransition=null, mIsTranslucentActivityToHome=false, mAvoidInterceptKeyEventToHome=false, mIsFromHome=true, mParentLeash=null, mBackAnimClosingLeash=null, mIsOplusAnimRes=false, mKeepBgForContinuous=false, mIsBalAllow=false, mTaskNotInRecent=false, mIsPredictiveBackAnim=false, mIsMergedWithPredictive=false, mIsLaunchFromSpruce=false, mIsLaunchFromDrive=false, mGlobalSearchPageSwitch=false, mNeedNoAlphaGlobalSearchScene=false, mAssistScreenShowing=false, mSwipeUpBrowserScreenShowing=false, mUserIdTransition=0
03-26 13:17:24.222  3967  4226 V WindowManager: , mInRemoteScene=false, mInPreReady=false, mPreStart=false, mToken=null, mAbortByRemoteFromHome=false, mShellApplyToken=null, mRequestTransitionTaskId=63037, mAbortTransitionOnShell=0, mStartFromShortcut=false, mRemovedTaskId=-1, mTransitionInterruptType=0, mMergeSecondTaskId=-1, mTaskIdStartFromRecents=0, mTransitionId=11174, mCanUseSpringSlideAnim=false, mTransitionLaunchFrom=0, mFoldChangeType=-1, mAnimStartingPosition=[0, 0, 0, 0], mIsOpeningStkDialogActivity=false, mSecondaryHomeToFrontWhenUnFolding=false, mIsNeedApplyStartTForEmbedded=false
03-26 13:17:24.222  3967  4226 V WindowManager: , mNeedCanvasExitAnim=false, mMergeSecondTaskAnimation=false, mIsLaunchUnityStart=false, mIsLaunchFromAssistantByDefault=false, mSkipRemoteTransitionfalse, mIsStartFromKeyguard=false flags=0x0, mWCT=null, mIsOpenMergeToInValidPredictive=false, mPromoteTaskWhenKeyguard-1, mRootLayerZOrderArray={}}]}
03-26 13:17:24.222  3967  4227 I ActivityManager: ProcessObserver broadcast disabled
03-26 13:17:24.222  3967  5028 I MemoryOperationUtils: add 7213 to inactive
03-26 13:17:24.223  3967  4230 D InsetsSourceProvider: updateSourceFrameForServerVisibility mandatorySystemGestures EMPTY_RECT
03-26 13:17:24.223  8050  8095 V WindowManagerShell: onTransitionReady (#11174) android.os.BinderProxy@7daee7e: {id=11174 t=OPEN f=0x0 trk=0 r=[0@Point(0, 0)] c=[
03-26 13:17:24.223  8050  8095 V WindowManagerShell:         {m=OPEN f=NONE leash=Surface(name=Task=63037)/@0x118408d sb=Rect(0, 0 - 1080, 2344) eb=Rect(0, 0 - 1080, 2344) epz=Point(1080, 2344) d=0 taskParent=-1},
03-26 13:17:24.223  8050  8095 V WindowManagerShell:         {m=TO_BACK f=SHOW_WALLPAPER leash=Surface(name=Task=1)/@0x50ca242 sb=Rect(0, 0 - 1080, 2344) eb=Rect(0, 0 - 1080, 2344) epz=Point(1080, 2344) d=0 taskParent=-1}
03-26 13:17:24.223  8050  8095 V WindowManagerShell:     ] 
03-26 13:17:24.223  8050  8095 V WindowManagerShell: extendInfo=[
03-26 13:17:24.223  8050  8095 V WindowManagerShell:  OplusTransitionExtendedInfo{mTmpFinishT=null, mInOplusCompatMode=false, mIsProcessRunning=false, mHasMismatchBoundsTarget=false, mRecentsController=null, mRemoteTransition=null, mIsTranslucentActivityToHome=false, mAvoidInterceptKeyEventToHome=false, mIsFromHome=true, mParentLeash=null, mBackAnimClosingLeash=null, mIsOplusAnimRes=false, mKeepBgForContinuous=false, mIsBalAllow=false, mTaskNotInRecent=false, mIsPredictiveBackAnim=false, mIsMergedWithPredictive=false, mIsLaunchFromSpruce=false, mIsLaunchFromDrive=false, mGlobalSearchPageSwitch=false, mNeedNoAlphaGlobalSearchScene=false, mAssistScreenShowing=false, mSwipeUpBrowserScreenShowing=false, mUserIdTransition=0
03-26 13:17:24.223  8050  8095 V WindowManagerShell: , mInRemoteScene=false, mInPreReady=false, mPreStart=false, mToken=null, mAbortByRemoteFromHome=false, mShellApplyToken=null, mRequestTransitionTaskId=63037, mAbortTransitionOnShell=0, mStartFromShortcut=false, mRemovedTaskId=-1, mTransitionInterruptType=0, mMergeSecondTaskId=-1, mTaskIdStartFromRecents=0, mTransitionId=11174, mCanUseSpringSlideAnim=false, mTransitionLaunchFrom=0, mFoldChangeType=-1, mAnimStartingPosition=[0, 0, 0, 0], mIsOpeningStkDialogActivity=false, mSecondaryHomeToFrontWhenUnFolding=false, mIsNeedApplyStartTForEmbedded=false
03-26 13:17:24.223  8050  8095 V WindowManagerShell: , mNeedCanvasExitAnim=false, mMergeSecondTaskAnimation=false, mIsLaunchUnityStart=false, mIsLaunchFromAssistantByDefault=false, mSkipRemoteTransitionfalse, mIsStartFromKeyguard=false flags=0x0, mWCT=null, mIsOpenMergeToInValidPredictive=false, mPromoteTaskWhenKeyguard-1, mRootLayerZOrderArray={}}]}
03-26 13:17:24.223  3967  4230 I TaskOrganizerController: onTaskInfoChanged taskid 63037 config { mBounds=Rect(0, 0 - 1080, 2344) mAppBounds=Rect(0, 0 - 1080, 2344) mMaxBounds=Rect(0, 0 - 1080, 2344) mDisplayRotation=ROTATION_0 mWindowingMode=fullscreen mActivityType=standard mAlwaysOnTop=undefined mRotation=ROTATION_0}
03-26 13:17:24.223  3967  4230 D OplusFlexibleDragToSplitAnimController: visibleFlexibleTaskInfos delete:63037
03-26 13:17:24.223  3967  4230 E FlexibleWindowManagerService: notifyTaskObserverToAttachController not need to notify!
03-26 13:17:24.223  3967  4230 I FlexibleWindowManagerService: onFlexibleWindowTaskInfoChanged, return for cur task not embedded
03-26 13:17:24.223  3967  4197 D ActivityTaskManager: Skipping, invisible task: Task{1768a4c #5 type=home I=com.android.launcher/.Launcher}
03-26 13:17:24.223  3967  4197 D OplusSplitScreenManagerService: com.android.settings unSupportsSplitScreen by blockList or ForbidActivityList
03-26 13:17:24.223  3967  4197 D OplusSplitScreenManagerService: com.android.settings unSupportsSplitScreen by blockList or ForbidActivityList
03-26 13:17:24.223  8050  8095 V WindowManagerShell: Playing animation for (#11174) android.os.BinderProxy@7daee7e@0
03-26 13:17:24.223  8050  8095 V WindowManagerShell:  try firstHandler com.android.wm.shell.transition.DefaultMixedHandler@5a7c13c
03-26 13:17:24.223  8050  8095 V WindowManagerShell: Mixed transition for opening an intent with a remote transition and PIP or Desktop #11174
03-26 13:17:24.223  8050  8095 V WindowManagerShell: tryAnimateOpenIntentWithRemoteAndPipOrDesktop
03-26 13:17:24.223  8050  8095 V WindowManagerShell:  Delegate animation for (#11174) to RemoteTransition { remoteTransition = android.window.IRemoteTransition$Stub$Proxy@333748a, appThread = android.app.IApplicationThread$Stub$Proxy@726dafb, debugName = QuickstepLaunch }
03-26 13:17:24.223  3967  4197 D OplusSplitScreenManagerService: com.android.settings unSupportsSplitScreen by blockList or ForbidActivityList
03-26 13:17:24.223  3967  4197 D OplusSplitScreenManagerService: com.android.settings unSupportsSplitScreen by blockList or ForbidActivityList
03-26 13:17:24.224  3967  4197 D ActivityTaskManager: after skip size:14,pre-Filtered:com.routepix # com.openai.chatgpt # com.oneplus.gallery # com.android.settings # com.android.chrome # com.github.android # com.instagram.android # com.twitter.android # com.exteragram.messenger # com.whatsapp # com.samsung.android.app.notes # com.flipkart.android # com.android.settings # com.metrolist.music # 
03-26 13:17:24.224  8050  8095 V WindowManagerShell:  animated by firstHandler
03-26 13:17:24.225  3967 13949 D QuickBackInputPolicy: setInterceptInputKeyStatus, enable=true, enableFlag=1, inputCallback=android.window.IRemoteTransitionInputCallback$Stub$Proxy@3427179
03-26 13:17:24.226  3967  4230 E OplusAppQuickStart_AppQuickStartController: scheduleHideStartingSurface addAfterPrepareSurface for:ActivityRecord{144013501 u0 com.routepix/.MainActivity
03-26 13:17:24.228  3967  8754 I BLASTSyncEngine: onCommitted syncId: 11174, timeout: false ran: false
03-26 13:17:24.229  3967  4197 D OplusWallpaperAnimationManager: cancelSurfaceAnimation reason: play_animation, isAnimating: false, by window: Window{feb4162 u0 com.android.launcher/com.android.launcher.Launcher}
03-26 13:17:24.229  3967  4197 D OplusWallpaperAnimationManager: startScaleAnimation frame: Rect(0, 0 - 1080, 2344) parentFrame: Rect(0, 0 - 1080, 2344) from: 1.0 to: 1.2 duration: 650 mTargetZoom: -1.0 targetZoom: -1.0 by window: Window{feb4162 u0 com.android.launcher/com.android.launcher.Launcher}
03-26 13:17:24.229  3967  4231 D OplusWallpaperSurfaceAnimation: setAnimationState curState: INITIALIZED
03-26 13:17:24.229  3967  4231 D OplusWallpaperAnimationManager: onAnimationStart
03-26 13:17:24.229  3967  4231 D OplusWallpaperAnimationManager: setSkipUpdateWallpaperPosition skip: true, wallpaper: Window{3ace27e u0 com.android.systemui.wallpapers.ImageWallpaper}
03-26 13:17:24.229  3967  4231 D OplusWallpaperSurfaceAnimation: setAnimationState curState: STARTED
03-26 13:17:24.237  3967  4197 D ActivityTaskManager: Skipping, invisible task: Task{1768a4c #5 type=home I=com.android.launcher/.Launcher}
03-26 13:17:24.237  3967  4197 D OplusSplitScreenManagerService: com.android.settings unSupportsSplitScreen by blockList or ForbidActivityList
03-26 13:17:24.237  3967  4197 D OplusSplitScreenManagerService: com.android.settings unSupportsSplitScreen by blockList or ForbidActivityList
03-26 13:17:24.237  3967  4197 D OplusSplitScreenManagerService: com.android.settings unSupportsSplitScreen by blockList or ForbidActivityList
03-26 13:17:24.238  3967  4197 D OplusSplitScreenManagerService: com.android.settings unSupportsSplitScreen by blockList or ForbidActivityList
03-26 13:17:24.238  3967  4197 D ActivityTaskManager: after skip size:14,pre-Filtered:com.routepix # com.openai.chatgpt # com.oneplus.gallery # com.android.settings # com.android.chrome # com.github.android # com.instagram.android # com.twitter.android # com.exteragram.messenger # com.whatsapp # com.samsung.android.app.notes # com.flipkart.android # com.android.settings # com.metrolist.music # 
03-26 13:17:24.241  3967  4197 D ActivityTaskManagerServiceExtImpl: preBindApplication record is null
03-26 13:17:24.258  3967  4197 D FlexibleTaskController: isFullToFlexibleAnimating: false
03-26 13:17:24.258  3967  4197 D WindowManager: rotation(ROTATION_0) no changed  displayId = 0, lastOrientation = -1
03-26 13:17:24.259  3967  4197 I TaskOrganizerController: onTaskInfoChanged taskid 63037 config { mBounds=Rect(0, 0 - 1080, 2344) mAppBounds=Rect(0, 0 - 1080, 2344) mMaxBounds=Rect(0, 0 - 1080, 2344) mDisplayRotation=ROTATION_0 mWindowingMode=fullscreen mActivityType=standard mAlwaysOnTop=undefined mRotation=ROTATION_0}
03-26 13:17:24.259  3967  4197 D OplusFlexibleDragToSplitAnimController: visibleFlexibleTaskInfos delete:63037
03-26 13:17:24.259  3967  4197 E FlexibleWindowManagerService: notifyTaskObserverToAttachController not need to notify!
03-26 13:17:24.259  3967  4197 I FlexibleWindowManagerService: onFlexibleWindowTaskInfoChanged, return for cur task not embedded
03-26 13:17:24.259  3967  4197 D OplusDexOptimizeManager: androidPackage inappropriate state!
03-26 13:17:24.269  3967  4197 D CompatChangeReporter: Compat change id reported: 324203798; UID 10622; state: ENABLED
03-26 13:17:24.269  3967  4246 I UserAwareMgr: handleTopAppChanged: com.routepix, pid: 7207, uid: 10622
03-26 13:17:24.269  3967  4197 D ActivityTaskManager: onWindowFocusChanged Task{5664e03 #63037 type=standard A=10622:com.routepix} would transfer to compact
03-26 13:17:24.269  3967  4197 D ActivityTaskManager: NFW_setLastResumedActivityUncheckLocked:true r:ActivityRecord{144013501 u0 com.routepix/.MainActivity t63037} currentFocus:null
03-26 13:17:24.270  3967  4197 D WindowManager: NFW_findFocusedWindowIfNeeded:null mCurrentFocus:null
03-26 13:17:24.270  3967  4197 D FlexibleTaskController: onTaskFocusChanged prevTask:Task{1768a4c #5 type=home I=com.android.launcher/.Launcher} ,currentTask:Task{5664e03 #63037 type=standard A=10622:com.routepix}, reason: realStartActivityLocked - onActivityStateChanged
03-26 13:17:24.270  3967  4197 D OplusFlexibleDCSManager: onNextPkgChanged pkg = com.routepix
03-26 13:17:24.270  3967  4197 D OplusVisibleTasks:  notifyTaskFocusChange no need.
03-26 13:17:24.270  3967  4197 I OplusAppSwitchManagerService: appswitch hasProcess ActivityRecord{144013501 u0 com.routepix/.MainActivity t63037}
03-26 13:17:24.270  3967  4197 I OplusJoystickManager: handleApplicationSwitch deprecated!
03-26 13:17:24.270  3967  4197 I GameManagerServiceExt-GameManagerServiceExt: on FG change: com.android.launcher|com.routepix
03-26 13:17:24.270  3967  4197 I OplusAppSwitchManagerService: appswitch hasProcess ActivityRecord{144013501 u0 com.routepix/.MainActivity t63037}
03-26 13:17:24.272  3967  4313 D OplusAppSwitchListener: App Activity Change
03-26 13:17:24.272  3967  4313 D OplusAppSwitchListener: Detect com.android.launcher switch to background
03-26 13:17:24.272  3967  4313 D OplusFeatureReduceBrightness: onAppExit , info = com.android.launcher
03-26 13:17:24.272  3967  4313 D OplusAppSwitchListener: Detect com.routepix switch to foreground
03-26 13:17:24.272  3967  4313 W OplusFeatureGlobalLimitBrightness: switch to display normal mode 
03-26 13:17:24.272  3967  4313 E OplusHwDisplayRusAdfr: panel id 0 config param is invalid and xml version = -1
03-26 13:17:24.272  3967  4313 E OplusHwDisplayRusAdfr: panel id 0 config param is invalid and xml version = -1
03-26 13:17:24.270  7213  7213 V Configuration: Updating configuration, locales updated from [] to [en_IN]
03-26 13:17:24.274  3967  4265 E OplusThermalStats: Error getting package info: com.routepix
03-26 13:17:24.274  3967  4305 D OplusBiometricsDisplayHelper: isFold: false, isUnblockByFp: null
03-26 13:17:24.275  3967  8533 D OplusEapManager: mTargetExitName :com.android.launcher
03-26 13:17:24.276  3967  4317 D VRR [OPlusRefreshRateService]: handleFrontAppChange pkgName: null
03-26 13:17:24.278  3967  8533 D OplusAppSwitchRuleInfo: generateAppEnterInfo - launch_source_type = launcherWorkspace , launch_source_traceid = 
03-26 13:17:24.305  3967  4229 D OplusBatteryManager: getPsyBatteryRm: 587
03-26 13:17:24.305  3967  4229 D BatteryStatsImplExtImpl: resumedUid:10622 resumedBatteryLevel:12  resumedPackage:com.routepix  resumedBatteryRealtimeCapacity:587
03-26 13:17:24.307  3967  8754 D FlexibleTaskController: check task which not have enough child, isInSingleWhiteList:false isCloneTask:false
03-26 13:17:24.308  7207  7207 V Configuration: Updating configuration, locales updated from [] to [en_IN]
03-26 13:17:24.310  3967  8533 D OplusAppSwitchRuleInfo: generateAppEnterInfo - launch_source_type = launcherWorkspace , launch_source_traceid = 
03-26 13:17:24.310  3967  4229 D FlexibleTaskController: check task which not have enough child, isInSingleWhiteList:false isCloneTask:false
03-26 13:17:24.310  3967  8533 D OplusEapManager: mTargetEnterName :com.routepix
03-26 13:17:24.310  3967  5028 D osense.compress: com.openai.chatgpt do shrink, target ratio = 10, final ratio = 20, cur ratio = 0
03-26 13:17:24.311  3967  7336 D BackgroundInstallControlService: Package event received: 0
03-26 13:17:24.312  3967  8533 D OplusAppSwitchRuleInfo: generateAppEnterInfo - launch_source_type = launcherWorkspace , launch_source_traceid = 
03-26 13:17:24.312  3967  8533 D OplusAppSwitchRuleInfo: generateAppEnterInfo - launch_source_type = launcherWorkspace , launch_source_traceid = 
03-26 13:17:24.312  3967  8533 D OplusAppSwitchRuleInfo: generateAppEnterInfo - launch_source_type = launcherWorkspace , launch_source_traceid = 
03-26 13:17:24.313  3967  4317 D VRR [OPlusRefreshRateService]: handleFrontAppChange pkgName: com.routepix
03-26 13:17:24.313  3967  4317 D VRR [OPlusSAManager]: updateAutoMinfps for 4630946640660707475 with nits: 85.22235, mHistOK true, mAmbientOK true, mCctOK true, mIrOK true, mBrightnessOK true, isPkgOK true, SA min fps: 119
03-26 13:17:24.315  3967  5028 D osense.compress: money.super.payments do shrink, target ratio = 45, final ratio = 90, cur ratio = 0
03-26 13:17:24.316  3967 13936 D ActivityTaskManager: Skipping, invisible task: Task{1768a4c #5 type=home I=com.android.launcher/.Launcher}
03-26 13:17:24.316  3967 13936 D OplusSplitScreenManagerService: com.android.settings unSupportsSplitScreen by blockList or ForbidActivityList
03-26 13:17:24.316  3967 13936 D OplusSplitScreenManagerService: com.android.settings unSupportsSplitScreen by blockList or ForbidActivityList
03-26 13:17:24.316  3967  5028 D osense.compress: com.linkedin.android do shrink, target ratio = 45, final ratio = 90, cur ratio = 0
03-26 13:17:24.317  7213  7213 E OplusCustomizePackageManager: mIOplusCustomizePackageManagerService is null
03-26 13:17:24.317  7213  7213 E OplusCustomizePackageManager: mIOplusCustomizePackageManagerService is null
03-26 13:17:24.317  3967 13936 D OplusSplitScreenManagerService: com.android.settings unSupportsSplitScreen by blockList or ForbidActivityList
03-26 13:17:24.317  3967 13936 D OplusSplitScreenManagerService: com.android.settings unSupportsSplitScreen by blockList or ForbidActivityList
03-26 13:17:24.317  3967 13936 D ActivityTaskManager: after skip size:14,pre-Filtered:com.routepix # com.openai.chatgpt # com.oneplus.gallery # com.android.settings # com.android.chrome # com.github.android # com.instagram.android # com.twitter.android # com.exteragram.messenger # com.whatsapp # com.samsung.android.app.notes # com.flipkart.android # com.android.settings # com.metrolist.music # 
03-26 13:17:24.318  7213  7213 E OplusCustomizePackageManager: isOplusCertificatePackage Errorjava.lang.NullPointerException: Attempt to invoke interface method 'boolean android.os.customize.IOplusCustomizePackageManagerService.isOplusCertificatePackage(java.lang.String)' on a null object reference
03-26 13:17:24.320  3967  9912 E KernelCpuUidFreqTimeReader: Negative delta from freq time for uid: 90000, delta: -1
03-26 13:17:24.320  3967  9912 E KernelCpuUidFreqTimeReader: Negative delta from freq time for uid: 90003, delta: -88
03-26 13:17:24.320  3967  9912 E KernelCpuUidFreqTimeReader: Negative delta from freq time for uid: 90004, delta: -1531
03-26 13:17:24.320  3967  9912 E KernelCpuUidFreqTimeReader: Negative delta from freq time for uid: 99016, delta: -265
03-26 13:17:24.320  3967  9912 E KernelCpuUidFreqTimeReader: Negative delta from freq time for uid: 99017, delta: -18
03-26 13:17:24.320  3967  9912 E KernelCpuUidFreqTimeReader: Negative delta from freq time for uid: 99023, delta: -17
03-26 13:17:24.320  3967  9912 E KernelCpuUidFreqTimeReader: Negative delta from freq time for uid: 99027, delta: -275
03-26 13:17:24.326  3967  8533 D OplusAppSwitchRuleInfo: generateAppEnterInfo - launch_source_type = launcherWorkspace , launch_source_traceid = 
03-26 13:17:24.326  3967  8533 D OplusAppSwitchRuleInfo: generateAppEnterInfo - launch_source_type = launcherWorkspace , launch_source_traceid = 
03-26 13:17:24.326  3967  8533 D OplusAppSwitchRuleInfo: generateAppEnterInfo - launch_source_type = launcherWorkspace , launch_source_traceid = 
03-26 13:17:24.326  3967  8533 D OplusAppSwitchRuleInfo: generateAppEnterInfo - launch_source_type = launcherWorkspace , launch_source_traceid = 
03-26 13:17:24.326  3967  8533 D OplusAppSwitchRuleInfo: generateActivityEnterInfo - launch_source_type = launcherWorkspace , launch_source_traceid = 
03-26 13:17:24.339  7213  7213 D ResourcesManagerExtImpl: applyConfigurationToAppResourcesLocked app.getDisplayId() return callback.displayId:-1
03-26 13:17:24.340  3967 13949 I ActivityManager: Flag disabled. Ignoring finishAttachApplication from uid: 10297. pid: 7213
03-26 13:17:24.372  3967  8200 D ActivityManager: Async freezing 7213 com.qualcomm.qti.workloadclassifier
03-26 13:17:24.373  3967  8827 D ActivityManager: Cancel freezing 7213 com.qualcomm.qti.workloadclassifier
03-26 13:17:24.590  3967  5180 V AlarmManager: sending alarm Alarm{620a5cd type 1 origWhen 1774511244590 whenElapsed 614430617 android} uid 1000 whenElapsed 614430617 windowLength 0 maxWhenElapsed 614430617 repeatInterval 0 action null component null tag StorgaeBandInfoAlarmTag flags 0x9 procName system_server
03-26 13:17:24.605  7207  7207 D ResourcesManagerExtImpl: applyConfigurationToAppResourcesLocked app.getDisplayId() return callback.displayId:-1
03-26 13:17:24.640  3967  8553 I ActivityManager: Flag disabled. Ignoring finishAttachApplication from uid: 10622. pid: 7207
03-26 13:17:24.643  7207  7280 I DisplayManager: Choreographer implicitly registered for the refresh rate.
03-26 13:17:24.645  7207  7207 D ResourcesManagerExtImpl: applyConfigurationToAppResourcesLocked app.getDisplayId() return callback.displayId:0
03-26 13:17:24.658  3967  5059 D CompatChangeReporter: Compat change id reported: 151861875; UID 10350; state: ENABLED
03-26 13:17:24.668  3967  4252 I ActivityManager: Start proc 7292:com.windscribe.vpn/u0a350 for service {com.windscribe.vpn/androidx.work.impl.background.systemjob.SystemJobService}
03-26 13:17:24.669  3967  4227 I ActivityManager: ProcessObserver broadcast disabled
03-26 13:17:24.670  3967  5028 I MemoryOperationUtils: add 7292 to com.windscribe.vpn
03-26 13:17:24.690  3967 14003 D ActivityTaskManagerServiceExtImpl: preBindApplication record is null
03-26 13:17:24.698  7292  7292 V Configuration: Updating configuration, locales updated from [] to [en_IN]
03-26 13:17:24.713  3967  3967 W AccessibilityManagerService:  wait for adding window timeout: 10047
03-26 13:17:24.740  7292  7292 D ResourcesManagerExtImpl: applyConfigurationToAppResourcesLocked app.getDisplayId() return callback.displayId:-1
03-26 13:17:24.745  3967  4246 I UserAwareMgr: handleAppChangedToBg, pkgName: com.android.systemui, pid: 8050
03-26 13:17:24.746  3967  4246 I UserAwareMgr: handleAppChangedToBg, pkgName: com.android.systemui, pid: 8050
03-26 13:17:24.746  3967  4246 W UserAwareMgr: app not not found or not visible: {pkgName='com.android.systemui', serviceName='', procName=com.android.systemui, pid=8050, uid=10264, appId=0, owner='systemui', flags='bg|system_app', renderTid=8186, hwuiTids=[8182, 8183], glTids=null, threadInfos={VolumeDialogControllerImpl={threadName='VolumeDialogControllerImpl', tid=8704, reporterPid=8050, currentThreadCount=1, maxThreadCount=1, extendTids=null}, ll.splashscreen={threadName='ll.splashscreen', tid=8144, reporterPid=3967, currentThreadCount=1, maxThreadCount=16, extendTids=null}, KeyguardWorkerThread={threadName='KeyguardWorkerThread', tid=8275, reporterPid=8050, currentThreadCount=1, maxThreadCount=1, extendTids=null}, OnScreenFingerprint WorkerThread={threadName='OnScreenFingerprint WorkerThread', tid=8946, reporterPid=8050, currentThreadCount=1, maxThreadCount=1, extendTids=null}, SysUiTileBg={threadName='SysUiTileBg', tid=9131, reporterPid=8050, currentThreadCount=1, maxThreadCount=1, extendTids=null}, ImageWallpaper={threadName='ImageWallpaper', tid=9031, reporterPid=8050, currentThreadCount=1, maxThreadCount=1, extendTids=[]}, KgdAnimThread={threadName='KgdAnimThread', tid=8277, reporterPid=8050, currentThreadCount=1, maxThreadCount=1, extendTids=null}, GestureUI={threadName='GestureUI', tid=8595, reporterPid=8050, currentThreadCount=1, maxThreadCount=1, extendTids=null}, SysUiLng={threadName='SysUiLng', tid=9028, reporterPid=8050, currentThreadCount=1, maxThreadCount=1, extendTids=null}, SysUiQsBg={threadName='SysUiQsBg', tid=8425, reporterPid=8050, currentThreadCount=1, maxThreadCount=1, extendTids=null}, wmshell.main={threadName='wmshell.main', tid=8095, reporterPid=8050, currentThreadCount=1, maxThreadCount=1, extendTids=null}, ll.splashworker={threadName='ll.splashworker', tid=8145, reporterPid=3967, currentThreadCount=1, maxThreadCount=16, extendTids=null}, wmshell.anim={threadName='wmshell.anim', tid=8105, reporterPid=3967, currentThreadCount=1, maxThreadCount=16, extendTids=null}, OnScreenFingerprint OpticalUIUpdateThread={threadName='OnScreenFingerprint OpticalUIUpdateThread', tid=8947, reporterPid=8050, currentThreadCount=1, maxThreadCount=1, extendTids=null}}, mVideoActivityList=[], mStates=0}
03-26 13:17:24.746  3967  4246 W UserAwareMgr: handleAppChangedToBg process is empty
03-26 13:17:24.755  7207  7207 D ActivityThread: ComponentInfo{com.routepix/com.routepix.MainActivity} checkFinished=false 2
03-26 13:17:24.756  7207  7207 D ResourcesManagerExtImpl: applyConfigurationToAppResourcesLocked app.getDisplayId() return callback.displayId:0
03-26 13:17:24.765  7207  7207 D OplusInputMethodUtil: init sDebug to false, init sDebugIme to false, init sAlwaysOn to false
03-26 13:17:24.765  7207  7207 D OplusInputMethodUtil: updateDebugToClass InputMethodManager.DEBUG = false
03-26 13:17:24.765  7207  7207 D OplusInputMethodUtil: updateDebugToClass ImeFocusController.DEBUG = false
03-26 13:17:24.765  7207  7207 D OplusInputMethodUtil: updateDebugToClass OnBackInvokedDispatcher.DEBUG = false
03-26 13:17:24.765  7207  7207 D OplusInputMethodUtil: updateDebugToClass InsetsController.DEBUG = false
03-26 13:17:24.765  7207  7207 D OplusInputMethodUtil: updateDebugToClass BaseInputConnection.DEBUG = false
03-26 13:17:24.765  3967  4229 W AccessibilityWindowsPopulator: Windows change within in 2 frames continuously over 500 ms and notify windows changed immediately
03-26 13:17:24.767  3967  7910 D QuickBackInputPolicy: setInterceptInputKeyStatus, enable=false, enableFlag=1, inputCallback=android.window.IRemoteTransitionInputCallback$Stub$Proxy@78b9430
03-26 13:17:24.768  8050  8095 V WindowManagerShell: Transition animation finished (aborted=false), notifying core (#11174) android.os.BinderProxy@7daee7e@0
03-26 13:17:24.768  8050  8095 D SplitScreen-->AppLockManager: setStartFromSafeControl mStartFromSafeControl=false
03-26 13:17:24.771  3967  8553 D Transition: finishTransition ar ActivityRecord{64912933 u0 com.android.launcher/.Launcher t5}, isVisibleRequested=false, state=PAUSED, visibleAtTransitionEndTokens={ActivityRecord{144013501 u0 com.routepix/.MainActivity t63037}, WallpaperWindowToken{c8f07e8 showWhenLocked=false}}, this=TransitionRecord{804084b id=11174 track=0 type=OPEN flags=0x0 state=2 c=[
03-26 13:17:24.771  3967  8553 D Transition:    ChangeInfo{8f72dcf container=Task{1768a4c #5 type=home I=com.android.launcher/.Launcher} flags=0x10}
03-26 13:17:24.771  3967  8553 D Transition:    ChangeInfo{e4dc35c container=ActivityRecord{64912933 u0 com.android.launcher/.Launcher t5} flags=0x0}
03-26 13:17:24.771  3967  8553 D Transition:    ChangeInfo{dca6665 container=Display{#0 state=ON size=1080x2344 ROTATION_0} flags=0x0}
03-26 13:17:24.771  3967  8553 D Transition:    ChangeInfo{f1231d3 container=Task{5664e03 #63037 type=standard A=10622:com.routepix} flags=0x10}
03-26 13:17:24.771  3967  8553 D Transition:    ChangeInfo{17e8f3a container=WallpaperWindowToken{7c519b3 showWhenLocked=true} flags=0x0}
03-26 13:17:24.771  3967  8553 D Transition:    ChangeInfo{362d7eb container=ActivityRecord{144013501 u0 com.routepix/.MainActivity t63037} flags=0x0}
03-26 13:17:24.771  3967  8553 D Transition:    ChangeInfo{9a1b948 container=OneHanded:0:14@147097514 flags=0x0}
03-26 13:17:24.771  3967  8553 D Transition:    ChangeInfo{21fb110 container=Task{94ed55a #1 type=home} flags=0x10}
03-26 13:17:24.771  3967  8553 D Transition:    ChangeInfo{60003e1 container=DefaultTaskDisplayArea@169605759 flags=0x0}
03-26 13:17:24.771  3967  8553 D Transition:    ChangeInfo{366506 container=WallpaperWindowToken{c8f07e8 showWhenLocked=false} flags=0x0}
03-26 13:17:24.771  3967  8553 D Transition: ]
03-26 13:17:24.771  3967  8553 D Transition: }
03-26 13:17:24.771  3967  8553 D ActivityTaskManager: commitVisibility: ActivityRecord{64912933 u0 com.android.launcher/.Launcher t5}: visible=false visibleRequested=false, isInTransition=false 
03-26 13:17:24.771  3967  8553 D WindowManager: NFW_setClientVisible:ActivityRecord{64912933 u0 com.android.launcher/.Launcher t5} clientVisible:false
03-26 13:17:24.771  3967  8553 I WindowManager: Window{34e04b1 u0 com.google.android.googlequicksearchbox} state from HAS_DRAWN to DRAW_PENDING; reason: resetDrawState
03-26 13:17:24.772  3967  8553 D Transition: finishTransition ar ActivityRecord{144013501 u0 com.routepix/.MainActivity t63037}, isVisibleRequested=true, state=RESUMED, visibleAtTransitionEndTokens={ActivityRecord{144013501 u0 com.routepix/.MainActivity t63037}, WallpaperWindowToken{c8f07e8 showWhenLocked=false}}, this=TransitionRecord{804084b id=11174 track=0 type=OPEN flags=0x0 state=2 c=[
03-26 13:17:24.772  3967  8553 D Transition:    ChangeInfo{8f72dcf container=Task{1768a4c #5 type=home I=com.android.launcher/.Launcher} flags=0x10}
03-26 13:17:24.772  3967  8553 D Transition:    ChangeInfo{e4dc35c container=ActivityRecord{64912933 u0 com.android.launcher/.Launcher t5} flags=0x0}
03-26 13:17:24.772  3967  8553 D Transition:    ChangeInfo{dca6665 container=Display{#0 state=ON size=1080x2344 ROTATION_0} flags=0x0}
03-26 13:17:24.772  3967  8553 D Transition:    ChangeInfo{f1231d3 container=Task{5664e03 #63037 type=standard A=10622:com.routepix} flags=0x10}
03-26 13:17:24.772  3967  8553 D Transition:    ChangeInfo{17e8f3a container=WallpaperWindowToken{7c519b3 showWhenLocked=true} flags=0x0}
03-26 13:17:24.772  3967  8553 D Transition:    ChangeInfo{362d7eb container=ActivityRecord{144013501 u0 com.routepix/.MainActivity t63037} flags=0x0}
03-26 13:17:24.772  3967  8553 D Transition:    ChangeInfo{9a1b948 container=OneHanded:0:14@147097514 flags=0x0}
03-26 13:17:24.772  3967  8553 D Transition:    ChangeInfo{21fb110 container=Task{94ed55a #1 type=home} flags=0x10}
03-26 13:17:24.772  3967  8553 D Transition:    ChangeInfo{60003e1 container=DefaultTaskDisplayArea@169605759 flags=0x0}
03-26 13:17:24.772  3967  8553 D Transition:    ChangeInfo{366506 container=WallpaperWindowToken{c8f07e8 showWhenLocked=false} flags=0x0}
03-26 13:17:24.772  3967  8553 D Transition: ]
03-26 13:17:24.772  3967  8553 D Transition: }
03-26 13:17:24.772  3967  8553 D WindowManager: NFW_setClientVisible:WallpaperWindowToken{c8f07e8 showWhenLocked=false} clientVisible:false
03-26 13:17:24.772  3967  8553 I OplusAppSwitchManagerService:  handleAppVisible , r = ActivityRecord{144013501 u0 com.routepix/.MainActivity t63037}
03-26 13:17:24.772  3967  4246 W UserAwareMgr: process owner is not matched: 10, threadName: HwUiTask, pid: 7207,tid=7324,owner=fg1
03-26 13:17:24.772  3967  8553 D OplusTransitionController: finishTransition, transition: TransitionRecord{804084b id=11174 track=0 type=OPEN flags=0x0 state=4 c=[
03-26 13:17:24.772  3967  8553 D OplusTransitionController:    ChangeInfo{8f72dcf container=Task{1768a4c #5 type=home I=com.android.launcher/.Launcher} flags=0x10}
03-26 13:17:24.772  3967  8553 D OplusTransitionController:    ChangeInfo{e4dc35c container=ActivityRecord{64912933 u0 com.android.launcher/.Launcher t5} flags=0x0}
03-26 13:17:24.772  3967  8553 D OplusTransitionController:    ChangeInfo{dca6665 container=Display{#0 state=ON size=1080x2344 ROTATION_0} flags=0x0}
03-26 13:17:24.772  3967  8553 D OplusTransitionController:    ChangeInfo{f1231d3 container=Task{5664e03 #63037 type=standard A=10622:com.routepix} flags=0x10}
03-26 13:17:24.772  3967  8553 D OplusTransitionController:    ChangeInfo{17e8f3a container=WallpaperWindowToken{7c519b3 showWhenLocked=true} flags=0x0}
03-26 13:17:24.772  3967  8553 D OplusTransitionController:    ChangeInfo{362d7eb container=ActivityRecord{144013501 u0 com.routepix/.MainActivity t63037} flags=0x0}
03-26 13:17:24.772  3967  8553 D OplusTransitionController:    ChangeInfo{9a1b948 container=OneHanded:0:14@147097514 flags=0x0}
03-26 13:17:24.772  3967  8553 D OplusTransitionController:    ChangeInfo{21fb110 container=Task{94ed55a #1 type=home} flags=0x10}
03-26 13:17:24.772  3967  8553 D OplusTransitionController:    ChangeInfo{60003e1 container=DefaultTaskDisplayArea@169605759 flags=0x0}
03-26 13:17:24.772  3967  8553 D OplusTransitionController:    ChangeInfo{366506 container=WallpaperWindowToken{c8f07e8 showWhenLocked=false} flags=0x0}
03-26 13:17:24.772  3967  8553 D OplusTransitionController: ]
03-26 13:17:24.772  3967  8553 D OplusTransitionController: }
03-26 13:17:24.772  3967  4246 W UserAwareMgr: process owner is not matched: 10, threadName: HwUiTask, pid: 7207,tid=7325,owner=fg1
03-26 13:17:24.772  3967  8553 D FlexibleTaskTransitionController:  finishTransition pendingRecentToFlexibleTask:null,isRotationTransition:false ,pendingRecentToFlexible:null ,transition:TransitionRecord{804084b id=11174 track=0 type=OPEN flags=0x0 state=4 c=[
03-26 13:17:24.772  3967  8553 D FlexibleTaskTransitionController:    ChangeInfo{8f72dcf container=Task{1768a4c #5 type=home I=com.android.launcher/.Launcher} flags=0x10}
03-26 13:17:24.772  3967  8553 D FlexibleTaskTransitionController:    ChangeInfo{e4dc35c container=ActivityRecord{64912933 u0 com.android.launcher/.Launcher t5} flags=0x0}
03-26 13:17:24.772  3967  8553 D FlexibleTaskTransitionController:    ChangeInfo{dca6665 container=Display{#0 state=ON size=1080x2344 ROTATION_0} flags=0x0}
03-26 13:17:24.772  3967  8553 D FlexibleTaskTransitionController:    ChangeInfo{f1231d3 container=Task{5664e03 #63037 type=standard A=10622:com.routepix} flags=0x10}
03-26 13:17:24.772  3967  8553 D FlexibleTaskTransitionController:    ChangeInfo{17e8f3a container=WallpaperWindowToken{7c519b3 showWhenLocked=true} flags=0x0}
03-26 13:17:24.772  3967  8553 D FlexibleTaskTransitionController:    ChangeInfo{362d7eb container=ActivityRecord{144013501 u0 com.routepix/.MainActivity t63037} flags=0x0}
03-26 13:17:24.772  3967  8553 D FlexibleTaskTransitionController:    ChangeInfo{9a1b948 container=OneHanded:0:14@147097514 flags=0x0}
03-26 13:17:24.772  3967  8553 D FlexibleTaskTransitionController:    ChangeInfo{21fb110 container=Task{94ed55a #1 type=home} flags=0x10}
03-26 13:17:24.772  3967  8553 D FlexibleTaskTransitionController:    ChangeInfo{60003e1 container=DefaultTaskDisplayArea@169605759 flags=0x0}
03-26 13:17:24.772  3967  8553 D FlexibleTaskTransitionController:    ChangeInfo{366506 container=WallpaperWindowToken{c8f07e8 showWhenLocked=false} flags=0x0}
03-26 13:17:24.772  3967  8553 D FlexibleTaskTransitionController: ]
03-26 13:17:24.772  3967  8553 D FlexibleTaskTransitionController: }
03-26 13:17:24.773  3967  8553 D RefreshRate: ***** request traversal for refresh rate change, reason is highTempRefreshRateChanged: false, windowRefreshRateChanged: true, flexibleWindowStateChanged: false, has float/zoom window *****
03-26 13:17:24.773  3967  8553 D TransitionControllerExtImpl: NFW_send RECOMPUTE_FOCUS in finishTransition
03-26 13:17:24.773  3967  4246 I UserAwareMgr: handleAppChangedToBg, pkgName: com.google.android.googlequicksearchbox, pid: 4978
03-26 13:17:24.773  8050  8095 D ShellTaskOrganizer: onTransitionFinish, isRecent:false
03-26 13:17:24.773  8050  8095 V WindowManagerShell: Track 0 became idle
03-26 13:17:24.773  8050  8095 V WindowManagerShell: All active transition animations finished
03-26 13:17:24.773  3967  4246 I UserAwareMgr: handleAppChangedToBg, pkgName: com.google.android.adservices.api, pid: 19731
03-26 13:17:24.773  3967  4246 W UserAwareMgr: app not not found or not visible: null
03-26 13:17:24.773  3967  4246 W UserAwareMgr: handleAppChangedToBg process is empty
03-26 13:17:24.773  3967  4230 D InsetsSourceProvider: updateSourceFrameForServerVisibility mandatorySystemGestures EMPTY_RECT
03-26 13:17:24.773  3967  4230 D VRR [OPlusRefreshRatePolicy]: setRefreshRatePolicy policy=POLICY_SYSTEM, refreshRate=120, statusOn=false
03-26 13:17:24.774  3967  4230 D VRR [OPlusRefreshRatePolicy]: setRefreshRatePolicy policy=POLICY_SYSTEM, refreshRate=90, statusOn=true
03-26 13:17:24.774  3967  4230 D RefreshRate: Refresh rate changing from 120.00001 to 90.0,maxRefreshRate=90.0 FOR:{
03-26 13:17:24.774  3967  4230 D RefreshRate:     | COURSE[; Win preferred rateId=0, appReqFirst=false, data= RateData{} ;win name:Splash Screen com.routepix]
03-26 13:17:24.774  3967  4230 D RefreshRate:     | VOTES[PRIORITY_WINDOW_REQUEST -> Vote{mRefreshRate=90.0, mMinRefreshRate=90.0, mRequestSource=null};]
03-26 13:17:24.774  3967  4230 D RefreshRate:     | TIME:2026-03-26 07:47:24}
03-26 13:17:24.774  3967  4317 D VRR [OPlusRefreshRateService]:  setDirectorStates [flag: 1, state: 0, directorStateOff: 0]
03-26 13:17:24.774  3967  4230 D DisplayModeDirector: setAppRequest displayId : 0  modeId: 6  requestedRefreshRate: 0.0  requestedMinRefreshRateRange: 0.0  requestedMaxRefreshRateRange: 90.0
03-26 13:17:24.774  3967  8553 D Transition: finishTransaction-onCommitted syncId=11174
03-26 13:17:24.775  3967  4230 I TaskOrganizerController: onTaskInfoChanged taskid 63037 config { mBounds=Rect(0, 0 - 1080, 2344) mAppBounds=Rect(0, 0 - 1080, 2344) mMaxBounds=Rect(0, 0 - 1080, 2344) mDisplayRotation=ROTATION_0 mWindowingMode=fullscreen mActivityType=standard mAlwaysOnTop=undefined mRotation=ROTATION_0}
03-26 13:17:24.775  3967  4230 D OplusFlexibleDragToSplitAnimController: visibleFlexibleTaskInfos delete:63037
03-26 13:17:24.775  3967  4230 E FlexibleWindowManagerService: notifyTaskObserverToAttachController not need to notify!
03-26 13:17:24.775  3967  4230 I FlexibleWindowManagerService: onFlexibleWindowTaskInfoChanged, return for cur task not embedded
03-26 13:17:24.775  3967  4230 I TaskOrganizerController: onTaskInfoChanged taskid 1 config { mBounds=Rect(0, 0 - 1080, 2344) mAppBounds=Rect(0, 0 - 1080, 2344) mMaxBounds=Rect(0, 0 - 1080, 2344) mDisplayRotation=ROTATION_0 mWindowingMode=fullscreen mActivityType=home mAlwaysOnTop=undefined mRotation=ROTATION_0}
03-26 13:17:24.775  3967  4230 D OplusFlexibleDragToSplitAnimController: visibleFlexibleTaskInfos delete:1
03-26 13:17:24.775  3967  4230 E FlexibleWindowManagerService: notifyTaskObserverToAttachController not need to notify!
03-26 13:17:24.775  3967  4230 I FlexibleWindowManagerService: onFlexibleWindowTaskInfoChanged, return for cur task not embedded
03-26 13:17:24.775  3967  4229 D WindowManager: NFW_findFocusedWindowIfNeeded:null mCurrentFocus:null
03-26 13:17:24.775  3967  4229 D DisplayManagerServiceExtImpl: scheduleTraversalLocked intraversal=false
03-26 13:17:24.775  3967  4229 D DisplayManagerService: MSG_REQUEST_TRAVERSAL pendingCompleted=false
03-26 13:17:24.775  3967  4230 I WindowStateExtImpl: onSurfaceShowChange show = false mPackageName = com.android.launcher parentPkgName = com.android.launcher
03-26 13:17:24.777  3967  4230 D InsetsSourceProvider: updateSourceFrameForServerVisibility mandatorySystemGestures EMPTY_RECT
03-26 13:17:24.777  3967  4230 D DisplayManagerService: performTraversalInternal pendingTraversal
03-26 13:17:24.777  3967  4230 D DisplayDevice: setLayerStackLocked id=local:4630946640660707475 token=android.os.BinderProxy@d660820 stack=0->0
03-26 13:17:24.777  3967  4317 D LocalDisplayAdapter: setDesiredDisplayModeSpecsAsync: display unique id = local:4630946640660707475, display mode specs = defaultMode=6 allowGroupSwitching=false primaryRanges=physical: (0.0 120.0) render:  (0.0 90.0) appRequestRanges=physical: (0.0 120.0) render:  (0.0 90.0) idleScreenRefreshRate=null
03-26 13:17:24.778  3967  4246 W UserAwareMgr: process owner is not matched: 10, threadName: RenderThread, pid: 7207,tid=7280,owner=fg1
03-26 13:17:24.780  3967  8553 V WindowManager: Relayout Window{34e04b1 u0 com.google.android.googlequicksearchbox}: viewVisibility=8, oldvis=0, req=1080x2344 , apr = 0, vsysui=
03-26 13:17:24.780  3967  8553 D InsetsSourceProvider: updateSourceFrameForServerVisibility mandatorySystemGestures EMPTY_RECT
03-26 13:17:24.780  3967  8553 D InsetsSourceProvider: updateSourceFrameForServerVisibility mandatorySystemGestures EMPTY_RECT
03-26 13:17:24.781  3967  8553 D WindowManager: NFW_findFocusedWindowIfNeeded:null mCurrentFocus:null
03-26 13:17:24.781  3967  4313 D OplusFeatureDMR[display=0]: onConfigChanged threadId=71 threadName=OplusDisplayWorkHandler physicalDisplayId=4630946640660707475 modeId=4  
03-26 13:17:24.782  3967  7910 I WindowManager: addWindow: New client android.os.BinderProxy@e3ab2d5 : window=Window{7393aea u0 com.routepix/com.routepix.MainActivity}
03-26 13:17:24.784  7207  7207 D ResourcesManagerExtImpl: applyConfigurationToAppResourcesLocked app.getDisplayId() return callback.displayId:0
03-26 13:17:24.801  3967  8553 D CompatChangeReporter: Compat change id reported: 311402873; UID 10350; state: ENABLED
03-26 13:17:24.801  3967  8553 D CompatChangeReporter: Compat change id reported: 323349338; UID 10350; state: ENABLED
03-26 13:17:24.804  3967  4313 D OplusFeatureDMR[display=0]: onConfigChanged threadId=71 threadName=OplusDisplayWorkHandler physicalDisplayId=4630946640660707475 modeId=6  
03-26 13:17:24.804  3967  4229 I DisplayDeviceRepository: Display device changed render timings: "Built-in screen", renderFrameRate=90.0, presentationDeadlineNanos=14111110, appVsyncOffsetNanos=6555557, frameRateOverrides=[]
03-26 13:17:24.804  3967  4229 D LogicalDisplayExt: set displayInfo flag FLAG_ROTATES_WITH_CONTENT
03-26 13:17:24.805  3967  4229 D DisplayManagerService: Delivering display event: displayId=0, event=EVENT_DISPLAY_REFRESH_RATE_CHANGED
03-26 13:17:24.805  3967  4227 D WindowManager: DeferredDisplayUpdater: partially applying DisplayInfo(1080 x 2344) immediately
03-26 13:17:24.805  3967  4227 D OplusVFXScreenEffectFeature: notifySFCompatWindowStateChange entered false
03-26 13:17:24.805  3967  4227 D FSS_FoldScreenBlackCoverController: displayChangeToOn, dc:Display{#0 state=ON size=1080x2344 ROTATION_0}
03-26 13:17:24.806  3967  4227 D InsetsSourceProvider: updateSourceFrameForServerVisibility mandatorySystemGestures EMPTY_RECT
03-26 13:17:24.841  3967 14003 D CoreBackPreview: Window{7393aea u0 com.routepix/com.routepix.MainActivity}: Setting back callback OnBackInvokedCallbackInfo{mCallback=android.window.IOnBackInvokedCallback$Stub$Proxy@88cde66, mPriority=0, mIsAnimationCallback=false, mOverrideBehavior=0}
03-26 13:17:24.848  3967  7910 D ShortcutService: rescanPackageIfNeeded 0@com.windscribe.vpn, forceRescan=false , isNewApp=false
03-26 13:17:24.850  7292  7292 V Configuration: Updating configuration, locales updated from [en_IN] to [en]
03-26 13:17:24.852  3967 14003 D ShortcutService: rescanPackageIfNeeded 0@com.windscribe.vpn, forceRescan=false , isNewApp=false
03-26 13:17:24.855  3967  4317 D VRR [OPlusRefreshRateService]: handleConfigIdChange physicalDisplayId: 4630946640660707475 configId: 6 renderPeriod: 11111111
03-26 13:17:24.855  3967  7910 D ShortcutService: rescanPackageIfNeeded 0@com.windscribe.vpn, forceRescan=false , isNewApp=false
03-26 13:17:24.855  3967  4317 D VRR [OPlusGameStatusManager]: updateGameState mOSyncFeatureSwitch: false mIsGamePolicy: false
03-26 13:17:24.855  3967  4317 D VRR [OPlusGameStatusManager]: updateGameAccelerationStatus pkgName: com.routepix mOSyncFeatureSwitch: false mIsGamePolicy: false mHeartStop: false mHasFlickerRisk: false mForceAcceleration: false mToastReady: false enable: false
03-26 13:17:24.855  3967  4317 D VRR [OPlusExternalRefreshRateManager]:  Display refreshrate :90 , Switch to OTI-HW 
03-26 13:17:24.857  3967  7910 D ShortcutService: rescanPackageIfNeeded 0@com.windscribe.vpn, forceRescan=false , isNewApp=false
03-26 13:17:24.858  3967  7910 D ShortcutService: rescanPackageIfNeeded 0@com.windscribe.vpn, forceRescan=false , isNewApp=false
03-26 13:17:24.858  3967  7910 D ShortcutService: rescanPackageIfNeeded 0@com.windscribe.vpn, forceRescan=false , isNewApp=false
03-26 13:17:24.859  3967  7910 D ShortcutService: rescanPackageIfNeeded 0@com.windscribe.vpn, forceRescan=false , isNewApp=false
03-26 13:17:24.874  3967 14003 I ActivityManager: Flag disabled. Ignoring finishAttachApplication from uid: 10350. pid: 7292
03-26 13:17:24.876  3967  3967 W JobScheduler: Job didn't exist in JobStore: #com.windscribe.vpn/4357
03-26 13:17:24.881  3967  8553 D CompatChangeReporter: Compat change id reported: 297989574; UID 10350; state: ENABLED
03-26 13:17:24.885  3967  4231 D OplusWallpaperSurfaceAnimation: resetEnable curState: STARTED
03-26 13:17:24.885  3967  4231 D OplusWallpaperAnimationManager: onAnimationEnd
03-26 13:17:24.885  3967  4231 D OplusWallpaperAnimationManager: setSkipUpdateWallpaperPosition skip: false, wallpaper: Window{3ace27e u0 com.android.systemui.wallpapers.ImageWallpaper}
03-26 13:17:24.885  3967  4231 D OplusWallpaperSurfaceAnimation: setAnimationState curState: IDLE
03-26 13:17:24.906  3967  4317 D VRR [OPlusSAManager]: updateAutoMinfps for 4630946640660707475 with nits: 85.22235, mHistOK true, mAmbientOK true, mCctOK true, mIrOK true, mBrightnessOK true, isPkgOK true, SA min fps: 89
03-26 13:17:24.912  3967 14003 V WindowManager: Relayout Window{7393aea u0 com.routepix/com.routepix.MainActivity}: viewVisibility=0, oldvis=4, req=1080x2344 , apr = 0, vsysui=, x=0, y=0
03-26 13:17:24.912  3967 14003 I WindowManager: Window{7393aea u0 com.routepix/com.routepix.MainActivity} state from NO_SURFACE to DRAW_PENDING; reason: resetDrawState
03-26 13:17:24.913  3967 14003 D InsetsSourceProvider: updateSourceFrameForServerVisibility mandatorySystemGestures EMPTY_RECT
03-26 13:17:24.913  3967 14003 D InsetsSourceProvider: updateSourceFrameForServerVisibility mandatorySystemGestures EMPTY_RECT
03-26 13:17:24.914  3967 14003 D WindowManager: NFW_findFocusedWindowIfNeeded:Window{7393aea u0 com.routepix/com.routepix.MainActivity} mCurrentFocus:null
03-26 13:17:24.914  3967 14003 V WindowManager: Changing focus from null to Window{7393aea u0 com.routepix/com.routepix.MainActivity},diplayid=0
03-26 13:17:24.914  3967  4317 D VRR [OPlusSurfaceFlingerController]:  setComplexSceneEnable : false
03-26 13:17:24.916  3967  4229 I AccessibilityWindowsPopulator: getInsensibleFlag flag = 0
03-26 13:17:24.917  7207  7207 D VRI[MainActivity]: relayoutWindow result, sizeChanged:true, surfaceControlChanged:true, transformHintChanged:false, mSurfaceSize:Point(1080, 2344), mLastSurfaceSize:Point(0, 0), mWidth:-1, mHeight:-1, requestedWidth:1080, requestedHeight:2344, transformHint:0, installOrientation:0, displayRotation:0, isSurfaceValid:true, attr.flag:-2122252032, tmpFrames:ClientWindowFrames{frame=[0,0][1080,2344] display=[0,0][1080,2344] parentFrame=[0,0][0,0]}, relayoutAsync:false, mSyncSeqId:0
03-26 13:17:24.917  7207  7207 W VRI[MainActivity]: updateBlastSurfaceIfNeeded, surfaceSize:Point(1080, 2344), lastSurfaceSize:Point(0, 0), format:-1, blastBufferQueue:null
03-26 13:17:24.925  3967  4226 I Quality : BitmapCompressInfo:1080,2344,3,95,134799531
03-26 13:17:24.925  3967 14003 I AccessibilityWindowsPopulator: getInsensibleFlag flag = 0
03-26 13:17:24.925  3967  4226 W Looper  : Slow dispatch took 140ms android.fg app=system_server main=false group=SKIP h=android.os.Handler c=android.view.SurfaceControl$Transaction$$ExternalSyntheticLambda4@b1dd64e m=0
03-26 13:17:24.934  3967 14003 I WindowManager: Window{7393aea u0 com.routepix/com.routepix.MainActivity} state from DRAW_PENDING to COMMIT_DRAW_PENDING; reason: finishDrawingLocked
03-26 13:17:24.935  3967  4230 D InsetsSourceProvider: updateSourceFrameForServerVisibility mandatorySystemGestures EMPTY_RECT
03-26 13:17:24.935  3967  4230 D InsetsSourceProvider: updateSourceFrameForServerVisibility mandatorySystemGestures EMPTY_RECT
03-26 13:17:24.935  3967  4230 I WindowManager: Window{7393aea u0 com.routepix/com.routepix.MainActivity} state from COMMIT_DRAW_PENDING to READY_TO_SHOW; reason: commitFinishDrawingLocked
03-26 13:17:24.935  3967  4230 D CoreBackPreview:  return markWindowHasDrawn mComposed: false  mWaitTransition: false
03-26 13:17:24.935  3967  4230 D ActivityTaskManager: Finish StartingWindow: ActivityRecord{144013501 u0 com.routepix/.MainActivity t63037}first real window is shown
03-26 13:17:24.935  3967  4230 D ActivityTaskManager: removeStartingWindowAnimation starting ActivityRecord{144013501 u0 com.routepix/.MainActivity t63037} startingWindow=null ,startingView=com.android.server.wm.StartingSurfaceController$StartingSurface@91a978b,Callers=com.android.server.wm.ActivityRecord.removeStartingWindow:3386 com.android.server.wm.ActivityRecord.onFirstWindowDrawn:8055 com.android.server.wm.WindowState.performShowLocked:4933 com.android.server.wm.WindowStateAnimator.commitFinishDrawingLocked:403 com.android.server.wm.DisplayContent.lambda$new$8:1154 
03-26 13:17:24.935  3967  4230 D OplusStartingWindowManager: interceptRemoveStartingWindow: packageName=com.routepix,  componentName=com.routepix/.MainActivity, isSnapshot=false, startingSurfaceRunnable=null, isDrawCompleted=false, hasSurfaceView=false, inTransition=false
03-26 13:17:24.935  3967  4230 D OplusSplitScreenDnDUI: notifyRemoveStartingWindow isSpitScreenDrag = false mDropTargetSurface = null StartingWindowpkgName = com.routepix DragPkg = null isLauncherResume = false
03-26 13:17:24.935  3967  4230 D OplusStartingWindowManager: interceptRemoveStartingWindow: hasSplashWindowFlag() return false for activity=ActivityRecord{144013501 u0 com.routepix/.MainActivity t63037}
03-26 13:17:24.936  8390 14578 I iopgp   : Iopgp: TRANSACTION_IOPGP_ON_ACTIVITY_LAUNCH_FINISHED sequence_id = 309 timestamp_nanos = 361628330443245
03-26 13:17:24.937  3967  4230 D QuickBackInputPolicy: setAppLaunchEndTime update timePair=Pair{ActivityRecord{144013501 u0 com.routepix/.MainActivity t63037} 361628331}
03-26 13:17:24.937  3967  4230 I WindowManager: Window{7393aea u0 com.routepix/com.routepix.MainActivity} state from READY_TO_SHOW to HAS_DRAWN; reason: performShowLocked
03-26 13:17:24.938  3967  4230 D InsetsSourceProvider: updateSourceFrameForServerVisibility mandatorySystemGestures EMPTY_RECT
