03-26 13:17:40.568  3967  4305 D OplusBiometricsDisplayHelper: isFold: false, isUnblockByFp: null
03-26 13:17:40.595  3967  5028 D osense.compress: net.oneplus.weather do shrink, target ratio = 45, final ratio = 90, cur ratio = 0
03-26 13:17:40.625  3967  5180 V AlarmManager: sending alarm Alarm{bb2ac8c type 1 origWhen 1774511260625 whenElapsed 614446652 android} uid 1000 whenElapsed 614446652 windowLength 0 maxWhenElapsed 614446652 repeatInterval 0 action null component null tag StorgaeBandInfoAlarmTag flags 0x9 procName system_server
03-26 13:17:40.650  3967  4313 D OplusBrightnessPhoneStateManager: LuxEvent{event:MAIN_LUX lux:89.31338} -> LuxEvent{event:MAIN_LUX lux:89.31338}
03-26 13:17:40.650  3967  4313 D OplusBrightnessSceneAdapter: Arc scene change!!! StableScene -> NormalScene [erraticScore:-1, stableScore:-1] isLuxRefresh:true
03-26 13:17:40.650  3967  4313 D OplusBrightnessAmbientAdapter[StabilityProcess]: updateRangeStrategy: reason[LuxChange SceneChange ] baseLux:85.845, scene:NormalScene large{16.807499, 301.69} largeForAux{16.807499, 301.69} small{50.234688, 121.455315} null
03-26 13:17:40.701  3967  5028 D osense.compress: com.windscribe.vpn do shrink, target ratio = 45, final ratio = 90, cur ratio = 0
03-26 13:17:40.930  3967  7648 D OAppNetControlService: Hans update:[10451=true][0|0] blackList:[10375, 10364, 10384, 10409, 10619, 10453, 10442, 10412, 10451]
03-26 13:17:40.934  3967  4313 D OplusBrightnessPhoneStateManager: LuxEvent{event:MAIN_LUX lux:87.31548} -> LuxEvent{event:MAIN_LUX lux:87.31548}
03-26 13:17:41.182  3967  4313 D OplusBrightnessPhoneStateManager: LuxEvent{event:MAIN_LUX lux:87.31548} -> LuxEvent{event:MAIN_LUX lux:87.31548}
03-26 13:17:41.404  3967  7648 D OAppNetControlService: Hans update:[10508=true][0|0] blackList:[10375, 10364, 10384, 10409, 10619, 10453, 10442, 10412, 10451, 10508]
03-26 13:17:41.448  3967  4313 D OplusBrightnessPhoneStateManager: LuxEvent{event:MAIN_LUX lux:91.257996} -> LuxEvent{event:MAIN_LUX lux:91.257996}
03-26 13:17:41.576  3967  8827 W SettingsStatsUtil: Can not parse value to float: +network
03-26 13:17:41.581  3967  8827 W SettingsStatsUtil: Can not parse value to float: +network
03-26 13:17:41.690  3967  4251 W ActivityManager: Stopping service due to app idle: u0a237 -1m5s998ms net.oneplus.weather/com.oplus.weather.setting.realtimeAlert.notify.RealTimeNotificationService
03-26 13:17:41.713  3967  4313 D OplusBrightnessPhoneStateManager: LuxEvent{event:MAIN_LUX lux:80.937485} -> LuxEvent{event:MAIN_LUX lux:80.937485}
03-26 13:17:41.892  9274  9274 W ContextImpl: Calling a method in the system process without a qualified user: android.app.ContextImpl.startService:2032 android.content.ContextWrapper.startService:865 com.heytap.mcs.biz.statistics.StaticProcessTrackStatusManager.exitCurrentProcess:11 com.heytap.mcs.biz.statistics.StaticProcessTrackStatusManager$1.handleMessage:3 android.os.Handler.dispatchMessage:111 
03-26 13:17:41.928  3967  8550 I ActivityManager: Death received, pid = 9274, processName = com.heytap.mcs.statistics for thread android.os.BinderProxy@647fb54
03-26 13:17:41.928  3967 13100 I ActivityManager: Process com.heytap.mcs.statistics (pid 9274) has died: vis IMPF
03-26 13:17:41.929 13846 13846 I ActivityThread: Removing dead content provider:android.content.ContentProviderProxy@31fb986
03-26 13:17:41.979  3967  4313 D OplusBrightnessPhoneStateManager: LuxEvent{event:MAIN_LUX lux:93.084465} -> LuxEvent{event:MAIN_LUX lux:93.084465}
03-26 13:17:42.229  3967  4247 W ProcessStats: Tracking association SourceState{7bab3f2 com.google.android.gms.persistent/10136 BTop #1864736} whose proc state 2 is better than process ProcessState{997d8fa com.google.android.gms/10136 pkg=com.google.android.gms} proc state 14 (277 skipped)
03-26 13:17:42.245  3967  4313 D OplusBrightnessPhoneStateManager: LuxEvent{event:MAIN_LUX lux:83.38285} -> LuxEvent{event:MAIN_LUX lux:83.38285}
03-26 13:17:42.278 27863 27863 E ActivityThread: Service com.oplus.melody.alive.service.MelodyAliveService has leaked IntentReceiver com.oplus.melody.alive.component.speechfind.SpeechFindManager$a@ace821a that was originally registered here. Are you missing a call to unregisterReceiver()?
03-26 13:17:42.278 27863 27863 E ActivityThread: android.app.IntentReceiverLeaked: Service com.oplus.melody.alive.service.MelodyAliveService has leaked IntentReceiver com.oplus.melody.alive.component.speechfind.SpeechFindManager$a@ace821a that was originally registered here. Are you missing a call to unregisterReceiver()?
03-26 13:17:42.278 27863 27863 E ActivityThread: 	at android.app.LoadedApk$ReceiverDispatcher.<init>(LoadedApk.java:2075)
03-26 13:17:42.278 27863 27863 E ActivityThread: 	at android.app.LoadedApk.getReceiverDispatcher(LoadedApk.java:1721)
03-26 13:17:42.278 27863 27863 E ActivityThread: 	at android.app.ContextImpl.registerReceiverInternal(ContextImpl.java:1924)
03-26 13:17:42.278 27863 27863 E ActivityThread: 	at android.app.ContextImpl.registerReceiver(ContextImpl.java:1883)
03-26 13:17:42.278 27863 27863 E ActivityThread: 	at android.content.ContextWrapper.registerReceiver(ContextWrapper.java:807)
03-26 13:17:42.278 27863 27863 E ActivityThread: 	at com.oplus.melody.common.util.f.g(ContextExt.kt:33)
03-26 13:17:42.278 27863 27863 E ActivityThread: 	at com.oplus.melody.common.util.e.get(R8$$SyntheticClass:12)
03-26 13:17:42.278 27863 27863 E ActivityThread: 	at java.util.concurrent.CompletableFuture$AsyncSupply.run(CompletableFuture.java:1744)
03-26 13:17:42.278 27863 27863 E ActivityThread: 	at java.util.concurrent.CompletableFuture$AsyncSupply.exec(CompletableFuture.java:1736)
03-26 13:17:42.278 27863 27863 E ActivityThread: 	at java.util.concurrent.ForkJoinTask.doExec(ForkJoinTask.java:391)
03-26 13:17:42.278 27863 27863 E ActivityThread: 	at java.util.concurrent.ForkJoinPool$WorkQueue.topLevelExec(ForkJoinPool.java:1325)
03-26 13:17:42.278 27863 27863 E ActivityThread: 	at java.util.concurrent.ForkJoinPool.scan(ForkJoinPool.java:1856)
03-26 13:17:42.278 27863 27863 E ActivityThread: 	at java.util.concurrent.ForkJoinPool.runWorker(ForkJoinPool.java:1821)
03-26 13:17:42.278 27863 27863 E ActivityThread: 	at java.util.concurrent.ForkJoinWorkerThread.run(ForkJoinWorkerThread.java:188)
03-26 13:17:42.312  3967  8827 I ActivityManager: Death received, pid = 27863, processName = com.oplus.melody for thread android.os.BinderProxy@2d378c0
03-26 13:17:42.312  3967  8356 I OplusAppSwitchManagerService: hanldeBinderDied
03-26 13:17:42.312  3967  8356 I OplusAppSwitchManagerService: appswitch unregisterAppSwitchObserver pkgName = com.oplus.melody_15557607 config = OplusAppSwitchConfig = {  observerFingerPrint = 147070374}
03-26 13:17:42.312  3967  8356 I OplusAppSwitchStateDispatcher: unregisterAppSwitchObserver ok, pkgName = com.oplus.melody info = OplusAppSwitchRuleInfo = {  observer = null observerFingerPrint = 147070374}
03-26 13:17:42.312  3967  8356 I OplusAppSwitchManagerService: hanldeBinderDied
03-26 13:17:42.312  3967  8356 I OplusAppSwitchManagerService: appswitch unregisterAppSwitchObserver pkgName = com.oplus.melody_15557607 config = OplusAppSwitchConfig = {  observerFingerPrint = 58798577}
03-26 13:17:42.312  3967  8356 I OplusAppSwitchStateDispatcher: unregisterAppSwitchObserver ok, pkgName = com.oplus.melody info = OplusAppSwitchRuleInfo = {  observer = null observerFingerPrint = 58798577}
03-26 13:17:42.312  3967  8356 I OplusAppSwitchManagerService: hanldeBinderDied
03-26 13:17:42.312  3967  8356 I OplusAppSwitchManagerService: appswitch unregisterAppSwitchObserver pkgName = com.oplus.melody_15557607 config = OplusAppSwitchConfig = {  observerFingerPrint = 181221703}
03-26 13:17:42.312  3967  8356 I OplusAppSwitchStateDispatcher: unregisterAppSwitchObserver ok, pkgName = com.oplus.melody info = OplusAppSwitchRuleInfo = {  observer = null observerFingerPrint = 181221703}
03-26 13:17:42.312  3967  8356 I OplusAppSwitchManagerService: hanldeBinderDied
03-26 13:17:42.312  3967  8356 I OplusAppSwitchManagerService: appswitch unregisterAppSwitchObserver pkgName = com.oplus.melody_15557607 config = OplusAppSwitchConfig = {  observerFingerPrint = 117189608}
03-26 13:17:42.312  3967  8356 I OplusAppSwitchStateDispatcher: unregisterAppSwitchObserver ok, pkgName = com.oplus.melody info = OplusAppSwitchRuleInfo = {  observer = null observerFingerPrint = 117189608}
03-26 13:17:42.312  3967  8356 I OplusAppSwitchManagerService: hanldeBinderDied
03-26 13:17:42.312  3967  8356 I OplusAppSwitchManagerService: appswitch unregisterAppSwitchObserver pkgName = com.oplus.melody_15557607 config = OplusAppSwitchConfig = {  observerFingerPrint = 48133763}
03-26 13:17:42.312  3967  8356 I OplusAppSwitchStateDispatcher: unregisterAppSwitchObserver ok, pkgName = com.oplus.melody info = OplusAppSwitchRuleInfo = {  observer = null observerFingerPrint = 48133763}
03-26 13:17:42.312  3967  7954 I ActivityManager: Process com.oplus.melody (pid 27863) has died: svc SVC 
03-26 13:17:42.346  3967  4229 D OplusFloorRefreshRateController: onSeedlingCardStateChange state=1
03-26 13:17:42.366 13445 13490 E ActivityThread: Failed to find provider info for com.oplus.battery.card.event.provider
03-26 13:17:42.451  3967  4317 D VRR [OPlusRefreshRateService]: handleConfigIdChange physicalDisplayId: 4630946640660707475 configId: 6 renderPeriod: 11111111
03-26 13:17:42.451  3967  4317 D VRR [OPlusGameStatusManager]: updateGameState mOSyncFeatureSwitch: false mIsGamePolicy: false
03-26 13:17:42.451  3967  4317 D VRR [OPlusGameStatusManager]: updateGameAccelerationStatus pkgName: com.routepix mOSyncFeatureSwitch: false mIsGamePolicy: false mHeartStop: false mHasFlickerRisk: false mForceAcceleration: false mToastReady: false enable: false
03-26 13:17:42.451  3967  4317 D VRR [OPlusExternalRefreshRateManager]:  Display refreshrate :90 , Switch to OTI-HW 
03-26 13:17:42.501  3967  4317 D VRR [OPlusSAManager]: updateAutoMinfps for 4630946640660707475 with nits: 85.22235, mHistOK true, mAmbientOK true, mCctOK true, mIrOK true, mBrightnessOK true, isPkgOK true, SA min fps: 89
03-26 13:17:42.515  3967  5028 D osense.compress: com.grofers.customerapp do shrink, target ratio = 45, final ratio = 90, cur ratio = 0
03-26 13:17:42.627  3967  5180 V AlarmManager: sending alarm Alarm{6c68a33 type 1 origWhen 1774511262627 whenElapsed 614448654 android} uid 1000 whenElapsed 614448654 windowLength 0 maxWhenElapsed 614448654 repeatInterval 0 action null component null tag StorgaeBandInfoAlarmTag flags 0x9 procName system_server
03-26 13:17:42.667  3967  4247 D ActivityManager: Async freezing 7651 com.oplus.romupdate
03-26 13:17:42.731  3967  4246 I QosScheduler[QoSPolicy]: setSceneQoS begin:false sceneId:5
03-26 13:17:42.805  3967  4251 I ActivityManager: Waited long enough for: ServiceRecord{d142fbf u0 com.oneplus.account/com.platform.usercenter.main.push.AcPushServiceAfterQ c:com.heytap.mcs}
03-26 13:17:42.837  3967  7150 V NetworkPolicy: updateNetworkEnabledNL() return
03-26 13:17:42.837  3967  7150 V NetworkPolicy: updateNotificationsNL not process
03-26 13:17:42.842  3967  7399 D NotificationService--OplusNotificationFixHelper: fixAppIcon: pkg=android
03-26 13:17:42.842  3967  7399 D NotificationService--OplusNotificationFixHelper: fixAppIcon: appIcon = null, pkg = android
03-26 13:17:42.843  3967  7399 I OplusStatusBarManagerServiceEnhance:  getTopIsFullscreen mTopIsFullscreen: false
03-26 13:17:42.843  3967  3967 D NotificationService--OplusNotificationManagerServiceExtImpl: isForwardToAssistants: false, case : Is in mMcsNotInterceptPkgList or is isSystemApp
03-26 13:17:42.843  3967  3967 D NotificationService: This application enqueue notifications is not need postDelayed
03-26 13:17:42.871  3967  5028 D osense.compress: com.zeptoconsumerapp do shrink, target ratio = 45, final ratio = 90, cur ratio = 0
03-26 13:17:42.949  3967  5028 D osense.compress: com.google.android.gms do shrink, target ratio = 35, final ratio = 70, cur ratio = 0
03-26 13:17:43.002  3967  4317 D VRR [OPlusSAManager]: updateAutoMinfps for 4630946640660707475 with nits: 85.22235, mHistOK true, mAmbientOK true, mCctOK true, mIrOK true, mBrightnessOK true, isPkgOK true, SA min fps: 89
03-26 13:17:43.421  3967  4197 D CoreBackPreview: Window{7db8bb7 u0 SeedlingCard}: Setting back callback null
03-26 13:17:43.435  3967  4246 I UserAwareMgr: handleFgAppChanged, pkgName: com.android.systemui, pid: 8050, isVisible: false, fgAppType: FG2
03-26 13:17:43.435  3967 13949 I WindowManager: Window{7db8bb7 u0 SeedlingCard} state from HAS_DRAWN to NO_SURFACE; reason: destroySurface
03-26 13:17:43.437  3967 13949 D InsetsSourceProvider: updateSourceFrameForServerVisibility mandatorySystemGestures EMPTY_RECT
03-26 13:17:43.438  3967 13949 D InsetsSourceProvider: updateSourceFrameForServerVisibility mandatorySystemGestures EMPTY_RECT
03-26 13:17:43.439  3967 13949 D WindowManager: NFW_findFocusedWindowIfNeeded:Window{7393aea u0 com.routepix/com.routepix.MainActivity} mCurrentFocus:Window{7393aea u0 com.routepix/com.routepix.MainActivity}
03-26 13:17:43.443  3967  4229 D OplusFloorRefreshRateController: onSeedlingCardStateChange state=1
03-26 13:17:43.449  3967  4246 I UserAwareMgr: event is already released: SceneEvent{id=3006, maxWorkDurationMs=1000, caller='[systemui]', eventFlags=0, fbPriority=1, keyThreads=[KeyThread{name=UIThread, owner=systemui, schedPolicy=ux, priority=HEAVY, maxThreadCount=1}, KeyThread{name=RenderThread, owner=systemui, schedPolicy=ux, priority=HEAVY, maxThreadCount=1}, KeyThread{name=HwUiTask, owner=systemui, schedPolicy=ux, priority=LIGHT, maxThreadCount=1}], vipBinderGroup=null}, callingPid: 8050, appPid: 0
03-26 13:17:43.462  3967  4229 I AccessibilityWindowsPopulator: getInsensibleFlag flag = 0
03-26 13:17:43.503  3967  4229 I AccessibilityWindowsPopulator: getInsensibleFlag flag = 0
03-26 13:17:43.513  3967  4317 D VRR [OPlusRefreshRateService]: handleConfigIdChange physicalDisplayId: 4630946640660707475 configId: 5 renderPeriod: 16666667
03-26 13:17:43.513  3967  4317 D VRR [OPlusGameStatusManager]: updateGameState mOSyncFeatureSwitch: false mIsGamePolicy: false
03-26 13:17:43.513  3967  4317 D VRR [OPlusGameStatusManager]: updateGameAccelerationStatus pkgName: com.routepix mOSyncFeatureSwitch: false mIsGamePolicy: false mHeartStop: false mHasFlickerRisk: false mForceAcceleration: false mToastReady: false enable: false
03-26 13:17:43.564  3967  4317 D VRR [OPlusSAManager]: updateAutoMinfps for 4630946640660707475 with nits: 85.22235, mHistOK true, mAmbientOK true, mCctOK true, mIrOK true, mBrightnessOK true, isPkgOK true, SA min fps: 119
03-26 13:17:43.677  3967  5162 D ActivityManager: freezing 7823 com.oplus.securityguard
03-26 13:17:43.678  3967  5162 D ActivityManager: Freeze process 7823, not check file locks
03-26 13:17:43.678  3967  5162 D ActivityManager: reportOneUidFrozenStateChanged uid 10535 frozen = true
03-26 13:17:43.963  3967  5028 D osense.compress: com.android.chrome do shrink, target ratio = 45, final ratio = 90, cur ratio = 0
03-26 13:17:44.064  3967  4317 D VRR [OPlusSAManager]: updateAutoMinfps for 4630946640660707475 with nits: 85.22235, mHistOK true, mAmbientOK true, mCctOK true, mIrOK true, mBrightnessOK true, isPkgOK true, SA min fps: 119
03-26 13:17:44.311  3967  5028 D osense.compress: com.openai.chatgpt do shrink, target ratio = 10, final ratio = 20, cur ratio = 0
03-26 13:17:44.315  3967  5028 D osense.compress: money.super.payments do shrink, target ratio = 45, final ratio = 90, cur ratio = 0
03-26 13:17:44.316  3967  5028 D osense.compress: com.linkedin.android do shrink, target ratio = 45, final ratio = 90, cur ratio = 0
03-26 13:17:44.631  3967  5180 V AlarmManager: sending alarm Alarm{19af502 type 1 origWhen 1774511264630 whenElapsed 614450657 android} uid 1000 whenElapsed 614450657 windowLength 0 maxWhenElapsed 614450657 repeatInterval 0 action null component null tag StorgaeBandInfoAlarmTag flags 0x9 procName system_server
03-26 13:17:44.800  3967  5162 D ActivityManager: freezing 7745 com.oplus.safecenter
03-26 13:17:44.870  3967  5162 D ActivityManager: freezing 8073 com.oplus.securitypermission
03-26 13:17:44.903  3967  4305 D OplusFeatureReduceBrightness: setAnimating : animating = false
03-26 13:17:44.903  3967  4305 D OplusBrightnessAmbientAdapter: setAnimating: from true to false
03-26 13:17:44.903  3967  4305 D RampAnimatorExtImpl[display=0][Primary]: onAnimationEnd id[0]=[true],changed=[1476->1476->1488],duration:4514,phaseCounts=[155, 136, 0]
03-26 13:17:44.906  3967  4305 D OplusBiometricsDisplayHelper: isFold: false, isUnblockByFp: null
03-26 13:17:45.412  8667  9570 W ContextImpl: Calling a method in the system process without a qualified user: android.app.ContextImpl.sendBroadcast:1296 android.content.ContextWrapper.sendBroadcast:521 com.oplus.coex.CoexRfService.sendRrcStatusToWlan:437 com.oplus.coex.CoexRfService.-$$Nest$msendRrcStatusToWlan:0 com.oplus.coex.CoexRfService$CoexRfHandler.handleMessage:327 
03-26 13:17:45.758  3967  5162 D ActivityManager: freezing 8418 com.android.DeviceAsWebcam
03-26 13:17:45.802  3967  5162 D ActivityManager: freezing 8440 android.process.media
03-26 13:17:45.803  3967  5162 D ActivityManager: Freeze process 8440, not check file locks
03-26 13:17:45.803  3967  5162 D ActivityManager: reportOneUidFrozenStateChanged uid 10081 frozen = true
03-26 13:17:45.860  3967  7399 D NotificationService--OplusNotificationFixHelper: fixAppIcon: pkg=android
03-26 13:17:45.860  3967  7399 D NotificationService--OplusNotificationFixHelper: fixAppIcon: appIcon = null, pkg = android
03-26 13:17:45.860  3967  7399 I OplusStatusBarManagerServiceEnhance:  getTopIsFullscreen mTopIsFullscreen: false
03-26 13:17:45.860  3967  3967 D NotificationService--OplusNotificationManagerServiceExtImpl: isForwardToAssistants: false, case : Is in mMcsNotInterceptPkgList or is isSystemApp
03-26 13:17:45.860  3967  3967 D NotificationService: This application enqueue notifications is not need postDelayed
03-26 13:17:45.881  3967  5028 D osense.compress: app.revanced.android.gms do shrink, target ratio = 45, final ratio = 90, cur ratio = 0
03-26 13:17:45.881  3967  5028 D osense.compress: com.sec.android.app.shealth do shrink, target ratio = 45, final ratio = 90, cur ratio = 0
03-26 13:17:45.923  3967  5028 D osense.compress: com.jio.myjio do shrink, target ratio = 45, final ratio = 90, cur ratio = 0
03-26 13:17:46.238  3967  5162 D ActivityManager: freezing 8701 com.oplus.lfeh
03-26 13:17:46.383  3967  5162 D ActivityManager: freezing 8631 com.google.android.projection.gearhead:shared
03-26 13:17:46.385  3967  5162 D ActivityManager: Freeze process 8631, not check file locks
03-26 13:17:46.385  3967  5162 D ActivityManager: reportOneUidFrozenStateChanged uid 10114 frozen = true
03-26 13:17:46.403  3967  5028 D osense.compress: com.apollo.patientapp do shrink, target ratio = 45, final ratio = 90, cur ratio = 0
03-26 13:17:46.460  3967  5028 D osense.compress: com.cxinventor.file.explorer do shrink, target ratio = 45, final ratio = 90, cur ratio = 0
03-26 13:17:46.477  3967  5028 D osense.compress: com.truecaller do shrink, target ratio = 45, final ratio = 90, cur ratio = 0
03-26 13:17:46.633  3967  5180 V AlarmManager: sending alarm Alarm{cb6b5f type 1 origWhen 1774511266633 whenElapsed 614452660 android} uid 1000 whenElapsed 614452660 windowLength 0 maxWhenElapsed 614452660 repeatInterval 0 action null component null tag StorgaeBandInfoAlarmTag flags 0x9 procName system_server
03-26 13:17:46.735  1229  7286 I keystore2: system/security/keystore2/watchdog/src/lib.rs:377 - Watchdog thread idle -> terminating. Have a great day.
03-26 13:17:46.751  3967  5028 D osense.compress: com.android.settings do shrink, target ratio = 35, final ratio = 70, cur ratio = 0
03-26 13:17:46.798  3967  7648 D OAppNetControlService: Hans update:[10475=true][0|0] blackList:[10375, 10364, 10384, 10409, 10619, 10453, 10442, 10412, 10451, 10508, 10475]
03-26 13:17:46.860  3967  5162 D ActivityManager: freezing 7800 com.heytap.mcs.appservice
03-26 13:17:46.914  3967  5028 D osense.compress: com.bt.bms do shrink, target ratio = 45, final ratio = 90, cur ratio = 0
03-26 13:17:46.939  3967  5028 D osense.compress: com.oneplus.gallery do shrink, target ratio = 20, final ratio = 40, cur ratio = 0
03-26 13:17:46.963  3967  5028 D osense.compress: com.makemytrip do shrink, target ratio = 45, final ratio = 90, cur ratio = 0
03-26 13:17:46.966  3967  5028 D osense.compress: com.github.android do shrink, target ratio = 45, final ratio = 90, cur ratio = 0
03-26 13:17:46.966  3967  5028 D osense.compress: com.twitter.android do shrink, target ratio = 45, final ratio = 90, cur ratio = 0
03-26 13:17:46.968  3967  5028 D osense.compress: com.instagram.android do shrink, target ratio = 45, final ratio = 90, cur ratio = 0
03-26 13:17:47.193  3967  5028 D osense.compress: com.google.android.googlequicksearchbox do shrink, target ratio = 45, final ratio = 90, cur ratio = 0
03-26 13:17:47.866  3967  5162 D ActivityManager: Freezer deadlock watchdog
03-26 13:17:47.908  3967  4317 D VRR [OPlusGameStatusManager]: handleMessage: 7004
03-26 13:17:47.909  3967  4317 D VRR [OPlusGameStatusManager]: handleBrightnessDone
03-26 13:17:48.417  8667  9570 W ContextImpl: Calling a method in the system process without a qualified user: android.app.ContextImpl.sendBroadcast:1296 android.content.ContextWrapper.sendBroadcast:521 com.oplus.coex.CoexRfService.sendRrcStatusToWlan:437 com.oplus.coex.CoexRfService.-$$Nest$msendRrcStatusToWlan:0 com.oplus.coex.CoexRfService$CoexRfHandler.handleMessage:327 
03-26 13:17:48.637  3967  5180 V AlarmManager: sending alarm Alarm{356a3c8 type 1 origWhen 1774511268636 whenElapsed 614454663 android} uid 1000 whenElapsed 614454663 windowLength 0 maxWhenElapsed 614454663 repeatInterval 0 action null component null tag StorgaeBandInfoAlarmTag flags 0x9 procName system_server
03-26 13:17:48.878  3967  7150 V NetworkPolicy: updateNetworkEnabledNL() return
03-26 13:17:48.878  3967  7150 V NetworkPolicy: updateNotificationsNL not process
03-26 13:17:48.883  3967  7399 D NotificationService--OplusNotificationFixHelper: fixAppIcon: pkg=android
03-26 13:17:48.883  3967  7399 D NotificationService--OplusNotificationFixHelper: fixAppIcon: appIcon = null, pkg = android
03-26 13:17:48.883  3967  7399 I OplusStatusBarManagerServiceEnhance:  getTopIsFullscreen mTopIsFullscreen: false
03-26 13:17:48.883  3967  3967 D NotificationService--OplusNotificationManagerServiceExtImpl: isForwardToAssistants: false, case : Is in mMcsNotInterceptPkgList or is isSystemApp
03-26 13:17:48.883  3967  3967 D NotificationService: This application enqueue notifications is not need postDelayed
03-26 13:17:50.641  3967  5180 V AlarmManager: sending alarm Alarm{fd62355 type 1 origWhen 1774511270640 whenElapsed 614456667 android} uid 1000 whenElapsed 614456667 windowLength 0 maxWhenElapsed 614456667 repeatInterval 0 action null component null tag StorgaeBandInfoAlarmTag flags 0x9 procName system_server
03-26 13:17:51.030  3967  4251 I ActivityManager: Waited long enough for: ServiceRecord{e0054bf u999 com.google.android.gms/.chimera.PersistentIntentOperationService c:com.google.android.gms}
03-26 13:17:51.756  3967  4197 D ActivityManager: Async freezing 7597 com.oneplus.oshare
03-26 13:17:51.793  3967  5028 D osense.compress: com.mixplorer do shrink, target ratio = 45, final ratio = 90, cur ratio = 0
03-26 13:17:51.922  3967  7399 D NotificationService--OplusNotificationFixHelper: fixAppIcon: pkg=android
03-26 13:17:51.922  3967  7399 D NotificationService--OplusNotificationFixHelper: fixAppIcon: appIcon = null, pkg = android
03-26 13:17:51.923  3967  7399 I OplusStatusBarManagerServiceEnhance:  getTopIsFullscreen mTopIsFullscreen: false
03-26 13:17:51.923  3967  3967 D NotificationService--OplusNotificationManagerServiceExtImpl: isForwardToAssistants: false, case : Is in mMcsNotInterceptPkgList or is isSystemApp
03-26 13:17:51.923  3967  3967 D NotificationService: This application enqueue notifications is not need postDelayed
03-26 13:17:52.643  3967  5180 V AlarmManager: sending alarm Alarm{d220227 type 1 origWhen 1774511272643 whenElapsed 614458669 android} uid 1000 whenElapsed 614458669 windowLength 0 maxWhenElapsed 614458669 repeatInterval 0 action null component null tag StorgaeBandInfoAlarmTag flags 0x9 procName system_server
03-26 13:17:52.691  3967  5162 D ActivityManager: freezing 7651 com.oplus.romupdate
03-26 13:17:52.692  3967  5162 D ActivityManager: Freeze process 7651, not check file locks
03-26 13:17:52.692  3967  5162 D ActivityManager: reportOneUidFrozenStateChanged uid 10234 frozen = true
03-26 13:17:54.066  3967 15000 D UsageStatsService: User[999] type=0 b=1774510361450 e=1774511274066 cb=1774443586065 ce=1774510959672 disk=0 all=1
03-26 13:17:54.423  8667  9570 W ContextImpl: Calling a method in the system process without a qualified user: android.app.ContextImpl.sendBroadcast:1296 android.content.ContextWrapper.sendBroadcast:521 com.oplus.coex.CoexRfService.sendRrcStatusToWlan:437 com.oplus.coex.CoexRfService.-$$Nest$msendRrcStatusToWlan:0 com.oplus.coex.CoexRfService$CoexRfHandler.handleMessage:327 
03-26 13:17:54.646  3967  5180 V AlarmManager: sending alarm Alarm{5727579 type 1 origWhen 1774511274645 whenElapsed 614460672 android} uid 1000 whenElapsed 614460672 windowLength 0 maxWhenElapsed 614460672 repeatInterval 0 action null component null tag StorgaeBandInfoAlarmTag flags 0x9 procName system_server
03-26 13:17:54.896  3967  5028 D osense.compress: com.whatsapp do shrink, target ratio = 45, final ratio = 90, cur ratio = 0
03-26 13:17:54.936  3967  7150 V NetworkPolicy: updateNetworkEnabledNL() return
03-26 13:17:54.936  3967  7150 V NetworkPolicy: updateNotificationsNL not process
03-26 13:17:54.939  3967  7399 D NotificationService--OplusNotificationFixHelper: fixAppIcon: pkg=android
03-26 13:17:54.939  3967  7399 D NotificationService--OplusNotificationFixHelper: fixAppIcon: appIcon = null, pkg = android
03-26 13:17:54.940  3967  7399 I OplusStatusBarManagerServiceEnhance:  getTopIsFullscreen mTopIsFullscreen: false
03-26 13:17:54.940  3967  3967 D NotificationService--OplusNotificationManagerServiceExtImpl: isForwardToAssistants: false, case : Is in mMcsNotInterceptPkgList or is isSystemApp
03-26 13:17:54.940  3967  3967 D NotificationService: This application enqueue notifications is not need postDelayed
03-26 13:17:55.269  3967  4261 D CompatChangeReporter: Compat change id reported: 151861875; UID 10385; state: ENABLED
03-26 13:17:55.285  3967  4252 I ActivityManager: Start proc 9774:org.telegram.messenger/u0a385 for broadcast {org.telegram.messenger/com.google.firebase.iid.FirebaseInstanceIdReceiver}
03-26 13:17:55.285  3967  4227 I ActivityManager: ProcessObserver broadcast disabled
03-26 13:17:55.288  3967  4252 W ContextImpl: Calling a method in the system process without a qualified user: android.app.ContextImpl.sendBroadcast:1281 com.android.server.am.OplusAppStartupConfig.sendAbnormalNotify:2301 com.android.server.am.OplusAppStartupConfig.notifyAbnormalInfo:2234 com.android.server.am.OplusAppStartupManager.handleStartAppInfo:5824 com.android.server.am.ProcessListExtImpl.hookHandleProcessStart:338 
03-26 13:17:55.290  3967  8356 D QuickBackInputPolicy: isInMultiWindowMode and isInSplitScreen is: false isZoomMode is: false isMultiWindowModeInPocketStudio is: false isEmbeddedInLauncherActivity is: false
03-26 13:17:55.290  3967  8356 D QuickBackInputPolicy: hasMultiChildrenInTask: false
03-26 13:17:55.290  3967  8356 D QuickBackInputPolicy: shouldTriggerBackKeyEvent focusWin=Window{7393aea u0 com.routepix/com.routepix.MainActivity}, topFullscreenOpaqueWindow=Window{7393aea u0 com.routepix/com.routepix.MainActivity}, mLaunchEndTimePair=Pair{ActivityRecord{144013501 u0 com.routepix/.MainActivity t63037} 361628331}, processRunning=false, timeThreshold is: 800, lastRemoteFromAssistant = false
03-26 13:17:55.290  3967  8356 D QuickBackInputPolicy: canInterceptKeyEventToHome Window:Window{7393aea u0 com.routepix/com.routepix.MainActivity}, do nothing!
03-26 13:17:55.290  3967  4306 D PowerManagerService: userActivityNoUpdateLocked: groupId=0, eventTime=361658681, event=touch, flags=0x0, uid=1000
03-26 13:17:55.292  3967  4306 D PowerManagerService: userActivityNoUpdateLocked: groupId=0, eventTime=361658681, event=touch, flags=0x0, uid=1000
03-26 13:17:55.292  3967  5028 I MemoryOperationUtils: add 9774 to org.telegram.messenger
03-26 13:17:55.297  3967  4246 W QosScheduler: executeSceneQosStrategy failed! qos feature no enable
03-26 13:17:55.299  3967 13955 D QuickBackInputPolicy: isInMultiWindowMode and isInSplitScreen is: false isZoomMode is: false isMultiWindowModeInPocketStudio is: false isEmbeddedInLauncherActivity is: false
03-26 13:17:55.299  3967 13955 D QuickBackInputPolicy: hasMultiChildrenInTask: false
03-26 13:17:55.299  3967 13955 D QuickBackInputPolicy: shouldTriggerBackKeyEvent focusWin=Window{7393aea u0 com.routepix/com.routepix.MainActivity}, topFullscreenOpaqueWindow=Window{7393aea u0 com.routepix/com.routepix.MainActivity}, mLaunchEndTimePair=Pair{ActivityRecord{144013501 u0 com.routepix/.MainActivity t63037} 361628331}, processRunning=false, timeThreshold is: 800, lastRemoteFromAssistant = false
03-26 13:17:55.299  3967 13955 D CoreBackPreview: startBackNavigation currentTask=Task{5664e03 #63037 type=standard A=10622:com.routepix}, topRunningActivity=ActivityRecord{144013501 u0 com.routepix/.MainActivity t63037}, callbackInfo=OnBackInvokedCallbackInfo{mCallback=android.window.IOnBackInvokedCallback$Stub$Proxy@88cde66, mPriority=0, mIsAnimationCallback=false, mOverrideBehavior=0}, currentFocus=Window{7393aea u0 com.routepix/com.routepix.MainActivity}
03-26 13:17:55.299  8050  8095 D ShellBackPreview: Received backNavigationInfo:BackNavigationInfo{mType=TYPE_CALLBACK (4), mOnBackNavigationDone=android.os.RemoteCallback@c99019e, mOnBackInvokedCallback=android.window.IOnBackInvokedCallback$Stub$Proxy@9d8047f, mPrepareRemoteAnimation=false, mAnimationCallback=false, mCustomizeAnimationInfo=null}
03-26 13:17:55.303  3967 13955 V WindowManager: Relayout Window{122d2be u0 ColorSideGestureRight_displayId_0}: viewVisibility=0, oldvis=8, req=165x2657 , apr = 0, vsysui=
03-26 13:17:55.303  3967 13955 I WindowManager: Window{122d2be u0 ColorSideGestureRight_displayId_0} state from NO_SURFACE to DRAW_PENDING; reason: resetDrawState
03-26 13:17:55.304  3967 13955 D InsetsSourceProvider: updateSourceFrameForServerVisibility mandatorySystemGestures EMPTY_RECT
03-26 13:17:55.305  3967 13955 D InsetsSourceProvider: updateSourceFrameForServerVisibility mandatorySystemGestures EMPTY_RECT
03-26 13:17:55.305  3967  5194 D SystemGestures: detectSwipe: 3
03-26 13:17:55.305  3967 13955 D WindowManager: NFW_findFocusedWindowIfNeeded:Window{7393aea u0 com.routepix/com.routepix.MainActivity} mCurrentFocus:Window{7393aea u0 com.routepix/com.routepix.MainActivity}
03-26 13:17:55.306  3967  5194 D WindowManager: request show transient bar, navigationBar already visible
03-26 13:17:55.307  3967  8356 I AccessibilityWindowsPopulator: getInsensibleFlag flag = 0
03-26 13:17:55.309  3967 13955 D ActivityTaskManagerServiceExtImpl: preBindApplication record is null
03-26 13:17:55.309  3967  4197 I WindowManager: Window{122d2be u0 ColorSideGestureRight_displayId_0} state from DRAW_PENDING to COMMIT_DRAW_PENDING; reason: finishDrawingLocked
03-26 13:17:55.310  3967  4230 D InsetsSourceProvider: updateSourceFrameForServerVisibility mandatorySystemGestures EMPTY_RECT
03-26 13:17:55.310  3967  4230 D InsetsSourceProvider: updateSourceFrameForServerVisibility mandatorySystemGestures EMPTY_RECT
03-26 13:17:55.310  3967  4230 I WindowManager: Window{122d2be u0 ColorSideGestureRight_displayId_0} state from COMMIT_DRAW_PENDING to READY_TO_SHOW; reason: commitFinishDrawingLocked
03-26 13:17:55.310  3967  4230 I WindowManager: Window{122d2be u0 ColorSideGestureRight_displayId_0} state from READY_TO_SHOW to HAS_DRAWN; reason: performShowLocked
03-26 13:17:55.313  8050  8595 D LinearmotorVibrator: vibrate: effect=WaveformEffect { a381f50, effectType=1, effectStrength=-1, effectLoop=false, ringtoneVibrateType=-1, isRingtoneCustomized=false, ringtoneFilePath=, strengthSettingEnabled=true, asynchronous=false, usageHint=0 }
03-26 13:17:55.313  3967  4197 I VibratorManagerServiceExtImpl: vibrate is uid=10264, pid=8050, opPkg=com.android.systemui, effect=Mono{mEffect=Composed{segments=[OplusVibrationEffectSegment{mEffectId=1, mEffectStrength=-1, mRingtonePath=''}], repeat=-1}}, attributes=VibrationAttributes{mUsage=UNKNOWN, mAudioUsage= USAGE_UNKNOWN, mFlags=0}, reason=null, token=98055884
03-26 13:17:55.314  3967  5167 W VibrationScaler: Got unexpected vibration intensity: 2400
03-26 13:17:55.314  3967  5167 D VibrationThread: Perform OplusPrebakedSegment{mWaveformId=2, mDuration=45, mEffectStrength=2400, mDefaultUsage=TOUCH} on vibrator 0
03-26 13:17:55.316  9774  9774 V Configuration: Updating configuration, locales updated from [] to [en_IN]
03-26 13:17:55.330  3967  4229 I AccessibilityWindowsPopulator: getInsensibleFlag flag = 0
03-26 13:17:55.340  3967  4252 I ActivityManager: Start proc 9802:com.exteragram.messenger/u0a466 for broadcast {com.exteragram.messenger/com.google.firebase.iid.FirebaseInstanceIdReceiver}
03-26 13:17:55.340  3967  4227 I ActivityManager: ProcessObserver broadcast disabled
03-26 13:17:55.340  3967  5028 I MemoryOperationUtils: add 9802 to com.exteragram.messenger
03-26 13:17:55.354  8050  8095 D ShellBackPreview: Finishing gesture with event action: 1
03-26 13:17:55.354  8050  8095 D ShellBackPreview: onGestureFinished() mTriggerBack == true
03-26 13:17:55.354  8050  8095 D ShellBackPreview: Trigger back without dispatching to animator.
03-26 13:17:55.354  8050  8095 D ShellBackPreview: BackAnimationController: finishBackNavigation()
03-26 13:17:55.355  3967 13949 D CoreBackPreview: onBackNavigationDone backType=4, triggerBack=true
03-26 13:17:55.356  3967  4229 I AccessibilityWindowsPopulator: getInsensibleFlag flag = 0
03-26 13:17:55.367  9774  9774 D ResourcesManagerExtImpl: applyConfigurationToAppResourcesLocked app.getDisplayId() return callback.displayId:-1
03-26 13:17:55.368  3967  4317 D VRR [OPlusRefreshRateService]: handleConfigIdChange physicalDisplayId: 4630946640660707475 configId: 6 renderPeriod: 11111111
03-26 13:17:55.368  3967  4317 D VRR [OPlusGameStatusManager]: updateGameState mOSyncFeatureSwitch: false mIsGamePolicy: false
03-26 13:17:55.368  3967  4317 D VRR [OPlusGameStatusManager]: updateGameAccelerationStatus pkgName: com.routepix mOSyncFeatureSwitch: false mIsGamePolicy: false mHeartStop: false mHasFlickerRisk: false mForceAcceleration: false mToastReady: false enable: false
03-26 13:17:55.368  3967  4317 D VRR [OPlusExternalRefreshRateManager]:  Display refreshrate :90 , Switch to OTI-HW 
03-26 13:17:55.369  9802  9802 V Configuration: Updating configuration, locales updated from [] to [en_IN]
03-26 13:17:55.415  9802  9802 D ResourcesManagerExtImpl: applyConfigurationToAppResourcesLocked app.getDisplayId() return callback.displayId:-1
03-26 13:17:55.417  3967  4317 D VRR [OPlusSAManager]: updateAutoMinfps for 4630946640660707475 with nits: 85.22235, mHistOK true, mAmbientOK true, mCctOK true, mIrOK true, mBrightnessOK true, isPkgOK true, SA min fps: 89
03-26 13:17:55.429  9774  9774 I DisplayManager: Implicitly registering for refresh rate
03-26 13:17:55.434  3967  8356 I ActivityManager: Flag disabled. Ignoring finishAttachApplication from uid: 10385. pid: 9774
03-26 13:17:55.453  3967  8356 W PackageManager: package com.exteragram.messenger uid 10466 pid 9802 call SetEnabledSetting(com.exteragram.messenger component = androidx.work.impl.background.systemjob.SystemJobService, 1, 0)
03-26 13:17:55.458  3967  8356 V WindowManager: Relayout Window{122d2be u0 ColorSideGestureRight_displayId_0}: viewVisibility=8, oldvis=0, req=165x2657 , apr = 0, vsysui=
03-26 13:17:55.458  3967  8356 I WindowManager: Window{122d2be u0 ColorSideGestureRight_displayId_0} state from HAS_DRAWN to NO_SURFACE; reason: destroySurface
03-26 13:17:55.459  3967  8356 D InsetsSourceProvider: updateSourceFrameForServerVisibility mandatorySystemGestures EMPTY_RECT
03-26 13:17:55.460  3967  8356 D InsetsSourceProvider: updateSourceFrameForServerVisibility mandatorySystemGestures EMPTY_RECT
03-26 13:17:55.460  3967  8356 D WindowManager: NFW_findFocusedWindowIfNeeded:Window{7393aea u0 com.routepix/com.routepix.MainActivity} mCurrentFocus:Window{7393aea u0 com.routepix/com.routepix.MainActivity}
03-26 13:17:55.462  3967  4229 I AccessibilityWindowsPopulator: getInsensibleFlag flag = 0
03-26 13:17:55.474  9802  9802 I DisplayManager: Implicitly registering for refresh rate
03-26 13:17:55.502  3967 13955 W ProcessStats: Tracking association SourceState{b14d07f com.exteragram.messenger/10466 Receivr #1864817} whose proc state 10 is better than process ProcessState{997d8fa com.google.android.gms/10136 pkg=com.google.android.gms} proc state 14 (50 skipped)
03-26 13:17:55.522  3967  4229 I AccessibilityWindowsPopulator: getInsensibleFlag flag = 0
03-26 13:17:55.525  3967 13955 I ActivityManager: Flag disabled. Ignoring finishAttachApplication from uid: 10466. pid: 9802
03-26 13:17:55.807  3967  3967 W AccessibilityManagerService:  wait for adding window timeout: 9581
03-26 13:17:55.918  3967  4317 D VRR [OPlusSAManager]: updateAutoMinfps for 4630946640660707475 with nits: 85.22235, mHistOK true, mAmbientOK true, mCctOK true, mIrOK true, mBrightnessOK true, isPkgOK true, SA min fps: 89
03-26 13:17:56.053  3967 13949 D NotificationService--OplusNotificationFixHelper: fixAppIcon: pkg=org.telegram.messenger
03-26 13:17:56.053  3967 13949 D NotificationService--OplusNotificationFixHelper: fixAppIcon: appIcon = null, pkg = org.telegram.messenger
03-26 13:17:56.055  3967 13949 D NotificationService--OplusNotificationFixHelper: fixAppIcon: pkg=org.telegram.messenger
03-26 13:17:56.055  3967 13949 D NotificationService--OplusNotificationFixHelper: fixAppIcon: appIcon = null, pkg = org.telegram.messenger
03-26 13:17:56.057  3967 13949 D NotificationService--OplusNotificationFixHelper: fixAppIcon: pkg=org.telegram.messenger
03-26 13:17:56.057  3967 13949 D NotificationService--OplusNotificationFixHelper: fixAppIcon: appIcon = null, pkg = org.telegram.messenger
03-26 13:17:56.074  3967 13949 D NotificationService--OplusNotificationFixHelper: fixAppIcon: pkg=org.telegram.messenger
03-26 13:17:56.074  3967 13949 D NotificationService--OplusNotificationFixHelper: fixAppIcon: appIcon = null, pkg = org.telegram.messenger
03-26 13:17:56.076  3967 13949 D NotificationService--OplusNotificationFixHelper: fixAppIcon: pkg=org.telegram.messenger
03-26 13:17:56.076  3967 13949 D NotificationService--OplusNotificationFixHelper: fixAppIcon: appIcon = null, pkg = org.telegram.messenger
03-26 13:17:56.077  3967  4306 D PowerManagerService: userActivityNoUpdateLocked: groupId=0, eventTime=361659469, event=touch, flags=0x0, uid=1000
03-26 13:17:56.077  3967  4306 D PowerManagerService: userActivityNoUpdateLocked: groupId=0, eventTime=361659469, event=touch, flags=0x0, uid=1000
03-26 13:17:56.078  3967 13949 D QuickBackInputPolicy: isInMultiWindowMode and isInSplitScreen is: false isZoomMode is: false isMultiWindowModeInPocketStudio is: false isEmbeddedInLauncherActivity is: false
03-26 13:17:56.078  3967 13949 D QuickBackInputPolicy: hasMultiChildrenInTask: false
03-26 13:17:56.078  3967 13949 D QuickBackInputPolicy: shouldTriggerBackKeyEvent focusWin=Window{7393aea u0 com.routepix/com.routepix.MainActivity}, topFullscreenOpaqueWindow=Window{7393aea u0 com.routepix/com.routepix.MainActivity}, mLaunchEndTimePair=Pair{ActivityRecord{144013501 u0 com.routepix/.MainActivity t63037} 361628331}, processRunning=false, timeThreshold is: 800, lastRemoteFromAssistant = false
03-26 13:17:56.078  3967 13949 D QuickBackInputPolicy: canInterceptKeyEventToHome Window:Window{7393aea u0 com.routepix/com.routepix.MainActivity}, do nothing!
03-26 13:17:56.078  3967 13949 D NotificationService--OplusNotificationFixHelper: fixAppIcon: pkg=org.telegram.messenger
03-26 13:17:56.078  3967 13949 D NotificationService--OplusNotificationFixHelper: fixAppIcon: appIcon = null, pkg = org.telegram.messenger
03-26 13:17:56.080  3967 13949 D ShortcutService: rescanPackageIfNeeded 0@org.telegram.messenger, forceRescan=false , isNewApp=false
03-26 13:17:56.084  3967 13949 D ShortcutService: rescanPackageIfNeeded 0@org.telegram.messenger, forceRescan=false , isNewApp=false
03-26 13:17:56.086  3967 13949 D NotificationService--OplusNotificationFixHelper: fixAppIcon: pkg=org.telegram.messenger
03-26 13:17:56.086  3967 13949 D NotificationService--OplusNotificationFixHelper: fixAppIcon: appIcon = null, pkg = org.telegram.messenger
03-26 13:17:56.087  3967 13949 D ShortcutService: Getting shortcuts for launcher= androiduserId=0 pkg=org.telegram.messenger
03-26 13:17:56.088  3967 13949 D ShortcutService: rescanPackageIfNeeded 0@org.telegram.messenger, forceRescan=false , isNewApp=false
03-26 13:17:56.092  3967 13949 D NotificationService--OplusNotificationFixHelper: fixAppIcon: pkg=org.telegram.messenger
03-26 13:17:56.092  3967 13949 D NotificationService--OplusNotificationFixHelper: fixAppIcon: appIcon = null, pkg = org.telegram.messenger
03-26 13:17:56.130  3967 13949 D NotificationService--OplusNotificationFixHelper: fixAppIcon: pkg=com.exteragram.messenger
03-26 13:17:56.130  3967 13949 D NotificationService--OplusNotificationFixHelper: fixAppIcon: appIcon = null, pkg = com.exteragram.messenger
03-26 13:17:56.131  3967 13949 I OplusStatusBarManagerServiceEnhance:  getTopIsFullscreen mTopIsFullscreen: false
03-26 13:17:56.131  3967 13949 W ActivityManager: Permission Denial: getTopApplicationInfo from pid=9802, uid=10466 requires oplus.permission.OPLUS_COMPONENT_SAFE
03-26 13:17:56.132  3967  3967 D NotificationService--OplusNotificationManagerServiceExtImpl: isForwardToAssistants: true, case : Is local notification
03-26 13:17:56.132  3967  3967 D NotificationService: This application enqueue notifications is need postDelayed mcsAssistantDelayTime: 200
03-26 13:17:56.133  3967  3967 I OplusStatusBarManagerServiceEnhance:  getTopIsFullscreen mTopIsFullscreen: false
03-26 13:17:56.134  3967  3967 I AS.AudioService: shouldNotificationSoundPlay false: muted stream:5 attr:AudioAttributes: usage=USAGE_NOTIFICATION content=CONTENT_TYPE_SONIFICATION flags=0x800 tags= bundle=null
03-26 13:17:56.134  3967  3967 D NotifAttentionHelper: Not playing sound content://settings/system/notification_sound due to focus/volume
03-26 13:17:56.134  3967  3967 D NotifAttentionHelper: vibrateLinearmotorIfNeed, content://settings/system/notification_sound
03-26 13:17:56.138  3967  4246 W QosSceneRecognizer[NotificationScene]: get pid failed while enterNotificationScene, processInfos is null! uid: -1
03-26 13:17:56.147  8050  8095 D ShellBackPreview: Finishing gesture with event action: 1
03-26 13:17:56.147  8050  8095 D ShellBackPreview: onGestureFinished() mTriggerBack == false
03-26 13:17:56.148  8050  8095 D ShellBackPreview: BackAnimationController: finishBackNavigation()
03-26 13:17:56.148  3967  4246 I UserAwareMgr: event is already released: SceneEvent{id=3001, maxWorkDurationMs=15000, caller='[systemui]', eventFlags=0, fbPriority=1, keyThreads=[KeyThread{name=GestureUI, owner=systemui, schedPolicy=ux, priority=HEAVY, maxThreadCount=1}, KeyThread{name=RenderThread, owner=systemui, schedPolicy=ux, priority=HEAVY, maxThreadCount=1}, KeyThread{name=HwUiTask, owner=systemui, schedPolicy=ux, priority=LIGHT, maxThreadCount=1}], vipBinderGroup=null}, callingPid: 8050, appPid: 0
03-26 13:17:56.148  3967  4306 D PowerManagerService: userActivityNoUpdateLocked: groupId=0, eventTime=361659469, event=touch, flags=0x0, uid=1000
03-26 13:17:56.149  3967  4306 D PowerManagerService: userActivityNoUpdateLocked: groupId=0, eventTime=361659469, event=touch, flags=0x0, uid=1000
03-26 13:17:56.188  3967  7332 D ShortcutService: Saving package item org.telegram.messenger to /data/system_ce/0/shortcut_service/packages/org.telegram.messenger.xml
03-26 13:17:56.188  3967  4226 W UserManagerService: onShortcutChanged for another profile 0 from 999
03-26 13:17:56.188  3967  4226 D ShortcutService: Getting shortcuts for launcher= com.google.android.asuserId=0 pkg=org.telegram.messenger
03-26 13:17:56.189  3967  7332 D ShortcutService: Persisting shortcuts from 0@org.telegram.messenger
03-26 13:17:56.189  3967  7332 D ShortcutService: did3_6575200359 [DynIc-rStr]
03-26 13:17:56.189  3967  7332 D ShortcutService: did3_1676861242 [DynIc-rStr]
03-26 13:17:56.189  3967  7332 D ShortcutService: did3_6096310602 [DynIc-rStr]
03-26 13:17:56.189  3967  7332 D ShortcutService: did3_6491314381 [DynIc-rStr]
03-26 13:17:56.189  3967  7332 D ShortcutService: did3_6373926729 [DynIc-rStr]
03-26 13:17:56.189  3967  7332 D ShortcutService: did3_8337090925 [DynIc-rStr]
03-26 13:17:56.189  3967  7332 D ShortcutService: did3_6688555335 [DynIc-rStr]
03-26 13:17:56.189  3967  7332 D ShortcutService: compose [DynIc-rStr]
03-26 13:17:56.189  3967  7332 D ShortcutService: did3_1421393698 [DynIc-rStr]
03-26 13:17:56.190  3967  4226 D ShortcutService: Getting shortcuts for launcher= com.android.systemuiuserId=0 pkg=org.telegram.messenger
03-26 13:17:56.190  3967  4226 D ShortcutService: Getting shortcuts for launcher= com.android.launcheruserId=0 pkg=org.telegram.messenger
03-26 13:17:56.200  3967  7824 I ActivityManager: com.android.providers.contacts is exempt from freezer
03-26 13:17:56.211  3967  4252 I ActivityManager: Start proc 10366:android.process.acore/u0a83 for content provider {com.android.providers.contacts/com.android.providers.contacts.ContactsProvider2}
03-26 13:17:56.211  3967  4227 I ActivityManager: ProcessObserver broadcast disabled
03-26 13:17:56.211  3967  5028 I MemoryOperationUtils: add 10366 to inactive
03-26 13:17:56.214  3967 13949 D NotificationService--OplusNotificationFixHelper: fixAppIcon: pkg=org.telegram.messenger
03-26 13:17:56.214  3967 13949 D NotificationService--OplusNotificationFixHelper: fixAppIcon: appIcon = null, pkg = org.telegram.messenger
03-26 13:17:56.218  3967 13949 D NotificationService--OplusNotificationFixHelper: fixAppIcon: pkg=org.telegram.messenger
03-26 13:17:56.218  3967 13949 D NotificationService--OplusNotificationFixHelper: fixAppIcon: appIcon = null, pkg = org.telegram.messenger
03-26 13:17:56.220  3967 13949 D NotificationService--OplusNotificationFixHelper: fixAppIcon: pkg=org.telegram.messenger
03-26 13:17:56.220  3967 13949 D NotificationService--OplusNotificationFixHelper: fixAppIcon: appIcon = null, pkg = org.telegram.messenger
03-26 13:17:56.223  3967 13949 D NotificationService--OplusNotificationFixHelper: fixAppIcon: pkg=org.telegram.messenger
03-26 13:17:56.223  3967 13949 D NotificationService--OplusNotificationFixHelper: fixAppIcon: appIcon = null, pkg = org.telegram.messenger
03-26 13:17:56.225  3967 13949 D NotificationService--OplusNotificationFixHelper: fixAppIcon: pkg=org.telegram.messenger
03-26 13:17:56.225  3967 13949 D NotificationService--OplusNotificationFixHelper: fixAppIcon: appIcon = null, pkg = org.telegram.messenger
03-26 13:17:56.227  3967 13949 D NotificationService--OplusNotificationFixHelper: fixAppIcon: pkg=org.telegram.messenger
03-26 13:17:56.227  3967 13949 D NotificationService--OplusNotificationFixHelper: fixAppIcon: appIcon = null, pkg = org.telegram.messenger
03-26 13:17:56.229  3967 13949 D ShortcutService: rescanPackageIfNeeded 0@org.telegram.messenger, forceRescan=false , isNewApp=false
03-26 13:17:56.231  3967 13949 D ShortcutService: rescanPackageIfNeeded 0@org.telegram.messenger, forceRescan=false , isNewApp=false
03-26 13:17:56.233  3967 13949 D NotificationService--OplusNotificationFixHelper: fixAppIcon: pkg=org.telegram.messenger
03-26 13:17:56.233  3967 13949 D NotificationService--OplusNotificationFixHelper: fixAppIcon: appIcon = null, pkg = org.telegram.messenger
03-26 13:17:56.234  3967 13949 D ShortcutService: Getting shortcuts for launcher= androiduserId=0 pkg=org.telegram.messenger
03-26 13:17:56.234  3967 13949 D ShortcutService: rescanPackageIfNeeded 0@org.telegram.messenger, forceRescan=false , isNewApp=false
03-26 13:17:56.239  3967 13949 D NotificationService--OplusNotificationFixHelper: fixAppIcon: pkg=org.telegram.messenger
03-26 13:17:56.239  3967 13949 D NotificationService--OplusNotificationFixHelper: fixAppIcon: appIcon = null, pkg = org.telegram.messenger
03-26 13:17:56.242  3967  7824 D ActivityTaskManagerServiceExtImpl: preBindApplication record is null
03-26 13:17:56.249 10366 10366 V Configuration: Updating configuration, locales updated from [] to [en_IN]
03-26 13:17:56.273 10366 10366 D ResourcesManagerExtImpl: applyConfigurationToAppResourcesLocked app.getDisplayId() return callback.displayId:-1
03-26 13:17:56.289 10366 10366 D OplusInputMethodUtil: init sDebug to false, init sDebugIme to false, init sAlwaysOn to false
03-26 13:17:56.289 10366 10366 D OplusInputMethodUtil: updateDebugToClass InputMethodManager.DEBUG = false
03-26 13:17:56.289 10366 10366 D OplusInputMethodUtil: updateDebugToClass ImeFocusController.DEBUG = false
03-26 13:17:56.289 10366 10366 D OplusInputMethodUtil: updateDebugToClass OnBackInvokedDispatcher.DEBUG = false
03-26 13:17:56.289 10366 10366 D OplusInputMethodUtil: updateDebugToClass InsetsController.DEBUG = false
03-26 13:17:56.289 10366 10366 D OplusInputMethodUtil: updateDebugToClass BaseInputConnection.DEBUG = false
03-26 13:17:56.333  3967  4197 D BiometricService: canAuthenticate: User=0, Caller=0, Authenticators=15, opPackageName=com.android.vending
03-26 13:17:56.334  3967  4197 E OplusCustomizeRestrictionManagerService: isBiometricDisabled start
03-26 13:17:56.334  3967  4197 D BiometricService/PreAuthInfo: Package: com.android.vending Sensor ID: 1 Modality: 2 User id: 0 Status: 1
