03-26 13:18:04.448  3967  4229 I AccessibilityWindowsPopulator: getInsensibleFlag flag = 0
03-26 13:18:04.650  3967  5180 V AlarmManager: sending alarm Alarm{d9a87cb type 1 origWhen 1774511284650 whenElapsed 614470677 android} uid 1000 whenElapsed 614470677 windowLength 0 maxWhenElapsed 614470677 repeatInterval 0 action null component null tag StorgaeBandInfoAlarmTag flags 0x9 procName system_server
03-26 13:18:04.704  3967  3967 W AccessibilityManagerService:  wait for adding window timeout: 9581
03-26 13:18:05.335  3967  4317 D VRR [OPlusRefreshRateService]: handleConfigIdChange physicalDisplayId: 4630946640660707475 configId: 5 renderPeriod: 16666667
03-26 13:18:05.335  3967  4317 D VRR [OPlusGameStatusManager]: updateGameState mOSyncFeatureSwitch: false mIsGamePolicy: false
03-26 13:18:05.335  3967  4317 D VRR [OPlusGameStatusManager]: updateGameAccelerationStatus pkgName: com.github.android mOSyncFeatureSwitch: false mIsGamePolicy: false mHeartStop: false mHasFlickerRisk: false mForceAcceleration: false mToastReady: false enable: false
03-26 13:18:05.386  3967  4317 D VRR [OPlusSAManager]: updateAutoMinfps for 4630946640660707475 with nits: 85.22235, mHistOK true, mAmbientOK true, mCctOK true, mIrOK true, mBrightnessOK true, isPkgOK true, SA min fps: 119
03-26 13:18:05.492  3967  4246 W QosScheduler: executeSceneQosStrategy failed! qos feature no enable
03-26 13:18:05.625  3967  7910 W ProcessStats: Tracking association SourceState{9e750f0 com.github.android/10619 BTop #1864905} whose proc state 2 is better than process ProcessState{997d8fa com.google.android.gms/10136 pkg=com.google.android.gms} proc state 14 (125 skipped)
03-26 13:18:05.647  3967  4252 I ActivityManager: Start proc 10907:app.revanced.android.photos/u0a380 for service {app.revanced.android.photos/com.google.android.libraries.social.mediamonitor.MediaMonitorJobSchedulerService}
03-26 13:18:05.647  3967  4227 I ActivityManager: ProcessObserver broadcast disabled
03-26 13:18:05.647  3967  5028 I MemoryOperationUtils: add 10907 to app.revanced.android.photos
03-26 13:18:05.655  3967  4252 I ActivityManager: Start proc 10908:com.adobe.reader/u0a532 for service {com.adobe.reader/com.adobe.reader.services.downloadsMonitor.ARFileChangeObserverService}
03-26 13:18:05.655  3967  4227 I ActivityManager: ProcessObserver broadcast disabled
03-26 13:18:05.656  3967  5028 I MemoryOperationUtils: add 10908 to com.adobe.reader
03-26 13:18:05.664  3967  8754 D ActivityTaskManagerServiceExtImpl: preBindApplication record is null
03-26 13:18:05.669  3967  8754 D ActivityTaskManagerServiceExtImpl: preBindApplication record is null
03-26 13:18:05.670  3967  4252 I ActivityManager: Start proc 10928:com.google.android.apps.nbu.files/u0a126 for service {com.google.android.apps.nbu.files/androidx.work.impl.background.systemjob.SystemJobService}
03-26 13:18:05.671  3967  5028 I MemoryOperationUtils: add 10928 to com.google.android.apps.nbu.files
03-26 13:18:05.671 10907 10907 V Configuration: Updating configuration, locales updated from [] to [en_IN]
03-26 13:18:05.671  3967  4227 I ActivityManager: ProcessObserver broadcast disabled
03-26 13:18:05.673 10908 10908 V Configuration: Updating configuration, locales updated from [] to [en_IN]
03-26 13:18:05.680  3967  8200 D ActivityTaskManagerServiceExtImpl: preBindApplication record is null
03-26 13:18:05.685 10928 10928 V Configuration: Updating configuration, locales updated from [] to [en_IN]
03-26 13:18:05.704  3967  5028 D osense.compress: com.whatsapp do shrink, target ratio = 45, final ratio = 90, cur ratio = 0
03-26 13:18:05.728 10907 10907 D ResourcesManagerExtImpl: applyConfigurationToAppResourcesLocked app.getDisplayId() return callback.displayId:-1
03-26 13:18:05.731 10928 10928 D ResourcesManagerExtImpl: applyConfigurationToAppResourcesLocked app.getDisplayId() return callback.displayId:-1
03-26 13:18:05.758 10908 10908 D ResourcesManagerExtImpl: applyConfigurationToAppResourcesLocked app.getDisplayId() return callback.displayId:-1
03-26 13:18:05.763  3967  8753 I ActivityManager: Flag disabled. Ignoring finishAttachApplication from uid: 10126. pid: 10928
03-26 13:18:05.770  3967  4306 D PowerManagerService: userActivityNoUpdateLocked: groupId=0, eventTime=361669161, event=touch, flags=0x0, uid=1000
03-26 13:18:05.771  3967  4306 D PowerManagerService: userActivityNoUpdateLocked: groupId=0, eventTime=361669161, event=touch, flags=0x0, uid=1000
03-26 13:18:05.800  3967  4246 W QosScheduler: executeSceneQosStrategy failed! qos feature no enable
03-26 13:18:05.844  3967  4317 D VRR [OPlusRefreshRateService]: handleConfigIdChange physicalDisplayId: 4630946640660707475 configId: 6 renderPeriod: 11111111
03-26 13:18:05.844  3967  4317 D VRR [OPlusGameStatusManager]: updateGameState mOSyncFeatureSwitch: false mIsGamePolicy: false
03-26 13:18:05.844  3967  4317 D VRR [OPlusGameStatusManager]: updateGameAccelerationStatus pkgName: com.github.android mOSyncFeatureSwitch: false mIsGamePolicy: false mHeartStop: false mHasFlickerRisk: false mForceAcceleration: false mToastReady: false enable: false
03-26 13:18:05.844  3967  4317 D VRR [OPlusExternalRefreshRateManager]:  Display refreshrate :90 , Switch to OTI-HW 
03-26 13:18:05.860  3967  8753 I ActivityManager: Flag disabled. Ignoring finishAttachApplication from uid: 10380. pid: 10907
03-26 13:18:05.880  3967  5028 D osense.compress: app.revanced.android.gms do shrink, target ratio = 45, final ratio = 90, cur ratio = 0
03-26 13:18:05.881  3967  5028 D osense.compress: com.sec.android.app.shealth do shrink, target ratio = 45, final ratio = 90, cur ratio = 0
03-26 13:18:05.890  3967  4317 D VRR [OPlusSAManager]: updateAutoMinfps for 4630946640660707475 with nits: 85.22235, mHistOK true, mAmbientOK true, mCctOK true, mIrOK true, mBrightnessOK true, isPkgOK true, SA min fps: 89
03-26 13:18:05.896  3967  4317 D VRR [OPlusSAManager]: updateAutoMinfps for 4630946640660707475 with nits: 85.22235, mHistOK true, mAmbientOK true, mCctOK true, mIrOK true, mBrightnessOK true, isPkgOK true, SA min fps: 89
03-26 13:18:05.914 10907 11041 E OplusCustomizeRestrictionManager: sInstance is null, start a new sInstance
03-26 13:18:05.923  3967  5028 D osense.compress: com.jio.myjio do shrink, target ratio = 45, final ratio = 90, cur ratio = 0
03-26 13:18:06.005  3967 14003 W JobScheduler: Job didn't exist in JobStore: #app.revanced.android.photos/1034
03-26 13:18:06.024  3967 13949 W UriGrantsManagerService: No permission grants found for app.revanced.android.photos
03-26 13:18:06.024  3967 13949 W UriGrantsManagerService: No permission grants found for app.revanced.android.photos
03-26 13:18:06.187  3967 14003 W PackageManager: package com.adobe.reader uid 10532 pid 10908 call SetEnabledSetting(com.adobe.reader component = androidx.work.impl.background.systemjob.SystemJobService, 1, 0)
03-26 13:18:06.243  3967  8754 W PackageManager: package com.adobe.reader uid 10532 pid 10908 call SetEnabledSetting(com.adobe.reader component = com.adobe.reader.share.ARShareIntentListenerActivity, 1, 0)
03-26 13:18:06.244  3967  8754 W PackageManager: package com.adobe.reader uid 10532 pid 10908 call SetEnabledSetting(com.adobe.reader component = com.adobe.reader.services.cpdf.AROpenPDFAliasForModernExtensions, 1, 0)
03-26 13:18:06.245  3967  8754 W PackageManager: package com.adobe.reader uid 10532 pid 10908 call SetEnabledSetting(com.adobe.reader component = com.adobe.reader.share.ARMultiDocAssistantWithImagesForFreeUser, 2, 0)
03-26 13:18:06.245  3967  8754 W PackageManager: package com.adobe.reader uid 10532 pid 10908 call SetEnabledSetting(com.adobe.reader component = com.adobe.reader.share.ARMultiDocAssistant, 2, 0)
03-26 13:18:06.245  3967  8754 W PackageManager: package com.adobe.reader uid 10532 pid 10908 call SetEnabledSetting(com.adobe.reader component = com.adobe.reader.share.ARMultiDocAssistantWithImagesForPaidUser, 2, 0)
03-26 13:18:06.250  3967  8754 W PackageManager: package com.adobe.reader uid 10532 pid 10908 call SetEnabledSetting(com.adobe.reader component = com.adobe.reader.share.KWAddToWorkspaceIntent, 1, 0)
03-26 13:18:06.251  3967  8754 W PackageManager: package com.adobe.reader uid 10532 pid 10908 call SetEnabledSetting(com.adobe.reader component = com.adobe.reader.services.cpdf.ARCreatePDFAliasForImages, 2, 0)
03-26 13:18:06.251  3967  8754 W PackageManager: package com.adobe.reader uid 10532 pid 10908 call SetEnabledSetting(com.adobe.reader component = com.adobe.reader.services.cpdf.ARExtractText, 2, 0)
03-26 13:18:06.252  3967  8754 W PackageManager: package com.adobe.reader uid 10532 pid 10908 call SetEnabledSetting(com.adobe.reader component = com.adobe.reader.services.cpdf.AROpenIntentCreatePDFWithGifOrPSType, 2, 0)
03-26 13:18:06.252  3967  8754 W PackageManager: package com.adobe.reader uid 10532 pid 10908 call SetEnabledSetting(com.adobe.reader component = com.adobe.reader.services.cpdf.ARCreatePDFAliasForModernExtensions, 2, 0)
03-26 13:18:06.252  3967  8754 W PackageManager: package com.adobe.reader uid 10532 pid 10908 call SetEnabledSetting(com.adobe.reader component = com.adobe.reader.services.editpdf.ARExtractTextForModernExtensions, 2, 0)
03-26 13:18:06.253  3967  8754 W PackageManager: package com.adobe.reader uid 10532 pid 10908 call SetEnabledSetting(com.adobe.reader component = com.adobe.reader.share.EditImageIntent, 1, 0)
03-26 13:18:06.253  3967  8754 W PackageManager: package com.adobe.reader uid 10532 pid 10908 call SetEnabledSetting(com.adobe.reader component = com.adobe.reader.services.cpdf.AROpenIntentCreatePDF, 1, 0)
03-26 13:18:06.254  3967  8754 W PackageManager: package com.adobe.reader uid 10532 pid 10908 call SetEnabledSetting(com.adobe.reader component = com.adobe.reader.services.cpdf.AROpenIntentCreatePDFWithGifOrPSType, 2, 0)
03-26 13:18:06.255  3967  8754 W PackageManager: package com.adobe.reader uid 10532 pid 10908 call SetEnabledSetting(com.adobe.reader component = com.adobe.reader.services.cpdf.ARShareIntentFillAndSignPDF, 2, 0)
03-26 13:18:06.255  3967  8754 W PackageManager: package com.adobe.reader uid 10532 pid 10908 call SetEnabledSetting(com.adobe.reader component = com.adobe.reader.services.cpdf.AROpenIntentFillAndSignPDF, 2, 0)
03-26 13:18:06.263  3967  8754 W PackageManager: package com.adobe.reader uid 10532 pid 10908 call SetEnabledSetting(com.adobe.reader component = com.adobe.reader.open.AROpenIntentEditPDFActivity, 1, 0)
03-26 13:18:06.268  3967  8754 I ActivityManager: Flag disabled. Ignoring finishAttachApplication from uid: 10532. pid: 10908
03-26 13:18:06.290  3967  8826 W JobScheduler: Job didn't exist in JobStore: #com.adobe.reader/1003
03-26 13:18:06.349  3967 13949 D TextToSpeechManagerPerUserService: Trying to start connection to TTS engine: com.google.android.tts
03-26 13:18:06.351  3967 13949 W PackageManager: package com.adobe.reader uid 10532 pid 10908 call SetEnabledSetting(com.adobe.reader component = com.adobe.libs.installpromotion.IntentCheckPSXView, 2, 0)
03-26 13:18:06.351  3967 13949 W PackageManager: package com.adobe.reader uid 10532 pid 10908 call SetEnabledSetting(com.adobe.reader component = com.adobe.libs.installpromotion.IntentCheckPSXSend, 2, 0)
03-26 13:18:06.351  3967 13949 W PackageManager: package com.adobe.reader uid 10532 pid 10908 call SetEnabledSetting(com.adobe.reader component = com.adobe.libs.installpromotion.IntentCheckScan, 2, 0)
03-26 13:18:06.351  3967 13949 W PackageManager: package com.adobe.reader uid 10532 pid 10908 call SetEnabledSetting(com.adobe.reader component = com.adobe.libs.installpromotion.IntentCheckPSXEdit, 2, 0)
03-26 13:18:06.366  3967  4252 I ActivityManager: Start proc 11411:com.google.android.tts/u0a194 for service {com.google.android.tts/com.google.android.apps.speech.tts.googletts.service.GoogleTtsService}
03-26 13:18:06.366  3967  4227 I ActivityManager: ProcessObserver broadcast disabled
03-26 13:18:06.367  3967  5028 I MemoryOperationUtils: add 11411 to inactive
03-26 13:18:06.381  3967 13949 D ActivityTaskManagerServiceExtImpl: preBindApplication record is null
03-26 13:18:06.387 11411 11411 V Configuration: Updating configuration, locales updated from [] to [en_IN]
03-26 13:18:06.389  3967 15000 D UsageStatsService: User[0] type=0 b=1774511165239 e=1774511286389 cb=1774461413022 ce=1774511285386 disk=0 all=52
03-26 13:18:06.397  3967  4317 D VRR [OPlusSAManager]: updateAutoMinfps for 4630946640660707475 with nits: 85.22235, mHistOK true, mAmbientOK true, mCctOK true, mIrOK true, mBrightnessOK true, isPkgOK true, SA min fps: 89
03-26 13:18:06.403  3967  5028 D osense.compress: com.apollo.patientapp do shrink, target ratio = 45, final ratio = 90, cur ratio = 0
03-26 13:18:06.408 11411 11411 D ResourcesManagerExtImpl: applyConfigurationToAppResourcesLocked app.getDisplayId() return callback.displayId:-1
03-26 13:18:06.410  3967  4306 D PowerManagerService: userActivityNoUpdateLocked: groupId=0, eventTime=361669803, event=touch, flags=0x0, uid=1000
03-26 13:18:06.411  3967  4306 D PowerManagerService: userActivityNoUpdateLocked: groupId=0, eventTime=361669803, event=touch, flags=0x0, uid=1000
03-26 13:18:06.424  3967 14003 I ActivityManager: Flag disabled. Ignoring finishAttachApplication from uid: 10194. pid: 11411
03-26 13:18:06.441  3967  8354 D StorageStatsService: getFreeBytes: 28403183616
03-26 13:18:06.477  3967  5028 D osense.compress: com.truecaller do shrink, target ratio = 45, final ratio = 90, cur ratio = 0
03-26 13:18:06.633  3967  3967 D TextToSpeechManagerPerUserService: Connected successfully to TTS engine: com.google.android.tts
03-26 13:18:06.651  3967  5180 V AlarmManager: sending alarm Alarm{b4f5d17 type 1 origWhen 1774511286651 whenElapsed 614472678 android} uid 1000 whenElapsed 614472678 windowLength 0 maxWhenElapsed 614472678 repeatInterval 0 action null component null tag StorgaeBandInfoAlarmTag flags 0x9 procName system_server
03-26 13:18:06.717  3967 14003 W UriGrantsManagerService: No permission grants found for app.revanced.android.photos
03-26 13:18:06.717  3967 14003 W UriGrantsManagerService: No permission grants found for app.revanced.android.photos
03-26 13:18:06.735  3967 14003 W UriGrantsManagerService: No permission grants found for app.revanced.android.photos
03-26 13:18:06.735  3967 14003 W UriGrantsManagerService: No permission grants found for app.revanced.android.photos
03-26 13:18:06.842  3967 14003 D BiometricService: canAuthenticate: User=0, Caller=0, Authenticators=15, opPackageName=com.android.vending
03-26 13:18:06.842  3967 14003 E OplusCustomizeRestrictionManagerService: isBiometricDisabled start
03-26 13:18:06.842  3967 14003 D BiometricService/PreAuthInfo: Package: com.android.vending Sensor ID: 1 Modality: 2 User id: 0 Status: 1
03-26 13:18:06.842  3967 14003 E OplusCustomizeRestrictionManagerService: isBiometricDisabled start
03-26 13:18:06.842  3967 14003 D BiometricService/PreAuthInfo: Package: com.android.vending Sensor ID: 4 Modality: 8 User id: 0 Status: 4
03-26 13:18:06.842  3967 14003 D BiometricService/PreAuthInfo: getCanAuthenticateInternal Modality: 2 AuthenticatorStatus: 1
03-26 13:18:06.842  3967 14003 D AuthService: canAuthenticate, userId: 0, callingUserId: 0, authenticators: 15, result: 0
03-26 13:18:06.842  3967 14003 D BiometricService: canAuthenticate: User=0, Caller=0, Authenticators=32768, opPackageName=com.android.vending
03-26 13:18:06.842  3967 14003 D BiometricService/PreAuthInfo: getCanAuthenticateInternal Modality: 1 AuthenticatorStatus: 1
03-26 13:18:06.842  3967 14003 D AuthService: canAuthenticate, userId: 0, callingUserId: 0, authenticators: 32768, result: 0
03-26 13:18:06.842  3967 14003 D BiometricService: canAuthenticate: User=0, Caller=0, Authenticators=15, opPackageName=com.android.vending
03-26 13:18:06.842  3967 14003 E OplusCustomizeRestrictionManagerService: isBiometricDisabled start
03-26 13:18:06.842  3967 14003 D BiometricService/PreAuthInfo: Package: com.android.vending Sensor ID: 1 Modality: 2 User id: 0 Status: 1
03-26 13:18:06.842  3967 14003 E OplusCustomizeRestrictionManagerService: isBiometricDisabled start
03-26 13:18:06.842  3967 14003 D BiometricService/PreAuthInfo: Package: com.android.vending Sensor ID: 4 Modality: 8 User id: 0 Status: 4
03-26 13:18:06.842  3967 14003 D BiometricService/PreAuthInfo: getCanAuthenticateInternal Modality: 2 AuthenticatorStatus: 1
03-26 13:18:06.842  3967 14003 D AuthService: canAuthenticate, userId: 0, callingUserId: 0, authenticators: 15, result: 0
03-26 13:18:06.843  3967 14003 D BiometricService: canAuthenticate: User=0, Caller=0, Authenticators=15, opPackageName=com.android.vending
03-26 13:18:06.843  3967 14003 E OplusCustomizeRestrictionManagerService: isBiometricDisabled start
03-26 13:18:06.843  3967 14003 D BiometricService/PreAuthInfo: Package: com.android.vending Sensor ID: 1 Modality: 2 User id: 0 Status: 1
03-26 13:18:06.843  3967 14003 E OplusCustomizeRestrictionManagerService: isBiometricDisabled start
03-26 13:18:06.843  3967 14003 D BiometricService/PreAuthInfo: Package: com.android.vending Sensor ID: 4 Modality: 8 User id: 0 Status: 4
03-26 13:18:06.843  3967 14003 D BiometricService/PreAuthInfo: getCanAuthenticateInternal Modality: 2 AuthenticatorStatus: 1
03-26 13:18:06.843  3967 14003 D AuthService: canAuthenticate, userId: 0, callingUserId: 0, authenticators: 15, result: 0
03-26 13:18:06.854  3967  8754 E OplusCustomizeRestrictionManagerService: isBiometricDisabled start
03-26 13:18:06.854  3967  8754 D BiometricService: Sensor ID(4), oemStrength: 4095, updatedStrength: 4095, modality 8, state: 0, cookie: 0, sensorId 4, hasEnrollments: true cannot participate in Keystore operations
03-26 13:18:06.855  3967 14003 D BiometricService: canAuthenticate: User=0, Caller=0, Authenticators=15, opPackageName=com.android.vending
03-26 13:18:06.855  3967 14003 E OplusCustomizeRestrictionManagerService: isBiometricDisabled start
03-26 13:18:06.855  3967 14003 D BiometricService/PreAuthInfo: Package: com.android.vending Sensor ID: 1 Modality: 2 User id: 0 Status: 1
03-26 13:18:06.855  3967 14003 E OplusCustomizeRestrictionManagerService: isBiometricDisabled start
03-26 13:18:06.855  3967 14003 D BiometricService/PreAuthInfo: Package: com.android.vending Sensor ID: 4 Modality: 8 User id: 0 Status: 4
03-26 13:18:06.855  3967 14003 D BiometricService/PreAuthInfo: getCanAuthenticateInternal Modality: 2 AuthenticatorStatus: 1
03-26 13:18:06.855  3967 14003 D AuthService: canAuthenticate, userId: 0, callingUserId: 0, authenticators: 15, result: 0
03-26 13:18:06.914  3967  5028 D osense.compress: com.bt.bms do shrink, target ratio = 45, final ratio = 90, cur ratio = 0
03-26 13:18:06.940  3967  5028 D osense.compress: com.oneplus.gallery do shrink, target ratio = 20, final ratio = 40, cur ratio = 0
03-26 13:18:06.963  3967  5028 D osense.compress: com.makemytrip do shrink, target ratio = 45, final ratio = 90, cur ratio = 0
03-26 13:18:06.967  3967  5028 D osense.compress: com.twitter.android do shrink, target ratio = 45, final ratio = 90, cur ratio = 0
03-26 13:18:07.019  3967 14003 W JobScheduler: Job didn't exist in JobStore: #com.google.android.apps.nbu.files/32671
03-26 13:18:07.192  3967  5028 D osense.compress: com.google.android.googlequicksearchbox do shrink, target ratio = 45, final ratio = 90, cur ratio = 0
03-26 13:18:07.268  3967  7150 V NetworkPolicy: updateNetworkEnabledNL() return
03-26 13:18:07.268  3967  7150 V NetworkPolicy: updateNotificationsNL not process
03-26 13:18:07.270  3967  7399 D NotificationService--OplusNotificationFixHelper: fixAppIcon: pkg=android
03-26 13:18:07.270  3967  7399 D NotificationService--OplusNotificationFixHelper: fixAppIcon: appIcon = null, pkg = android
03-26 13:18:07.270  3967  7399 I OplusStatusBarManagerServiceEnhance:  getTopIsFullscreen mTopIsFullscreen: false
03-26 13:18:07.270  3967  3967 D NotificationService--OplusNotificationManagerServiceExtImpl: isForwardToAssistants: false, case : Is in mMcsNotInterceptPkgList or is isSystemApp
03-26 13:18:07.270  3967  3967 D NotificationService: This application enqueue notifications is not need postDelayed
03-26 13:18:07.743  3967  4246 W QosScheduler: executeSceneQosStrategy failed! qos feature no enable
03-26 13:18:08.162  3967  4317 D VRR [OPlusRefreshRateService]: handleConfigIdChange physicalDisplayId: 4630946640660707475 configId: 5 renderPeriod: 16666667
03-26 13:18:08.165  3967  4317 D VRR [OPlusGameStatusManager]: updateGameState mOSyncFeatureSwitch: false mIsGamePolicy: false
03-26 13:18:08.165  3967  4317 D VRR [OPlusGameStatusManager]: updateGameAccelerationStatus pkgName: com.github.android mOSyncFeatureSwitch: false mIsGamePolicy: false mHeartStop: false mHasFlickerRisk: false mForceAcceleration: false mToastReady: false enable: false
03-26 13:18:08.215  3967  4317 D VRR [OPlusSAManager]: updateAutoMinfps for 4630946640660707475 with nits: 85.22235, mHistOK true, mAmbientOK true, mCctOK true, mIrOK true, mBrightnessOK true, isPkgOK true, SA min fps: 119
03-26 13:18:08.295  3967  4306 D PowerManagerService: userActivityNoUpdateLocked: groupId=0, eventTime=361671684, event=touch, flags=0x0, uid=1000
03-26 13:18:08.295  3967  4306 D PowerManagerService: userActivityNoUpdateLocked: groupId=0, eventTime=361671684, event=touch, flags=0x0, uid=1000
03-26 13:18:08.369  3967  4317 D VRR [OPlusRefreshRateService]: handleConfigIdChange physicalDisplayId: 4630946640660707475 configId: 6 renderPeriod: 11111111
03-26 13:18:08.370  3967  4317 D VRR [OPlusGameStatusManager]: updateGameState mOSyncFeatureSwitch: false mIsGamePolicy: false
03-26 13:18:08.370  3967  4317 D VRR [OPlusGameStatusManager]: updateGameAccelerationStatus pkgName: com.github.android mOSyncFeatureSwitch: false mIsGamePolicy: false mHeartStop: false mHasFlickerRisk: false mForceAcceleration: false mToastReady: false enable: false
03-26 13:18:08.370  3967  4317 D VRR [OPlusExternalRefreshRateManager]:  Display refreshrate :90 , Switch to OTI-HW 
03-26 13:18:08.387  3967  4246 W QosScheduler: executeSceneQosStrategy failed! qos feature no enable
03-26 13:18:08.395  3967  4306 D PowerManagerService: userActivityNoUpdateLocked: groupId=0, eventTime=361671787, event=touch, flags=0x0, uid=1000
03-26 13:18:08.395  3967  4306 D PowerManagerService: userActivityNoUpdateLocked: groupId=0, eventTime=361671787, event=touch, flags=0x0, uid=1000
03-26 13:18:08.420  3967  4317 D VRR [OPlusSAManager]: updateAutoMinfps for 4630946640660707475 with nits: 85.22235, mHistOK true, mAmbientOK true, mCctOK true, mIrOK true, mBrightnessOK true, isPkgOK true, SA min fps: 89
03-26 13:18:08.499  3967  4306 D PowerManagerService: userActivityNoUpdateLocked: groupId=0, eventTime=361671891, event=touch, flags=0x0, uid=1000
03-26 13:18:08.499  3967  4306 D PowerManagerService: userActivityNoUpdateLocked: groupId=0, eventTime=361671891, event=touch, flags=0x0, uid=1000
03-26 13:18:08.652  3967  5180 V AlarmManager: sending alarm Alarm{6022a7f type 1 origWhen 1774511288652 whenElapsed 614474679 android} uid 1000 whenElapsed 614474679 windowLength 0 maxWhenElapsed 614474679 repeatInterval 0 action null component null tag StorgaeBandInfoAlarmTag flags 0x9 procName system_server
03-26 13:18:08.714  3967  4246 W QosScheduler: executeSceneQosStrategy failed! qos feature no enable
03-26 13:18:08.773  3967  4306 D PowerManagerService: userActivityNoUpdateLocked: groupId=0, eventTime=361672163, event=touch, flags=0x0, uid=1000
03-26 13:18:08.774  3967  4306 D PowerManagerService: userActivityNoUpdateLocked: groupId=0, eventTime=361672163, event=touch, flags=0x0, uid=1000
03-26 13:18:08.786  3967  5028 D osense.compress: com.routepix do shrink, target ratio = 10, final ratio = 20, cur ratio = 0
03-26 13:18:08.819  3967  4246 W QosScheduler: executeSceneQosStrategy failed! qos feature no enable
03-26 13:18:08.875  3967  4306 D PowerManagerService: userActivityNoUpdateLocked: groupId=0, eventTime=361672267, event=touch, flags=0x0, uid=1000
03-26 13:18:08.875  3967  4306 D PowerManagerService: userActivityNoUpdateLocked: groupId=0, eventTime=361672267, event=touch, flags=0x0, uid=1000
03-26 13:18:08.924  3967  4317 D VRR [OPlusSAManager]: updateAutoMinfps for 4630946640660707475 with nits: 85.22235, mHistOK true, mAmbientOK true, mCctOK true, mIrOK true, mBrightnessOK true, isPkgOK true, SA min fps: 89
03-26 13:18:08.980  3967  4306 D PowerManagerService: userActivityNoUpdateLocked: groupId=0, eventTime=361672371, event=touch, flags=0x0, uid=1000
03-26 13:18:08.980  3967  4306 D PowerManagerService: userActivityNoUpdateLocked: groupId=0, eventTime=361672371, event=touch, flags=0x0, uid=1000
03-26 13:18:09.003  3967  7648 D OAppNetControlService: Close socket:[10622] cause:App bg(IMMEDIATELY) success!
03-26 13:18:09.003  3967  7648 D OAppNetControlService: Hans update:[10622=true][0|0] blackList:[10375, 10364, 10384, 10409, 10453, 10442, 10412, 10451, 10508, 10475, 10622]
03-26 13:18:09.142  3967  4246 W QosScheduler: executeSceneQosStrategy failed! qos feature no enable
03-26 13:18:09.261  3967  4306 D PowerManagerService: userActivityNoUpdateLocked: groupId=0, eventTime=361672652, event=touch, flags=0x0, uid=1000
03-26 13:18:09.261  3967  4306 D PowerManagerService: userActivityNoUpdateLocked: groupId=0, eventTime=361672652, event=touch, flags=0x0, uid=1000
03-26 13:18:09.300  3967  4246 W QosScheduler: executeSceneQosStrategy failed! qos feature no enable
03-26 13:18:09.364  3967  4306 D PowerManagerService: userActivityNoUpdateLocked: groupId=0, eventTime=361672756, event=touch, flags=0x0, uid=1000
03-26 13:18:09.364  3967  4306 D PowerManagerService: userActivityNoUpdateLocked: groupId=0, eventTime=361672756, event=touch, flags=0x0, uid=1000
03-26 13:18:09.436  8667  9570 W ContextImpl: Calling a method in the system process without a qualified user: android.app.ContextImpl.sendBroadcast:1296 android.content.ContextWrapper.sendBroadcast:521 com.oplus.coex.CoexRfService.sendRrcStatusToWlan:437 com.oplus.coex.CoexRfService.-$$Nest$msendRrcStatusToWlan:0 com.oplus.coex.CoexRfService$CoexRfHandler.handleMessage:327 
03-26 13:18:09.643  3967  4246 W QosScheduler: executeSceneQosStrategy failed! qos feature no enable
03-26 13:18:09.701  3967  4306 D PowerManagerService: userActivityNoUpdateLocked: groupId=0, eventTime=361673092, event=touch, flags=0x0, uid=1000
03-26 13:18:09.702  3967  4306 D PowerManagerService: userActivityNoUpdateLocked: groupId=0, eventTime=361673092, event=touch, flags=0x0, uid=1000
03-26 13:18:09.762  3967  4246 W QosScheduler: executeSceneQosStrategy failed! qos feature no enable
03-26 13:18:09.804  3967  4306 D PowerManagerService: userActivityNoUpdateLocked: groupId=0, eventTime=361673196, event=touch, flags=0x0, uid=1000
03-26 13:18:09.804  3967  4306 D PowerManagerService: userActivityNoUpdateLocked: groupId=0, eventTime=361673196, event=touch, flags=0x0, uid=1000
03-26 13:18:10.149  3967  4306 D PowerManagerService: userActivityNoUpdateLocked: groupId=0, eventTime=361673541, event=touch, flags=0x0, uid=1000
03-26 13:18:10.149  3967  4306 D PowerManagerService: userActivityNoUpdateLocked: groupId=0, eventTime=361673541, event=touch, flags=0x0, uid=1000
03-26 13:18:10.253  3967  4306 D PowerManagerService: userActivityNoUpdateLocked: groupId=0, eventTime=361673645, event=touch, flags=0x0, uid=1000
03-26 13:18:10.254  3967  4306 D PowerManagerService: userActivityNoUpdateLocked: groupId=0, eventTime=361673645, event=touch, flags=0x0, uid=1000
03-26 13:18:10.291  3967  7399 D NotificationService--OplusNotificationFixHelper: fixAppIcon: pkg=android
03-26 13:18:10.291  3967  7399 D NotificationService--OplusNotificationFixHelper: fixAppIcon: appIcon = null, pkg = android
03-26 13:18:10.292  3967  7399 I OplusStatusBarManagerServiceEnhance:  getTopIsFullscreen mTopIsFullscreen: false
03-26 13:18:10.292  3967  3967 D NotificationService--OplusNotificationManagerServiceExtImpl: isForwardToAssistants: false, case : Is in mMcsNotInterceptPkgList or is isSystemApp
03-26 13:18:10.292  3967  3967 D NotificationService: This application enqueue notifications is not need postDelayed
03-26 13:18:10.638  3967  4306 D PowerManagerService: userActivityNoUpdateLocked: groupId=0, eventTime=361674029, event=touch, flags=0x0, uid=1000
03-26 13:18:10.638  3967  4306 D PowerManagerService: userActivityNoUpdateLocked: groupId=0, eventTime=361674029, event=touch, flags=0x0, uid=1000
03-26 13:18:10.655  3967  5180 V AlarmManager: sending alarm Alarm{7c21f5a type 1 origWhen 1774511290655 whenElapsed 614476682 android} uid 1000 whenElapsed 614476682 windowLength 0 maxWhenElapsed 614476682 repeatInterval 0 action null component null tag StorgaeBandInfoAlarmTag flags 0x9 procName system_server
03-26 13:18:10.741  3967  4306 D PowerManagerService: userActivityNoUpdateLocked: groupId=0, eventTime=361674133, event=touch, flags=0x0, uid=1000
03-26 13:18:10.741  3967  4306 D PowerManagerService: userActivityNoUpdateLocked: groupId=0, eventTime=361674133, event=touch, flags=0x0, uid=1000
03-26 13:18:11.174  3967  4306 D PowerManagerService: userActivityNoUpdateLocked: groupId=0, eventTime=361674566, event=touch, flags=0x0, uid=1000
03-26 13:18:11.175  3967  4306 D PowerManagerService: userActivityNoUpdateLocked: groupId=0, eventTime=361674566, event=touch, flags=0x0, uid=1000
03-26 13:18:11.278  3967  4306 D PowerManagerService: userActivityNoUpdateLocked: groupId=0, eventTime=361674670, event=touch, flags=0x0, uid=1000
03-26 13:18:11.279  3967  4306 D PowerManagerService: userActivityNoUpdateLocked: groupId=0, eventTime=361674670, event=touch, flags=0x0, uid=1000
03-26 13:18:11.556  3967  7824 W SettingsStatsUtil: Can not parse value to float: +network
03-26 13:18:11.557  3967  7824 W SettingsStatsUtil: Can not parse value to float: +network
03-26 13:18:11.794  3967  5028 D osense.compress: com.mixplorer do shrink, target ratio = 45, final ratio = 90, cur ratio = 0
03-26 13:18:11.824  3967  4306 D PowerManagerService: userActivityNoUpdateLocked: groupId=0, eventTime=361675216, event=touch, flags=0x0, uid=1000
03-26 13:18:11.825  3967  4306 D PowerManagerService: userActivityNoUpdateLocked: groupId=0, eventTime=361675216, event=touch, flags=0x0, uid=1000
03-26 13:18:11.927  3967  4306 D PowerManagerService: userActivityNoUpdateLocked: groupId=0, eventTime=361675320, event=touch, flags=0x0, uid=1000
03-26 13:18:11.927  3967  4306 D PowerManagerService: userActivityNoUpdateLocked: groupId=0, eventTime=361675320, event=touch, flags=0x0, uid=1000
03-26 13:18:12.032  3967  4306 D PowerManagerService: userActivityNoUpdateLocked: groupId=0, eventTime=361675424, event=touch, flags=0x0, uid=1000
03-26 13:18:12.032  3967  4306 D PowerManagerService: userActivityNoUpdateLocked: groupId=0, eventTime=361675424, event=touch, flags=0x0, uid=1000
03-26 13:18:12.135  3967  4306 D PowerManagerService: userActivityNoUpdateLocked: groupId=0, eventTime=361675528, event=touch, flags=0x0, uid=1000
03-26 13:18:12.136  3967  4306 D PowerManagerService: userActivityNoUpdateLocked: groupId=0, eventTime=361675528, event=touch, flags=0x0, uid=1000
03-26 13:18:12.253  3967  4246 W QosScheduler: executeSceneQosStrategy failed! qos feature no enable
03-26 13:18:12.313  3967  4306 D PowerManagerService: userActivityNoUpdateLocked: groupId=0, eventTime=361675705, event=touch, flags=0x0, uid=1000
03-26 13:18:12.313  3967  4306 D PowerManagerService: userActivityNoUpdateLocked: groupId=0, eventTime=361675705, event=touch, flags=0x0, uid=1000
03-26 13:18:12.408  3967  7824 D ShortcutService: rescanPackageIfNeeded 0@com.whatsapp, forceRescan=false , isNewApp=false
03-26 13:18:12.416  3967  7824 D ShortcutService: rescanPackageIfNeeded 0@com.whatsapp, forceRescan=false , isNewApp=false
03-26 13:18:12.419  3967  7824 D ShortcutService: rescanPackageIfNeeded 0@com.whatsapp, forceRescan=false , isNewApp=false
03-26 13:18:12.419  3967  7824 E ShortcutService: Invalid icon type in shortcut 240204686303376@lid. Bitmaps are not allowed in long-lived shortcuts. Use Resource icons, or Uri-based icons instead.
03-26 13:18:12.436  8667  9570 W ContextImpl: Calling a method in the system process without a qualified user: android.app.ContextImpl.sendBroadcast:1296 android.content.ContextWrapper.sendBroadcast:521 com.oplus.coex.CoexRfService.sendRrcStatusToWlan:437 com.oplus.coex.CoexRfService.-$$Nest$msendRrcStatusToWlan:0 com.oplus.coex.CoexRfService$CoexRfHandler.handleMessage:327 
03-26 13:18:12.517  3967  7332 D ShortcutService: Saving package item com.whatsapp to /data/system_ce/0/shortcut_service/packages/com.whatsapp.xml
03-26 13:18:12.517  3967  4226 W UserManagerService: onShortcutChanged for another profile 0 from 999
03-26 13:18:12.517  3967  4226 D ShortcutService: Getting shortcuts for launcher= com.google.android.asuserId=0 pkg=com.whatsapp
03-26 13:18:12.520  3967  7332 D ShortcutService: Persisting shortcuts from 0@com.whatsapp
03-26 13:18:12.520  3967  7332 D ShortcutService: 92247743807509@lid [Ic-fIc-aStrLiv]
03-26 13:18:12.520  3967  7332 D ShortcutService: 120363407742289816@g.us [Ic-fIc-aStrLiv]
03-26 13:18:12.520  3967  7332 D ShortcutService: 16218434064478@lid [Ic-fIc-aStrLiv]
03-26 13:18:12.520  3967  7332 D ShortcutService: 127599787409581@lid [Ic-fIc-aStrLiv]
03-26 13:18:12.520  3967  7332 D ShortcutService: 19267542081768@lid [Ic-fIc-aStrLiv]
03-26 13:18:12.520  3967  7332 D ShortcutService: 136967211757798@lid [Ic-fIc-aStrLiv]
03-26 13:18:12.520  3967  7332 D ShortcutService: 120363166934396479@g.us [Ic-fIc-aStrLiv]
03-26 13:18:12.520  3967  7332 D ShortcutService: 61508931322099@lid [Ic-fIc-aStrLiv]
03-26 13:18:12.520  3967  7332 D ShortcutService: 273134217339109@lid [Ic-fIc-aStrLiv]
03-26 13:18:12.520  3967  7332 D ShortcutService: 120363297326983102@g.us [Ic-fIc-aStrLiv]
03-26 13:18:12.520  3967  7332 D ShortcutService: 120363316882516592@g.us [Ic-fIc-aStrLiv]
03-26 13:18:12.520  3967  7332 D ShortcutService: 257655104884834@lid [Ic-fIc-aStrLiv]
03-26 13:18:12.520  3967  7332 D ShortcutService: 24374006566964@lid [Ic-fIc-aStrLiv]
03-26 13:18:12.520  3967  7332 D ShortcutService: 120363420194344789@g.us [Ic-fIc-aStrLiv]
03-26 13:18:12.521  3967  4226 D ShortcutService: Getting shortcuts for launcher= com.android.systemuiuserId=0 pkg=com.whatsapp
03-26 13:18:12.521  3967  4226 D ShortcutService: Getting shortcuts for launcher= com.android.launcheruserId=0 pkg=com.whatsapp
03-26 13:18:12.656  3967  5180 V AlarmManager: sending alarm Alarm{20f4e9d type 1 origWhen 1774511292657 whenElapsed 614478683 android} uid 1000 whenElapsed 614478683 windowLength 0 maxWhenElapsed 614478683 repeatInterval 0 action null component null tag StorgaeBandInfoAlarmTag flags 0x9 procName system_server
03-26 13:18:13.157  3967  4306 D PowerManagerService: userActivityNoUpdateLocked: groupId=0, eventTime=361676549, event=touch, flags=0x0, uid=1000
03-26 13:18:13.157  3967  4306 D PowerManagerService: userActivityNoUpdateLocked: groupId=0, eventTime=361676549, event=touch, flags=0x0, uid=1000
03-26 13:18:13.310  3967  7150 V NetworkPolicy: updateNetworkEnabledNL() return
03-26 13:18:13.310  3967  7150 V NetworkPolicy: updateNotificationsNL not process
03-26 13:18:13.315  3967  7399 D NotificationService--OplusNotificationFixHelper: fixAppIcon: pkg=android
03-26 13:18:13.315  3967  7399 D NotificationService--OplusNotificationFixHelper: fixAppIcon: appIcon = null, pkg = android
03-26 13:18:13.315  3967  7399 I OplusStatusBarManagerServiceEnhance:  getTopIsFullscreen mTopIsFullscreen: false
03-26 13:18:13.315  3967  3967 D NotificationService--OplusNotificationManagerServiceExtImpl: isForwardToAssistants: false, case : Is in mMcsNotInterceptPkgList or is isSystemApp
03-26 13:18:13.315  3967  3967 D NotificationService: This application enqueue notifications is not need postDelayed
03-26 13:18:13.425  3967  5162 D ActivityManager: freezing 10662 com.google.android.odad
03-26 13:18:13.426  3967  5162 D ActivityManager: Freeze process 10662, not check file locks
03-26 13:18:13.426  3967  5162 D ActivityManager: reportOneUidFrozenStateChanged uid 10124 frozen = true
03-26 13:18:14.002  3967  5028 D osense.compress: com.routepix do shrink, target ratio = 10, final ratio = 20, cur ratio = 0
03-26 13:18:14.455  3967  4265 D BatteryStatsImplExtImpl: mActiveProcesses size = 77
03-26 13:18:14.657  3967  5180 V AlarmManager: sending alarm Alarm{bd3b61a type 1 origWhen 1774511294657 whenElapsed 614480684 android} uid 1000 whenElapsed 614480684 windowLength 0 maxWhenElapsed 614480684 repeatInterval 0 action null component null tag StorgaeBandInfoAlarmTag flags 0x9 procName system_server
03-26 13:18:15.196  3967  4306 D PowerManagerService: userActivityNoUpdateLocked: groupId=0, eventTime=361678583, event=touch, flags=0x0, uid=1000
03-26 13:18:15.196  3967  4306 D PowerManagerService: userActivityNoUpdateLocked: groupId=0, eventTime=361678583, event=touch, flags=0x0, uid=1000
03-26 13:18:15.230  3967  4246 W QosScheduler: executeSceneQosStrategy failed! qos feature no enable
03-26 13:18:15.441  8667  9570 W ContextImpl: Calling a method in the system process without a qualified user: android.app.ContextImpl.sendBroadcast:1296 android.content.ContextWrapper.sendBroadcast:521 com.oplus.coex.CoexRfService.sendRrcStatusToWlan:437 com.oplus.coex.CoexRfService.-$$Nest$msendRrcStatusToWlan:0 com.oplus.coex.CoexRfService$CoexRfHandler.handleMessage:327 
03-26 13:18:15.793  3967  4306 D PowerManagerService: userActivityNoUpdateLocked: groupId=0, eventTime=361679184, event=touch, flags=0x0, uid=1000
03-26 13:18:15.794  3967  4306 D PowerManagerService: userActivityNoUpdateLocked: groupId=0, eventTime=361679184, event=touch, flags=0x0, uid=1000
03-26 13:18:15.835  3967  7824 W ProcessStats: Tracking association SourceState{9e750f0 com.github.android/10619 BTop #1864963} whose proc state 2 is better than process ProcessState{997d8fa com.google.android.gms/10136 pkg=com.google.android.gms} proc state 14 (30 skipped)
03-26 13:18:16.328  3967  4306 D PowerManagerService: userActivityNoUpdateLocked: groupId=0, eventTime=361679720, event=touch, flags=0x0, uid=1000
03-26 13:18:16.328  3967  4306 D PowerManagerService: userActivityNoUpdateLocked: groupId=0, eventTime=361679720, event=touch, flags=0x0, uid=1000
03-26 13:18:16.334  3967  7399 D NotificationService--OplusNotificationFixHelper: fixAppIcon: pkg=android
03-26 13:18:16.334  3967  7399 D NotificationService--OplusNotificationFixHelper: fixAppIcon: appIcon = null, pkg = android
03-26 13:18:16.334  3967  7399 I OplusStatusBarManagerServiceEnhance:  getTopIsFullscreen mTopIsFullscreen: false
03-26 13:18:16.334  3967  3967 D NotificationService--OplusNotificationManagerServiceExtImpl: isForwardToAssistants: false, case : Is in mMcsNotInterceptPkgList or is isSystemApp
03-26 13:18:16.334  3967  3967 D NotificationService: This application enqueue notifications is not need postDelayed
03-26 13:18:16.432  3967  4306 D PowerManagerService: userActivityNoUpdateLocked: groupId=0, eventTime=361679824, event=touch, flags=0x0, uid=1000
03-26 13:18:16.432  3967  4306 D PowerManagerService: userActivityNoUpdateLocked: groupId=0, eventTime=361679824, event=touch, flags=0x0, uid=1000
03-26 13:18:16.536  3967  4306 D PowerManagerService: userActivityNoUpdateLocked: groupId=0, eventTime=361679929, event=touch, flags=0x0, uid=1000
03-26 13:18:16.537  3967  4306 D PowerManagerService: userActivityNoUpdateLocked: groupId=0, eventTime=361679929, event=touch, flags=0x0, uid=1000
03-26 13:18:16.640  3967  4306 D PowerManagerService: userActivityNoUpdateLocked: groupId=0, eventTime=361680033, event=touch, flags=0x0, uid=1000
03-26 13:18:16.640  3967  4306 D PowerManagerService: userActivityNoUpdateLocked: groupId=0, eventTime=361680033, event=touch, flags=0x0, uid=1000
03-26 13:18:16.659  3967  5180 V AlarmManager: sending alarm Alarm{5a1b318 type 1 origWhen 1774511296660 whenElapsed 614482686 android} uid 1000 whenElapsed 614482686 windowLength 0 maxWhenElapsed 614482686 repeatInterval 0 action null component null tag StorgaeBandInfoAlarmTag flags 0x9 procName system_server
03-26 13:18:16.681  3967  7648 D OAppNetControlService: Close socket:[10532] cause:App bg(IMMEDIATELY) success!
03-26 13:18:16.681  3967  7648 D OAppNetControlService: Hans update:[10532=true][0|0] blackList:[10375, 10364, 10384, 10409, 10453, 10442, 10412, 10451, 10508, 10475, 10622, 10532]
03-26 13:18:16.930  3967  4306 D PowerManagerService: userActivityNoUpdateLocked: groupId=0, eventTime=361680321, event=touch, flags=0x0, uid=1000
03-26 13:18:16.930  3967  4306 D PowerManagerService: userActivityNoUpdateLocked: groupId=0, eventTime=361680321, event=touch, flags=0x0, uid=1000
03-26 13:18:16.954  3967  4246 W QosScheduler: executeSceneQosStrategy failed! qos feature no enable
03-26 13:18:17.001  3967  4246 W QosScheduler: executeSceneQosStrategy failed! qos feature no enable
03-26 13:18:17.033  3967  4306 D PowerManagerService: userActivityNoUpdateLocked: groupId=0, eventTime=361680425, event=touch, flags=0x0, uid=1000
03-26 13:18:17.033  3967  4306 D PowerManagerService: userActivityNoUpdateLocked: groupId=0, eventTime=361680425, event=touch, flags=0x0, uid=1000
03-26 13:18:17.137  3967  4306 D PowerManagerService: userActivityNoUpdateLocked: groupId=0, eventTime=361680529, event=touch, flags=0x0, uid=1000
03-26 13:18:17.138  3967  4306 D PowerManagerService: userActivityNoUpdateLocked: groupId=0, eventTime=361680529, event=touch, flags=0x0, uid=1000
03-26 13:18:17.344  1229 10318 I keystore2: system/security/keystore2/watchdog/src/lib.rs:377 - Watchdog thread idle -> terminating. Have a great day.
03-26 13:18:17.468  3967  4306 D PowerManagerService: userActivityNoUpdateLocked: groupId=0, eventTime=361680858, event=touch, flags=0x0, uid=1000
03-26 13:18:17.468  3967  4306 D PowerManagerService: userActivityNoUpdateLocked: groupId=0, eventTime=361680858, event=touch, flags=0x0, uid=1000
03-26 13:18:17.570  3967  4306 D PowerManagerService: userActivityNoUpdateLocked: groupId=0, eventTime=361680962, event=touch, flags=0x0, uid=1000
03-26 13:18:17.570  3967  4306 D PowerManagerService: userActivityNoUpdateLocked: groupId=0, eventTime=361680962, event=touch, flags=0x0, uid=1000
03-26 13:18:17.674  3967  4306 D PowerManagerService: userActivityNoUpdateLocked: groupId=0, eventTime=361681066, event=touch, flags=0x0, uid=1000
03-26 13:18:17.675  3967  4306 D PowerManagerService: userActivityNoUpdateLocked: groupId=0, eventTime=361681066, event=touch, flags=0x0, uid=1000
03-26 13:18:17.910  3967  4246 W QosScheduler: executeSceneQosStrategy failed! qos feature no enable
03-26 13:18:18.003  3967  4306 D PowerManagerService: userActivityNoUpdateLocked: groupId=0, eventTime=361681394, event=touch, flags=0x0, uid=1000
03-26 13:18:18.005  3967  4306 D PowerManagerService: userActivityNoUpdateLocked: groupId=0, eventTime=361681394, event=touch, flags=0x0, uid=1000
03-26 13:18:18.067  3967  4246 W QosScheduler: executeSceneQosStrategy failed! qos feature no enable
03-26 13:18:18.108  3967  4306 D PowerManagerService: userActivityNoUpdateLocked: groupId=0, eventTime=361681499, event=touch, flags=0x0, uid=1000
03-26 13:18:18.109  3967  4306 D PowerManagerService: userActivityNoUpdateLocked: groupId=0, eventTime=361681499, event=touch, flags=0x0, uid=1000
03-26 13:18:18.210  3967  4306 D PowerManagerService: userActivityNoUpdateLocked: groupId=0, eventTime=361681603, event=touch, flags=0x0, uid=1000
03-26 13:18:18.210  3967  4306 D PowerManagerService: userActivityNoUpdateLocked: groupId=0, eventTime=361681603, event=touch, flags=0x0, uid=1000
03-26 13:18:18.272  3967  4246 I UserAwareMgr: handleAppChangedToBg, pkgName: com.github.android, pid: 28585
03-26 13:18:18.272  3967  4246 W UserAwareMgr: app not not found or not visible: null
03-26 13:18:18.272  3967  4246 W UserAwareMgr: handleAppChangedToBg process is empty
03-26 13:18:18.274  3967  8826 I ActivityManager: Killing 28585:com.google.android.webview:sandboxed_process0:org.chromium.content.app.SandboxedProcessService0:0/u0a619i23 (adj 0): isolated not needed
03-26 13:18:18.296  3967 14003 I ActivityManager: Death received, pid = 28585, processName = com.google.android.webview:sandboxed_process0:org.chromium.content.app.SandboxedProcessService0:0 for thread android.os.BinderProxy@72de8e1
03-26 13:18:18.299  3967  4265 D BatteryExternalStatsWorker: begin updateExternalStatsSync reason=remove-uid flag:1
03-26 13:18:18.327  3967  4265 D BatteryExternalStatsWorker: end updateExternalStatsSync
03-26 13:18:18.564  3967  4306 D PowerManagerService: userActivityNoUpdateLocked: groupId=0, eventTime=361681955, event=touch, flags=0x0, uid=1000
03-26 13:18:18.565  3967  4306 D PowerManagerService: userActivityNoUpdateLocked: groupId=0, eventTime=361681955, event=touch, flags=0x0, uid=1000
03-26 13:18:18.659  3967  5180 V AlarmManager: sending alarm Alarm{c471663 type 1 origWhen 1774511298660 whenElapsed 614484686 android} uid 1000 whenElapsed 614484686 windowLength 0 maxWhenElapsed 614484686 repeatInterval 0 action null component null tag StorgaeBandInfoAlarmTag flags 0x9 procName system_server
03-26 13:18:18.667  3967  4306 D PowerManagerService: userActivityNoUpdateLocked: groupId=0, eventTime=361682059, event=touch, flags=0x0, uid=1000
03-26 13:18:18.668  3967  4306 D PowerManagerService: userActivityNoUpdateLocked: groupId=0, eventTime=361682059, event=touch, flags=0x0, uid=1000
03-26 13:18:18.796  3967  4306 D PowerManagerService: userActivityNoUpdateLocked: groupId=0, eventTime=361682188, event=touch, flags=0x0, uid=1000
03-26 13:18:18.797  3967  4306 D PowerManagerService: userActivityNoUpdateLocked: groupId=0, eventTime=361682188, event=touch, flags=0x0, uid=1000
03-26 13:18:18.977  3967  4246 W QosScheduler: executeSceneQosStrategy failed! qos feature no enable
03-26 13:18:19.311  3967  4306 D PowerManagerService: userActivityNoUpdateLocked: groupId=0, eventTime=361682702, event=touch, flags=0x0, uid=1000
03-26 13:18:19.312  3967  4306 D PowerManagerService: userActivityNoUpdateLocked: groupId=0, eventTime=361682702, event=touch, flags=0x0, uid=1000
03-26 13:18:19.356  3967  4246 W QosScheduler: executeSceneQosStrategy failed! qos feature no enable
03-26 13:18:19.398  3967  7150 V NetworkPolicy: updateNetworkEnabledNL() return
03-26 13:18:19.398  3967  7150 V NetworkPolicy: updateNotificationsNL not process
03-26 13:18:19.409  3967  7399 D NotificationService--OplusNotificationFixHelper: fixAppIcon: pkg=android
03-26 13:18:19.409  3967  7399 D NotificationService--OplusNotificationFixHelper: fixAppIcon: appIcon = null, pkg = android
03-26 13:18:19.410  3967  7399 I OplusStatusBarManagerServiceEnhance:  getTopIsFullscreen mTopIsFullscreen: false
03-26 13:18:19.410  3967  3967 D NotificationService--OplusNotificationManagerServiceExtImpl: isForwardToAssistants: false, case : Is in mMcsNotInterceptPkgList or is isSystemApp
03-26 13:18:19.410  3967  3967 D NotificationService: This application enqueue notifications is not need postDelayed
03-26 13:18:19.412  3967  4306 D PowerManagerService: userActivityNoUpdateLocked: groupId=0, eventTime=361682805, event=touch, flags=0x0, uid=1000
03-26 13:18:19.412  3967  4306 D PowerManagerService: userActivityNoUpdateLocked: groupId=0, eventTime=361682805, event=touch, flags=0x0, uid=1000
03-26 13:18:19.517  3967  4306 D PowerManagerService: userActivityNoUpdateLocked: groupId=0, eventTime=361682909, event=touch, flags=0x0, uid=1000
03-26 13:18:19.518  3967  4306 D PowerManagerService: userActivityNoUpdateLocked: groupId=0, eventTime=361682909, event=touch, flags=0x0, uid=1000
03-26 13:18:19.621  3967  4306 D PowerManagerService: userActivityNoUpdateLocked: groupId=0, eventTime=361683013, event=touch, flags=0x0, uid=1000
03-26 13:18:19.621  3967  4306 D PowerManagerService: userActivityNoUpdateLocked: groupId=0, eventTime=361683013, event=touch, flags=0x0, uid=1000
03-26 13:18:19.694  3967  4246 W QosScheduler: executeSceneQosStrategy failed! qos feature no enable
03-26 13:18:19.916  3967 13936 D OplusProxyWakeLock: acquireProxyWakeLock failed, prevent uid: 10136 tag:GOOGL...   WorkSource{10364 com.zeptoconsumerapp} result: TAG_ILLEGAL
03-26 13:18:19.918  3967  7648 D OAppNetControlService: Hans update:[10364=false][0|0] blackList:[10375, 10384, 10409, 10453, 10442, 10412, 10451, 10508, 10475, 10622, 10532]
03-26 13:18:19.931  1317  1317 D ActivityThread: Package [com.routepix] reported as REPLACED, but missing application info. Assuming REMOVED.
03-26 13:18:19.932  1317  1317 D ActivityThread: Package [com.routepix] reported as REPLACED, but missing application info. Assuming REMOVED.
03-26 13:18:19.933  1317  1317 D ActivityThread: Package [com.routepix] reported as REPLACED, but missing application info. Assuming REMOVED.
03-26 13:18:19.935  1317  1317 D ActivityThread: Package [com.routepix] reported as REPLACED, but missing application info. Assuming REMOVED.
03-26 13:18:19.995  3967  8826 D NotificationService--OplusNotificationFixHelper: fixAppIcon: pkg=com.zeptoconsumerapp
03-26 13:18:19.995  3967  8826 D NotificationService--OplusNotificationFixHelper: fixAppIcon: appIcon = null, pkg = com.zeptoconsumerapp
03-26 13:18:19.995  3967  8826 I OplusStatusBarManagerServiceEnhance:  getTopIsFullscreen mTopIsFullscreen: false
03-26 13:18:19.995  3967  8826 W ActivityManager: Permission Denial: getTopApplicationInfo from pid=1317, uid=10364 requires oplus.permission.OPLUS_COMPONENT_SAFE
03-26 13:18:19.995  3967  3967 D NotificationService--OplusNotificationManagerServiceExtImpl: isForwardToAssistants: true, case : Is local notification
03-26 13:18:19.995  3967  3967 D NotificationService: This application enqueue notifications is need postDelayed mcsAssistantDelayTime: 200
03-26 13:18:19.997  3967  3967 I OplusStatusBarManagerServiceEnhance:  getTopIsFullscreen mTopIsFullscreen: false
03-26 13:18:19.997  3967  3967 I AS.AudioService: shouldNotificationSoundPlay false: muted stream:5 attr:AudioAttributes: usage=USAGE_NOTIFICATION content=CONTENT_TYPE_SONIFICATION flags=0x800 tags= bundle=null
